Archive member included to satisfy reference by file (symbol)

D:\c4m\robot\robot\libc4m.a(device.o)
                              main.o (C4M_DEVICE_set)
D:\c4m\robot\robot\libc4m.a(std_isr.o)
                              (USE_C4MLIB_STD_ISR)
D:\c4m\robot\robot\libc4m.a(hal_uart.o)
                              D:\c4m\robot\robot\libc4m.a(std_isr.o) (UART1_Inst)
D:\c4m\robot\robot\libc4m.a(hal_spi.o)
                              D:\c4m\robot\robot\libc4m.a(std_isr.o) (SPI_SlaveInst)
D:\c4m\robot\robot\libc4m.a(tim.o)
                              RC16M128_Lib.o (TIM_fpt)
D:\c4m\robot\robot\libc4m.a(isr.o)
                              (USE_C4MLIB_INTERRUPT)
D:\c4m\robot\robot\libc4m.a(eeprom.o)
                              D:\c4m\robot\robot\libc4m.a(device.o) (EEPROM_get)
D:\c4m\robot\robot\libc4m.a(ext_imp.o)
                              D:\c4m\robot\robot\libc4m.a(std_isr.o) (ExtIntStrList_p)
D:\c4m\robot\robot\libc4m.a(pwm_imp.o)
                              D:\c4m\robot\robot\libc4m.a(std_isr.o) (PwmIntStrList_p)
D:\c4m\robot\robot\libc4m.a(twi_imp.o)
                              D:\c4m\robot\robot\libc4m.a(std_isr.o) (TwiIntStrList_p)
D:\c4m\robot\robot\libc4m.a(uart_imp.o)
                              D:\c4m\robot\robot\libc4m.a(std_isr.o) (UartRxIntStrList_p)
D:\c4m\robot\robot\libc4m.a(spi_imp.o)
                              D:\c4m\robot\robot\libc4m.a(std_isr.o) (SpiIntStrList_p)
D:\c4m\robot\robot\libc4m.a(tim_imp.o)
                              D:\c4m\robot\robot\libc4m.a(std_isr.o) (TimIntStrList_p)
D:\c4m\robot\robot\libc4m.a(adc_imp.o)
                              D:\c4m\robot\robot\libc4m.a(std_isr.o) (AdcIntStrList_p)
D:\c4m\robot\robot\libc4m.a(hardware_interrupt.o)
                              D:\c4m\robot\robot\libc4m.a(std_isr.o) (HWInt_step)
D:\c4m\robot\robot\libc4m.a(stdio.o)
                              D:\c4m\robot\robot\libc4m.a(device.o) (C4M_STDIO_init)
D:\c4m\robot\robot\libc4m.a(hal_time.o)
                              D:\c4m\robot\robot\libc4m.a(hal_uart.o) (HAL_get_expired_time_ms)
D:\c4m\robot\robot\libc4m.a(asabus.o)
                              D:\c4m\robot\robot\libc4m.a(hal_spi.o) (ASABUS_ID_set)
c:/program files (x86)/atmel/studio/7.0/toolchain/avr8/avr8-gnu-toolchain/bin/../lib/gcc/avr/5.4.0/avr51\libgcc.a(_divmodhi4.o)
                              main.o (__divmodhi4)
c:/program files (x86)/atmel/studio/7.0/toolchain/avr8/avr8-gnu-toolchain/bin/../lib/gcc/avr/5.4.0/avr51\libgcc.a(_udivmodsi4.o)
                              D:\c4m\robot\robot\libc4m.a(hal_time.o) (__udivmodsi4)
c:/program files (x86)/atmel/studio/7.0/toolchain/avr8/avr8-gnu-toolchain/bin/../lib/gcc/avr/5.4.0/avr51\libgcc.a(_exit.o)
                              c:/program files (x86)/atmel/studio/7.0/toolchain/avr8/avr8-gnu-toolchain/bin/../lib/gcc/avr/5.4.0/../../../../avr/lib/avr51/crtatmega128.o (exit)
c:/program files (x86)/atmel/studio/7.0/toolchain/avr8/avr8-gnu-toolchain/bin/../lib/gcc/avr/5.4.0/avr51\libgcc.a(_copy_data.o)
                              main.o (__do_copy_data)
c:/program files (x86)/atmel/studio/7.0/toolchain/avr8/avr8-gnu-toolchain/bin/../lib/gcc/avr/5.4.0/avr51\libgcc.a(_clear_bss.o)
                              main.o (__do_clear_bss)
c:/program files (x86)/atmel/studio/7.0/toolchain/avr8/avr8-gnu-toolchain/bin/../lib/gcc/avr/5.4.0/avr51\libgcc.a(_udivmodhi4.o)
                              c:/program files (x86)/atmel/studio/7.0/toolchain/avr8/avr8-gnu-toolchain/bin/../lib/gcc/avr/5.4.0/avr51\libgcc.a(_divmodhi4.o) (__udivmodhi4)
c:/program files (x86)/atmel/studio/7.0/toolchain/avr8/avr8-gnu-toolchain/bin/../lib/gcc/avr/5.4.0/../../../../avr/lib/avr51\libc.a(iob.o)
                              D:\c4m\robot\robot\libc4m.a(stdio.o) (__iob)
c:/program files (x86)/atmel/studio/7.0/toolchain/avr8/avr8-gnu-toolchain/bin/../lib/gcc/avr/5.4.0/../../../../avr/lib/avr51\libc.a(vfprintf_std.o)
                              (vfprintf)
c:/program files (x86)/atmel/studio/7.0/toolchain/avr8/avr8-gnu-toolchain/bin/../lib/gcc/avr/5.4.0/../../../../avr/lib/avr51\libc.a(vfscanf_std.o)
                              (vfscanf)
c:/program files (x86)/atmel/studio/7.0/toolchain/avr8/avr8-gnu-toolchain/bin/../lib/gcc/avr/5.4.0/../../../../avr/lib/avr51\libc.a(isspace.o)
                              c:/program files (x86)/atmel/studio/7.0/toolchain/avr8/avr8-gnu-toolchain/bin/../lib/gcc/avr/5.4.0/../../../../avr/lib/avr51\libc.a(vfscanf_std.o) (isspace)
c:/program files (x86)/atmel/studio/7.0/toolchain/avr8/avr8-gnu-toolchain/bin/../lib/gcc/avr/5.4.0/../../../../avr/lib/avr51\libc.a(strchr_P.o)
                              c:/program files (x86)/atmel/studio/7.0/toolchain/avr8/avr8-gnu-toolchain/bin/../lib/gcc/avr/5.4.0/../../../../avr/lib/avr51\libc.a(vfscanf_std.o) (strchr_P)
c:/program files (x86)/atmel/studio/7.0/toolchain/avr8/avr8-gnu-toolchain/bin/../lib/gcc/avr/5.4.0/../../../../avr/lib/avr51\libc.a(strnlen_P.o)
                              c:/program files (x86)/atmel/studio/7.0/toolchain/avr8/avr8-gnu-toolchain/bin/../lib/gcc/avr/5.4.0/../../../../avr/lib/avr51\libc.a(vfprintf_std.o) (strnlen_P)
c:/program files (x86)/atmel/studio/7.0/toolchain/avr8/avr8-gnu-toolchain/bin/../lib/gcc/avr/5.4.0/../../../../avr/lib/avr51\libc.a(strnlen.o)
                              c:/program files (x86)/atmel/studio/7.0/toolchain/avr8/avr8-gnu-toolchain/bin/../lib/gcc/avr/5.4.0/../../../../avr/lib/avr51\libc.a(vfprintf_std.o) (strnlen)
c:/program files (x86)/atmel/studio/7.0/toolchain/avr8/avr8-gnu-toolchain/bin/../lib/gcc/avr/5.4.0/../../../../avr/lib/avr51\libc.a(fgetc.o)
                              c:/program files (x86)/atmel/studio/7.0/toolchain/avr8/avr8-gnu-toolchain/bin/../lib/gcc/avr/5.4.0/../../../../avr/lib/avr51\libc.a(vfscanf_std.o) (fgetc)
c:/program files (x86)/atmel/studio/7.0/toolchain/avr8/avr8-gnu-toolchain/bin/../lib/gcc/avr/5.4.0/../../../../avr/lib/avr51\libc.a(fputc.o)
                              c:/program files (x86)/atmel/studio/7.0/toolchain/avr8/avr8-gnu-toolchain/bin/../lib/gcc/avr/5.4.0/../../../../avr/lib/avr51\libc.a(vfprintf_std.o) (fputc)
c:/program files (x86)/atmel/studio/7.0/toolchain/avr8/avr8-gnu-toolchain/bin/../lib/gcc/avr/5.4.0/../../../../avr/lib/avr51\libc.a(ungetc.o)
                              c:/program files (x86)/atmel/studio/7.0/toolchain/avr8/avr8-gnu-toolchain/bin/../lib/gcc/avr/5.4.0/../../../../avr/lib/avr51\libc.a(vfscanf_std.o) (ungetc)
c:/program files (x86)/atmel/studio/7.0/toolchain/avr8/avr8-gnu-toolchain/bin/../lib/gcc/avr/5.4.0/../../../../avr/lib/avr51\libc.a(ultoa_invert.o)
                              c:/program files (x86)/atmel/studio/7.0/toolchain/avr8/avr8-gnu-toolchain/bin/../lib/gcc/avr/5.4.0/../../../../avr/lib/avr51\libc.a(vfprintf_std.o) (__ultoa_invert)
c:/program files (x86)/atmel/studio/7.0/toolchain/avr8/avr8-gnu-toolchain/bin/../lib/gcc/avr/5.4.0/../../../../avr/lib/avr51\libc.a(cty_isfalse.o)
                              c:/program files (x86)/atmel/studio/7.0/toolchain/avr8/avr8-gnu-toolchain/bin/../lib/gcc/avr/5.4.0/../../../../avr/lib/avr51\libc.a(isspace.o) (__ctype_isfalse)
c:/program files (x86)/atmel/studio/7.0/toolchain/avr8/avr8-gnu-toolchain/bin/../lib/gcc/avr/5.4.0/../../../../avr/lib/avr51\libatmega128.a(eerd_block.o)
                              D:\c4m\robot\robot\libc4m.a(eeprom.o) (eeprom_read_block)
c:/program files (x86)/atmel/studio/7.0/toolchain/avr8/avr8-gnu-toolchain/bin/../lib/gcc/avr/5.4.0/../../../../avr/lib/avr51\libatmega128.a(eewr_block.o)
                              D:\c4m\robot\robot\libc4m.a(eeprom.o) (eeprom_write_block)
c:/program files (x86)/atmel/studio/7.0/toolchain/avr8/avr8-gnu-toolchain/bin/../lib/gcc/avr/5.4.0/../../../../avr/lib/avr51\libatmega128.a(eewr_byte.o)
                              c:/program files (x86)/atmel/studio/7.0/toolchain/avr8/avr8-gnu-toolchain/bin/../lib/gcc/avr/5.4.0/../../../../avr/lib/avr51\libatmega128.a(eewr_block.o) (eeprom_write_r18)

Allocating common symbols
Common symbol       size              file

ASAConfigStr_inst   0x1               D:\c4m\robot\robot\libc4m.a(device.o)
PwmIntStrList_p     0x8               D:\c4m\robot\robot\libc4m.a(pwm_imp.o)
TwiIntStrList_p     0x2               D:\c4m\robot\robot\libc4m.a(twi_imp.o)
SpiIntStrList_p     0x2               D:\c4m\robot\robot\libc4m.a(spi_imp.o)
k                   0x2               main.o
ExtIntStrList_p     0x10              D:\c4m\robot\robot\libc4m.a(ext_imp.o)
UartRxIntStrList_p  0x4               D:\c4m\robot\robot\libc4m.a(uart_imp.o)
TimIntStrList_p     0x8               D:\c4m\robot\robot\libc4m.a(tim_imp.o)
AdcIntStrList_p     0x2               D:\c4m\robot\robot\libc4m.a(adc_imp.o)
TimerCntStr_inst    0xb5              main.o
HAL_time_global     0x4               D:\c4m\robot\robot\libc4m.a(hal_time.o)
UartTxIntStrList_p  0x4               D:\c4m\robot\robot\libc4m.a(uart_imp.o)
__iob               0x6               c:/program files (x86)/atmel/studio/7.0/toolchain/avr8/avr8-gnu-toolchain/bin/../lib/gcc/avr/5.4.0/../../../../avr/lib/avr51\libc.a(iob.o)

Discarded input sections

 .text          0x00000000        0x4 c:/program files (x86)/atmel/studio/7.0/toolchain/avr8/avr8-gnu-toolchain/bin/../lib/gcc/avr/5.4.0/../../../../avr/lib/avr51/crtatmega128.o
 .data          0x00000000        0x0 c:/program files (x86)/atmel/studio/7.0/toolchain/avr8/avr8-gnu-toolchain/bin/../lib/gcc/avr/5.4.0/../../../../avr/lib/avr51/crtatmega128.o
 .bss           0x00000000        0x0 c:/program files (x86)/atmel/studio/7.0/toolchain/avr8/avr8-gnu-toolchain/bin/../lib/gcc/avr/5.4.0/../../../../avr/lib/avr51/crtatmega128.o
 .text          0x00000000        0x0 main.o
 .data          0x00000000        0x0 main.o
 .bss           0x00000000        0x0 main.o
 .text.interpolation_method
                0x00000000      0x10e main.o
 .text.arm      0x00000000       0x1a main.o
 .text.waist    0x00000000        0x2 main.o
 .text.head     0x00000000        0x2 main.o
 .text.leg      0x00000000        0x2 main.o
 .bss.legmove   0x00000000       0x10 main.o
 .bss.headmove  0x00000000       0x10 main.o
 .bss.waistmove
                0x00000000       0x10 main.o
 .bss.armmove   0x00000000       0x10 main.o
 COMMON         0x00000000       0xb7 main.o
 .text          0x00000000        0x0 RC16M128_Lib.o
 .data          0x00000000        0x0 RC16M128_Lib.o
 .bss           0x00000000        0x0 RC16M128_Lib.o
 .text.RC16M128_Servo_get
                0x00000000       0xe2 RC16M128_Lib.o
 .bss.ServoEnableSetRegisterH
                0x00000000        0x1 RC16M128_Lib.o
 .bss.ServoEnableSetRegisterL
                0x00000000        0x1 RC16M128_Lib.o
 .bss.ServoPWMOutputDataH
                0x00000000        0x1 RC16M128_Lib.o
 .bss.ServoPWMOutputDataL
                0x00000000        0x1 RC16M128_Lib.o
 .data          0x00000000        0x0 D:\c4m\robot\robot\libc4m.a(device.o)
 .bss           0x00000000        0x0 D:\c4m\robot\robot\libc4m.a(device.o)
 .data          0x00000000        0x0 D:\c4m\robot\robot\libc4m.a(std_isr.o)
 .bss           0x00000000        0x0 D:\c4m\robot\robot\libc4m.a(std_isr.o)
 .bss           0x00000000        0x0 D:\c4m\robot\robot\libc4m.a(hal_spi.o)
 .data          0x00000000        0x0 D:\c4m\robot\robot\libc4m.a(tim.o)
 .bss           0x00000000        0x0 D:\c4m\robot\robot\libc4m.a(tim.o)
 .data          0x00000000        0x0 D:\c4m\robot\robot\libc4m.a(isr.o)
 .bss           0x00000000        0x0 D:\c4m\robot\robot\libc4m.a(isr.o)
 .data          0x00000000        0x0 D:\c4m\robot\robot\libc4m.a(eeprom.o)
 .bss           0x00000000        0x0 D:\c4m\robot\robot\libc4m.a(eeprom.o)
 .text          0x00000000        0x0 D:\c4m\robot\robot\libc4m.a(ext_imp.o)
 .data          0x00000000        0x0 D:\c4m\robot\robot\libc4m.a(ext_imp.o)
 .bss           0x00000000        0x0 D:\c4m\robot\robot\libc4m.a(ext_imp.o)
 .text          0x00000000        0x0 D:\c4m\robot\robot\libc4m.a(pwm_imp.o)
 .data          0x00000000        0x0 D:\c4m\robot\robot\libc4m.a(pwm_imp.o)
 .bss           0x00000000        0x0 D:\c4m\robot\robot\libc4m.a(pwm_imp.o)
 .text          0x00000000        0x0 D:\c4m\robot\robot\libc4m.a(twi_imp.o)
 .data          0x00000000        0x0 D:\c4m\robot\robot\libc4m.a(twi_imp.o)
 .bss           0x00000000        0x0 D:\c4m\robot\robot\libc4m.a(twi_imp.o)
 .text          0x00000000        0x0 D:\c4m\robot\robot\libc4m.a(uart_imp.o)
 .data          0x00000000        0x0 D:\c4m\robot\robot\libc4m.a(uart_imp.o)
 .bss           0x00000000        0x0 D:\c4m\robot\robot\libc4m.a(uart_imp.o)
 .text          0x00000000        0x0 D:\c4m\robot\robot\libc4m.a(spi_imp.o)
 .data          0x00000000        0x0 D:\c4m\robot\robot\libc4m.a(spi_imp.o)
 .bss           0x00000000        0x0 D:\c4m\robot\robot\libc4m.a(spi_imp.o)
 .text          0x00000000        0x0 D:\c4m\robot\robot\libc4m.a(tim_imp.o)
 .data          0x00000000        0x0 D:\c4m\robot\robot\libc4m.a(tim_imp.o)
 .bss           0x00000000        0x0 D:\c4m\robot\robot\libc4m.a(tim_imp.o)
 .text          0x00000000        0x0 D:\c4m\robot\robot\libc4m.a(adc_imp.o)
 .data          0x00000000        0x0 D:\c4m\robot\robot\libc4m.a(adc_imp.o)
 .bss           0x00000000        0x0 D:\c4m\robot\robot\libc4m.a(adc_imp.o)
 .data          0x00000000        0x0 D:\c4m\robot\robot\libc4m.a(hardware_interrupt.o)
 .bss           0x00000000        0x0 D:\c4m\robot\robot\libc4m.a(hardware_interrupt.o)
 .bss           0x00000000        0x0 D:\c4m\robot\robot\libc4m.a(stdio.o)
 .data          0x00000000        0x0 D:\c4m\robot\robot\libc4m.a(hal_time.o)
 .bss           0x00000000        0x0 D:\c4m\robot\robot\libc4m.a(hal_time.o)
 .data          0x00000000        0x0 D:\c4m\robot\robot\libc4m.a(asabus.o)
 .bss           0x00000000        0x0 D:\c4m\robot\robot\libc4m.a(asabus.o)
 .text          0x00000000        0x0 c:/program files (x86)/atmel/studio/7.0/toolchain/avr8/avr8-gnu-toolchain/bin/../lib/gcc/avr/5.4.0/avr51\libgcc.a(_divmodhi4.o)
 .data          0x00000000        0x0 c:/program files (x86)/atmel/studio/7.0/toolchain/avr8/avr8-gnu-toolchain/bin/../lib/gcc/avr/5.4.0/avr51\libgcc.a(_divmodhi4.o)
 .bss           0x00000000        0x0 c:/program files (x86)/atmel/studio/7.0/toolchain/avr8/avr8-gnu-toolchain/bin/../lib/gcc/avr/5.4.0/avr51\libgcc.a(_divmodhi4.o)
 .text.libgcc.mul
                0x00000000        0x0 c:/program files (x86)/atmel/studio/7.0/toolchain/avr8/avr8-gnu-toolchain/bin/../lib/gcc/avr/5.4.0/avr51\libgcc.a(_divmodhi4.o)
 .text.libgcc.div
                0x00000000       0x28 c:/program files (x86)/atmel/studio/7.0/toolchain/avr8/avr8-gnu-toolchain/bin/../lib/gcc/avr/5.4.0/avr51\libgcc.a(_divmodhi4.o)
 .text.libgcc   0x00000000        0x0 c:/program files (x86)/atmel/studio/7.0/toolchain/avr8/avr8-gnu-toolchain/bin/../lib/gcc/avr/5.4.0/avr51\libgcc.a(_divmodhi4.o)
 .text.libgcc.prologue
                0x00000000        0x0 c:/program files (x86)/atmel/studio/7.0/toolchain/avr8/avr8-gnu-toolchain/bin/../lib/gcc/avr/5.4.0/avr51\libgcc.a(_divmodhi4.o)
 .text.libgcc.builtins
                0x00000000        0x0 c:/program files (x86)/atmel/studio/7.0/toolchain/avr8/avr8-gnu-toolchain/bin/../lib/gcc/avr/5.4.0/avr51\libgcc.a(_divmodhi4.o)
 .text.libgcc.fmul
                0x00000000        0x0 c:/program files (x86)/atmel/studio/7.0/toolchain/avr8/avr8-gnu-toolchain/bin/../lib/gcc/avr/5.4.0/avr51\libgcc.a(_divmodhi4.o)
 .text.libgcc.fixed
                0x00000000        0x0 c:/program files (x86)/atmel/studio/7.0/toolchain/avr8/avr8-gnu-toolchain/bin/../lib/gcc/avr/5.4.0/avr51\libgcc.a(_divmodhi4.o)
 .text          0x00000000        0x0 c:/program files (x86)/atmel/studio/7.0/toolchain/avr8/avr8-gnu-toolchain/bin/../lib/gcc/avr/5.4.0/avr51\libgcc.a(_udivmodsi4.o)
 .data          0x00000000        0x0 c:/program files (x86)/atmel/studio/7.0/toolchain/avr8/avr8-gnu-toolchain/bin/../lib/gcc/avr/5.4.0/avr51\libgcc.a(_udivmodsi4.o)
 .bss           0x00000000        0x0 c:/program files (x86)/atmel/studio/7.0/toolchain/avr8/avr8-gnu-toolchain/bin/../lib/gcc/avr/5.4.0/avr51\libgcc.a(_udivmodsi4.o)
 .text.libgcc.mul
                0x00000000        0x0 c:/program files (x86)/atmel/studio/7.0/toolchain/avr8/avr8-gnu-toolchain/bin/../lib/gcc/avr/5.4.0/avr51\libgcc.a(_udivmodsi4.o)
 .text.libgcc   0x00000000        0x0 c:/program files (x86)/atmel/studio/7.0/toolchain/avr8/avr8-gnu-toolchain/bin/../lib/gcc/avr/5.4.0/avr51\libgcc.a(_udivmodsi4.o)
 .text.libgcc.prologue
                0x00000000        0x0 c:/program files (x86)/atmel/studio/7.0/toolchain/avr8/avr8-gnu-toolchain/bin/../lib/gcc/avr/5.4.0/avr51\libgcc.a(_udivmodsi4.o)
 .text.libgcc.builtins
                0x00000000        0x0 c:/program files (x86)/atmel/studio/7.0/toolchain/avr8/avr8-gnu-toolchain/bin/../lib/gcc/avr/5.4.0/avr51\libgcc.a(_udivmodsi4.o)
 .text.libgcc.fmul
                0x00000000        0x0 c:/program files (x86)/atmel/studio/7.0/toolchain/avr8/avr8-gnu-toolchain/bin/../lib/gcc/avr/5.4.0/avr51\libgcc.a(_udivmodsi4.o)
 .text.libgcc.fixed
                0x00000000        0x0 c:/program files (x86)/atmel/studio/7.0/toolchain/avr8/avr8-gnu-toolchain/bin/../lib/gcc/avr/5.4.0/avr51\libgcc.a(_udivmodsi4.o)
 .text          0x00000000        0x0 c:/program files (x86)/atmel/studio/7.0/toolchain/avr8/avr8-gnu-toolchain/bin/../lib/gcc/avr/5.4.0/avr51\libgcc.a(_exit.o)
 .data          0x00000000        0x0 c:/program files (x86)/atmel/studio/7.0/toolchain/avr8/avr8-gnu-toolchain/bin/../lib/gcc/avr/5.4.0/avr51\libgcc.a(_exit.o)
 .bss           0x00000000        0x0 c:/program files (x86)/atmel/studio/7.0/toolchain/avr8/avr8-gnu-toolchain/bin/../lib/gcc/avr/5.4.0/avr51\libgcc.a(_exit.o)
 .text.libgcc.mul
                0x00000000        0x0 c:/program files (x86)/atmel/studio/7.0/toolchain/avr8/avr8-gnu-toolchain/bin/../lib/gcc/avr/5.4.0/avr51\libgcc.a(_exit.o)
 .text.libgcc.div
                0x00000000        0x0 c:/program files (x86)/atmel/studio/7.0/toolchain/avr8/avr8-gnu-toolchain/bin/../lib/gcc/avr/5.4.0/avr51\libgcc.a(_exit.o)
 .text.libgcc   0x00000000        0x0 c:/program files (x86)/atmel/studio/7.0/toolchain/avr8/avr8-gnu-toolchain/bin/../lib/gcc/avr/5.4.0/avr51\libgcc.a(_exit.o)
 .text.libgcc.prologue
                0x00000000        0x0 c:/program files (x86)/atmel/studio/7.0/toolchain/avr8/avr8-gnu-toolchain/bin/../lib/gcc/avr/5.4.0/avr51\libgcc.a(_exit.o)
 .text.libgcc.builtins
                0x00000000        0x0 c:/program files (x86)/atmel/studio/7.0/toolchain/avr8/avr8-gnu-toolchain/bin/../lib/gcc/avr/5.4.0/avr51\libgcc.a(_exit.o)
 .text.libgcc.fmul
                0x00000000        0x0 c:/program files (x86)/atmel/studio/7.0/toolchain/avr8/avr8-gnu-toolchain/bin/../lib/gcc/avr/5.4.0/avr51\libgcc.a(_exit.o)
 .text.libgcc.fixed
                0x00000000        0x0 c:/program files (x86)/atmel/studio/7.0/toolchain/avr8/avr8-gnu-toolchain/bin/../lib/gcc/avr/5.4.0/avr51\libgcc.a(_exit.o)
 .text          0x00000000        0x0 c:/program files (x86)/atmel/studio/7.0/toolchain/avr8/avr8-gnu-toolchain/bin/../lib/gcc/avr/5.4.0/avr51\libgcc.a(_copy_data.o)
 .data          0x00000000        0x0 c:/program files (x86)/atmel/studio/7.0/toolchain/avr8/avr8-gnu-toolchain/bin/../lib/gcc/avr/5.4.0/avr51\libgcc.a(_copy_data.o)
 .bss           0x00000000        0x0 c:/program files (x86)/atmel/studio/7.0/toolchain/avr8/avr8-gnu-toolchain/bin/../lib/gcc/avr/5.4.0/avr51\libgcc.a(_copy_data.o)
 .text.libgcc.mul
                0x00000000        0x0 c:/program files (x86)/atmel/studio/7.0/toolchain/avr8/avr8-gnu-toolchain/bin/../lib/gcc/avr/5.4.0/avr51\libgcc.a(_copy_data.o)
 .text.libgcc.div
                0x00000000        0x0 c:/program files (x86)/atmel/studio/7.0/toolchain/avr8/avr8-gnu-toolchain/bin/../lib/gcc/avr/5.4.0/avr51\libgcc.a(_copy_data.o)
 .text.libgcc   0x00000000        0x0 c:/program files (x86)/atmel/studio/7.0/toolchain/avr8/avr8-gnu-toolchain/bin/../lib/gcc/avr/5.4.0/avr51\libgcc.a(_copy_data.o)
 .text.libgcc.prologue
                0x00000000        0x0 c:/program files (x86)/atmel/studio/7.0/toolchain/avr8/avr8-gnu-toolchain/bin/../lib/gcc/avr/5.4.0/avr51\libgcc.a(_copy_data.o)
 .text.libgcc.builtins
                0x00000000        0x0 c:/program files (x86)/atmel/studio/7.0/toolchain/avr8/avr8-gnu-toolchain/bin/../lib/gcc/avr/5.4.0/avr51\libgcc.a(_copy_data.o)
 .text.libgcc.fmul
                0x00000000        0x0 c:/program files (x86)/atmel/studio/7.0/toolchain/avr8/avr8-gnu-toolchain/bin/../lib/gcc/avr/5.4.0/avr51\libgcc.a(_copy_data.o)
 .text.libgcc.fixed
                0x00000000        0x0 c:/program files (x86)/atmel/studio/7.0/toolchain/avr8/avr8-gnu-toolchain/bin/../lib/gcc/avr/5.4.0/avr51\libgcc.a(_copy_data.o)
 .text          0x00000000        0x0 c:/program files (x86)/atmel/studio/7.0/toolchain/avr8/avr8-gnu-toolchain/bin/../lib/gcc/avr/5.4.0/avr51\libgcc.a(_clear_bss.o)
 .data          0x00000000        0x0 c:/program files (x86)/atmel/studio/7.0/toolchain/avr8/avr8-gnu-toolchain/bin/../lib/gcc/avr/5.4.0/avr51\libgcc.a(_clear_bss.o)
 .bss           0x00000000        0x0 c:/program files (x86)/atmel/studio/7.0/toolchain/avr8/avr8-gnu-toolchain/bin/../lib/gcc/avr/5.4.0/avr51\libgcc.a(_clear_bss.o)
 .text.libgcc.mul
                0x00000000        0x0 c:/program files (x86)/atmel/studio/7.0/toolchain/avr8/avr8-gnu-toolchain/bin/../lib/gcc/avr/5.4.0/avr51\libgcc.a(_clear_bss.o)
 .text.libgcc.div
                0x00000000        0x0 c:/program files (x86)/atmel/studio/7.0/toolchain/avr8/avr8-gnu-toolchain/bin/../lib/gcc/avr/5.4.0/avr51\libgcc.a(_clear_bss.o)
 .text.libgcc   0x00000000        0x0 c:/program files (x86)/atmel/studio/7.0/toolchain/avr8/avr8-gnu-toolchain/bin/../lib/gcc/avr/5.4.0/avr51\libgcc.a(_clear_bss.o)
 .text.libgcc.prologue
                0x00000000        0x0 c:/program files (x86)/atmel/studio/7.0/toolchain/avr8/avr8-gnu-toolchain/bin/../lib/gcc/avr/5.4.0/avr51\libgcc.a(_clear_bss.o)
 .text.libgcc.builtins
                0x00000000        0x0 c:/program files (x86)/atmel/studio/7.0/toolchain/avr8/avr8-gnu-toolchain/bin/../lib/gcc/avr/5.4.0/avr51\libgcc.a(_clear_bss.o)
 .text.libgcc.fmul
                0x00000000        0x0 c:/program files (x86)/atmel/studio/7.0/toolchain/avr8/avr8-gnu-toolchain/bin/../lib/gcc/avr/5.4.0/avr51\libgcc.a(_clear_bss.o)
 .text.libgcc.fixed
                0x00000000        0x0 c:/program files (x86)/atmel/studio/7.0/toolchain/avr8/avr8-gnu-toolchain/bin/../lib/gcc/avr/5.4.0/avr51\libgcc.a(_clear_bss.o)
 .text          0x00000000        0x0 c:/program files (x86)/atmel/studio/7.0/toolchain/avr8/avr8-gnu-toolchain/bin/../lib/gcc/avr/5.4.0/avr51\libgcc.a(_udivmodhi4.o)
 .data          0x00000000        0x0 c:/program files (x86)/atmel/studio/7.0/toolchain/avr8/avr8-gnu-toolchain/bin/../lib/gcc/avr/5.4.0/avr51\libgcc.a(_udivmodhi4.o)
 .bss           0x00000000        0x0 c:/program files (x86)/atmel/studio/7.0/toolchain/avr8/avr8-gnu-toolchain/bin/../lib/gcc/avr/5.4.0/avr51\libgcc.a(_udivmodhi4.o)
 .text.libgcc.mul
                0x00000000        0x0 c:/program files (x86)/atmel/studio/7.0/toolchain/avr8/avr8-gnu-toolchain/bin/../lib/gcc/avr/5.4.0/avr51\libgcc.a(_udivmodhi4.o)
 .text.libgcc.div
                0x00000000       0x28 c:/program files (x86)/atmel/studio/7.0/toolchain/avr8/avr8-gnu-toolchain/bin/../lib/gcc/avr/5.4.0/avr51\libgcc.a(_udivmodhi4.o)
 .text.libgcc   0x00000000        0x0 c:/program files (x86)/atmel/studio/7.0/toolchain/avr8/avr8-gnu-toolchain/bin/../lib/gcc/avr/5.4.0/avr51\libgcc.a(_udivmodhi4.o)
 .text.libgcc.prologue
                0x00000000        0x0 c:/program files (x86)/atmel/studio/7.0/toolchain/avr8/avr8-gnu-toolchain/bin/../lib/gcc/avr/5.4.0/avr51\libgcc.a(_udivmodhi4.o)
 .text.libgcc.builtins
                0x00000000        0x0 c:/program files (x86)/atmel/studio/7.0/toolchain/avr8/avr8-gnu-toolchain/bin/../lib/gcc/avr/5.4.0/avr51\libgcc.a(_udivmodhi4.o)
 .text.libgcc.fmul
                0x00000000        0x0 c:/program files (x86)/atmel/studio/7.0/toolchain/avr8/avr8-gnu-toolchain/bin/../lib/gcc/avr/5.4.0/avr51\libgcc.a(_udivmodhi4.o)
 .text.libgcc.fixed
                0x00000000        0x0 c:/program files (x86)/atmel/studio/7.0/toolchain/avr8/avr8-gnu-toolchain/bin/../lib/gcc/avr/5.4.0/avr51\libgcc.a(_udivmodhi4.o)
 .text          0x00000000        0x0 c:/program files (x86)/atmel/studio/7.0/toolchain/avr8/avr8-gnu-toolchain/bin/../lib/gcc/avr/5.4.0/../../../../avr/lib/avr51\libc.a(iob.o)
 .data          0x00000000        0x0 c:/program files (x86)/atmel/studio/7.0/toolchain/avr8/avr8-gnu-toolchain/bin/../lib/gcc/avr/5.4.0/../../../../avr/lib/avr51\libc.a(iob.o)
 .bss           0x00000000        0x0 c:/program files (x86)/atmel/studio/7.0/toolchain/avr8/avr8-gnu-toolchain/bin/../lib/gcc/avr/5.4.0/../../../../avr/lib/avr51\libc.a(iob.o)
 .text          0x00000000        0x0 c:/program files (x86)/atmel/studio/7.0/toolchain/avr8/avr8-gnu-toolchain/bin/../lib/gcc/avr/5.4.0/../../../../avr/lib/avr51\libc.a(vfprintf_std.o)
 .data          0x00000000        0x0 c:/program files (x86)/atmel/studio/7.0/toolchain/avr8/avr8-gnu-toolchain/bin/../lib/gcc/avr/5.4.0/../../../../avr/lib/avr51\libc.a(vfprintf_std.o)
 .bss           0x00000000        0x0 c:/program files (x86)/atmel/studio/7.0/toolchain/avr8/avr8-gnu-toolchain/bin/../lib/gcc/avr/5.4.0/../../../../avr/lib/avr51\libc.a(vfprintf_std.o)
 .text          0x00000000        0x0 c:/program files (x86)/atmel/studio/7.0/toolchain/avr8/avr8-gnu-toolchain/bin/../lib/gcc/avr/5.4.0/../../../../avr/lib/avr51\libc.a(vfscanf_std.o)
 .data          0x00000000        0x0 c:/program files (x86)/atmel/studio/7.0/toolchain/avr8/avr8-gnu-toolchain/bin/../lib/gcc/avr/5.4.0/../../../../avr/lib/avr51\libc.a(vfscanf_std.o)
 .bss           0x00000000        0x0 c:/program files (x86)/atmel/studio/7.0/toolchain/avr8/avr8-gnu-toolchain/bin/../lib/gcc/avr/5.4.0/../../../../avr/lib/avr51\libc.a(vfscanf_std.o)
 .text          0x00000000        0x0 c:/program files (x86)/atmel/studio/7.0/toolchain/avr8/avr8-gnu-toolchain/bin/../lib/gcc/avr/5.4.0/../../../../avr/lib/avr51\libc.a(isspace.o)
 .data          0x00000000        0x0 c:/program files (x86)/atmel/studio/7.0/toolchain/avr8/avr8-gnu-toolchain/bin/../lib/gcc/avr/5.4.0/../../../../avr/lib/avr51\libc.a(isspace.o)
 .bss           0x00000000        0x0 c:/program files (x86)/atmel/studio/7.0/toolchain/avr8/avr8-gnu-toolchain/bin/../lib/gcc/avr/5.4.0/../../../../avr/lib/avr51\libc.a(isspace.o)
 .text          0x00000000        0x0 c:/program files (x86)/atmel/studio/7.0/toolchain/avr8/avr8-gnu-toolchain/bin/../lib/gcc/avr/5.4.0/../../../../avr/lib/avr51\libc.a(strchr_P.o)
 .data          0x00000000        0x0 c:/program files (x86)/atmel/studio/7.0/toolchain/avr8/avr8-gnu-toolchain/bin/../lib/gcc/avr/5.4.0/../../../../avr/lib/avr51\libc.a(strchr_P.o)
 .bss           0x00000000        0x0 c:/program files (x86)/atmel/studio/7.0/toolchain/avr8/avr8-gnu-toolchain/bin/../lib/gcc/avr/5.4.0/../../../../avr/lib/avr51\libc.a(strchr_P.o)
 .text          0x00000000        0x0 c:/program files (x86)/atmel/studio/7.0/toolchain/avr8/avr8-gnu-toolchain/bin/../lib/gcc/avr/5.4.0/../../../../avr/lib/avr51\libc.a(strnlen_P.o)
 .data          0x00000000        0x0 c:/program files (x86)/atmel/studio/7.0/toolchain/avr8/avr8-gnu-toolchain/bin/../lib/gcc/avr/5.4.0/../../../../avr/lib/avr51\libc.a(strnlen_P.o)
 .bss           0x00000000        0x0 c:/program files (x86)/atmel/studio/7.0/toolchain/avr8/avr8-gnu-toolchain/bin/../lib/gcc/avr/5.4.0/../../../../avr/lib/avr51\libc.a(strnlen_P.o)
 .text          0x00000000        0x0 c:/program files (x86)/atmel/studio/7.0/toolchain/avr8/avr8-gnu-toolchain/bin/../lib/gcc/avr/5.4.0/../../../../avr/lib/avr51\libc.a(strnlen.o)
 .data          0x00000000        0x0 c:/program files (x86)/atmel/studio/7.0/toolchain/avr8/avr8-gnu-toolchain/bin/../lib/gcc/avr/5.4.0/../../../../avr/lib/avr51\libc.a(strnlen.o)
 .bss           0x00000000        0x0 c:/program files (x86)/atmel/studio/7.0/toolchain/avr8/avr8-gnu-toolchain/bin/../lib/gcc/avr/5.4.0/../../../../avr/lib/avr51\libc.a(strnlen.o)
 .text          0x00000000        0x0 c:/program files (x86)/atmel/studio/7.0/toolchain/avr8/avr8-gnu-toolchain/bin/../lib/gcc/avr/5.4.0/../../../../avr/lib/avr51\libc.a(fgetc.o)
 .data          0x00000000        0x0 c:/program files (x86)/atmel/studio/7.0/toolchain/avr8/avr8-gnu-toolchain/bin/../lib/gcc/avr/5.4.0/../../../../avr/lib/avr51\libc.a(fgetc.o)
 .bss           0x00000000        0x0 c:/program files (x86)/atmel/studio/7.0/toolchain/avr8/avr8-gnu-toolchain/bin/../lib/gcc/avr/5.4.0/../../../../avr/lib/avr51\libc.a(fgetc.o)
 .text          0x00000000        0x0 c:/program files (x86)/atmel/studio/7.0/toolchain/avr8/avr8-gnu-toolchain/bin/../lib/gcc/avr/5.4.0/../../../../avr/lib/avr51\libc.a(fputc.o)
 .data          0x00000000        0x0 c:/program files (x86)/atmel/studio/7.0/toolchain/avr8/avr8-gnu-toolchain/bin/../lib/gcc/avr/5.4.0/../../../../avr/lib/avr51\libc.a(fputc.o)
 .bss           0x00000000        0x0 c:/program files (x86)/atmel/studio/7.0/toolchain/avr8/avr8-gnu-toolchain/bin/../lib/gcc/avr/5.4.0/../../../../avr/lib/avr51\libc.a(fputc.o)
 .text          0x00000000        0x0 c:/program files (x86)/atmel/studio/7.0/toolchain/avr8/avr8-gnu-toolchain/bin/../lib/gcc/avr/5.4.0/../../../../avr/lib/avr51\libc.a(ungetc.o)
 .data          0x00000000        0x0 c:/program files (x86)/atmel/studio/7.0/toolchain/avr8/avr8-gnu-toolchain/bin/../lib/gcc/avr/5.4.0/../../../../avr/lib/avr51\libc.a(ungetc.o)
 .bss           0x00000000        0x0 c:/program files (x86)/atmel/studio/7.0/toolchain/avr8/avr8-gnu-toolchain/bin/../lib/gcc/avr/5.4.0/../../../../avr/lib/avr51\libc.a(ungetc.o)
 .text          0x00000000        0x0 c:/program files (x86)/atmel/studio/7.0/toolchain/avr8/avr8-gnu-toolchain/bin/../lib/gcc/avr/5.4.0/../../../../avr/lib/avr51\libc.a(ultoa_invert.o)
 .data          0x00000000        0x0 c:/program files (x86)/atmel/studio/7.0/toolchain/avr8/avr8-gnu-toolchain/bin/../lib/gcc/avr/5.4.0/../../../../avr/lib/avr51\libc.a(ultoa_invert.o)
 .bss           0x00000000        0x0 c:/program files (x86)/atmel/studio/7.0/toolchain/avr8/avr8-gnu-toolchain/bin/../lib/gcc/avr/5.4.0/../../../../avr/lib/avr51\libc.a(ultoa_invert.o)
 .text          0x00000000        0x0 c:/program files (x86)/atmel/studio/7.0/toolchain/avr8/avr8-gnu-toolchain/bin/../lib/gcc/avr/5.4.0/../../../../avr/lib/avr51\libc.a(cty_isfalse.o)
 .data          0x00000000        0x0 c:/program files (x86)/atmel/studio/7.0/toolchain/avr8/avr8-gnu-toolchain/bin/../lib/gcc/avr/5.4.0/../../../../avr/lib/avr51\libc.a(cty_isfalse.o)
 .bss           0x00000000        0x0 c:/program files (x86)/atmel/studio/7.0/toolchain/avr8/avr8-gnu-toolchain/bin/../lib/gcc/avr/5.4.0/../../../../avr/lib/avr51\libc.a(cty_isfalse.o)
 .text          0x00000000        0x0 c:/program files (x86)/atmel/studio/7.0/toolchain/avr8/avr8-gnu-toolchain/bin/../lib/gcc/avr/5.4.0/../../../../avr/lib/avr51\libatmega128.a(eerd_block.o)
 .data          0x00000000        0x0 c:/program files (x86)/atmel/studio/7.0/toolchain/avr8/avr8-gnu-toolchain/bin/../lib/gcc/avr/5.4.0/../../../../avr/lib/avr51\libatmega128.a(eerd_block.o)
 .bss           0x00000000        0x0 c:/program files (x86)/atmel/studio/7.0/toolchain/avr8/avr8-gnu-toolchain/bin/../lib/gcc/avr/5.4.0/../../../../avr/lib/avr51\libatmega128.a(eerd_block.o)
 .text          0x00000000        0x0 c:/program files (x86)/atmel/studio/7.0/toolchain/avr8/avr8-gnu-toolchain/bin/../lib/gcc/avr/5.4.0/../../../../avr/lib/avr51\libatmega128.a(eewr_block.o)
 .data          0x00000000        0x0 c:/program files (x86)/atmel/studio/7.0/toolchain/avr8/avr8-gnu-toolchain/bin/../lib/gcc/avr/5.4.0/../../../../avr/lib/avr51\libatmega128.a(eewr_block.o)
 .bss           0x00000000        0x0 c:/program files (x86)/atmel/studio/7.0/toolchain/avr8/avr8-gnu-toolchain/bin/../lib/gcc/avr/5.4.0/../../../../avr/lib/avr51\libatmega128.a(eewr_block.o)
 .text          0x00000000        0x0 c:/program files (x86)/atmel/studio/7.0/toolchain/avr8/avr8-gnu-toolchain/bin/../lib/gcc/avr/5.4.0/../../../../avr/lib/avr51\libatmega128.a(eewr_byte.o)
 .data          0x00000000        0x0 c:/program files (x86)/atmel/studio/7.0/toolchain/avr8/avr8-gnu-toolchain/bin/../lib/gcc/avr/5.4.0/../../../../avr/lib/avr51\libatmega128.a(eewr_byte.o)
 .bss           0x00000000        0x0 c:/program files (x86)/atmel/studio/7.0/toolchain/avr8/avr8-gnu-toolchain/bin/../lib/gcc/avr/5.4.0/../../../../avr/lib/avr51\libatmega128.a(eewr_byte.o)

Memory Configuration

Name             Origin             Length             Attributes
text             0x00000000         0x00020000         xr
data             0x00800100         0x00001000         rw !x
eeprom           0x00810000         0x00001000         rw !x
fuse             0x00820000         0x00000003         rw !x
lock             0x00830000         0x00000400         rw !x
signature        0x00840000         0x00000400         rw !x
user_signatures  0x00850000         0x00000400         rw !x
*default*        0x00000000         0xffffffff

Linker script and memory map

Address of section .data set to 0x800100
LOAD c:/program files (x86)/atmel/studio/7.0/toolchain/avr8/avr8-gnu-toolchain/bin/../lib/gcc/avr/5.4.0/../../../../avr/lib/avr51/crtatmega128.o
LOAD main.o
LOAD RC16M128_Lib.o
START GROUP
LOAD c:/program files (x86)/atmel/studio/7.0/toolchain/avr8/avr8-gnu-toolchain/bin/../lib/gcc/avr/5.4.0/../../../../avr/lib/avr51\libm.a
LOAD D:\c4m\robot\robot\libc4m.a
END GROUP
START GROUP
LOAD c:/program files (x86)/atmel/studio/7.0/toolchain/avr8/avr8-gnu-toolchain/bin/../lib/gcc/avr/5.4.0/avr51\libgcc.a
LOAD c:/program files (x86)/atmel/studio/7.0/toolchain/avr8/avr8-gnu-toolchain/bin/../lib/gcc/avr/5.4.0/../../../../avr/lib/avr51\libm.a
LOAD c:/program files (x86)/atmel/studio/7.0/toolchain/avr8/avr8-gnu-toolchain/bin/../lib/gcc/avr/5.4.0/../../../../avr/lib/avr51\libc.a
LOAD c:/program files (x86)/atmel/studio/7.0/toolchain/avr8/avr8-gnu-toolchain/bin/../lib/gcc/avr/5.4.0/../../../../avr/lib/avr51\libatmega128.a
END GROUP
                0x00000000                __TEXT_REGION_ORIGIN__ = DEFINED (__TEXT_REGION_ORIGIN__)?__TEXT_REGION_ORIGIN__:0x0
                [0x00800100]                __DATA_REGION_ORIGIN__ = DEFINED (__DATA_REGION_ORIGIN__)?__DATA_REGION_ORIGIN__:0x800100
                [0x00020000]                __TEXT_REGION_LENGTH__ = DEFINED (__TEXT_REGION_LENGTH__)?__TEXT_REGION_LENGTH__:0x20000
                [0x00001000]                __DATA_REGION_LENGTH__ = DEFINED (__DATA_REGION_LENGTH__)?__DATA_REGION_LENGTH__:0xff00
                [0x00001000]                __EEPROM_REGION_LENGTH__ = DEFINED (__EEPROM_REGION_LENGTH__)?__EEPROM_REGION_LENGTH__:0x10000
                [0x00000003]                __FUSE_REGION_LENGTH__ = DEFINED (__FUSE_REGION_LENGTH__)?__FUSE_REGION_LENGTH__:0x400
                0x00000400                __LOCK_REGION_LENGTH__ = DEFINED (__LOCK_REGION_LENGTH__)?__LOCK_REGION_LENGTH__:0x400
                0x00000400                __SIGNATURE_REGION_LENGTH__ = DEFINED (__SIGNATURE_REGION_LENGTH__)?__SIGNATURE_REGION_LENGTH__:0x400
                0x00000400                __USER_SIGNATURE_REGION_LENGTH__ = DEFINED (__USER_SIGNATURE_REGION_LENGTH__)?__USER_SIGNATURE_REGION_LENGTH__:0x400

.hash
 *(.hash)

.dynsym
 *(.dynsym)

.dynstr
 *(.dynstr)

.gnu.version
 *(.gnu.version)

.gnu.version_d
 *(.gnu.version_d)

.gnu.version_r
 *(.gnu.version_r)

.rel.init
 *(.rel.init)

.rela.init
 *(.rela.init)

.rel.text
 *(.rel.text)
 *(.rel.text.*)
 *(.rel.gnu.linkonce.t*)

.rela.text
 *(.rela.text)
 *(.rela.text.*)
 *(.rela.gnu.linkonce.t*)

.rel.fini
 *(.rel.fini)

.rela.fini
 *(.rela.fini)

.rel.rodata
 *(.rel.rodata)
 *(.rel.rodata.*)
 *(.rel.gnu.linkonce.r*)

.rela.rodata
 *(.rela.rodata)
 *(.rela.rodata.*)
 *(.rela.gnu.linkonce.r*)

.rel.data
 *(.rel.data)
 *(.rel.data.*)
 *(.rel.gnu.linkonce.d*)

.rela.data
 *(.rela.data)
 *(.rela.data.*)
 *(.rela.gnu.linkonce.d*)

.rel.ctors
 *(.rel.ctors)

.rela.ctors
 *(.rela.ctors)

.rel.dtors
 *(.rel.dtors)

.rela.dtors
 *(.rela.dtors)

.rel.got
 *(.rel.got)

.rela.got
 *(.rela.got)

.rel.bss
 *(.rel.bss)

.rela.bss
 *(.rela.bss)

.rel.plt
 *(.rel.plt)

.rela.plt
 *(.rela.plt)

.text           0x00000000     0x2c5a
 *(.vectors)
 .vectors       0x00000000       0x8c c:/program files (x86)/atmel/studio/7.0/toolchain/avr8/avr8-gnu-toolchain/bin/../lib/gcc/avr/5.4.0/../../../../avr/lib/avr51/crtatmega128.o
                0x00000000                __vector_default
                0x00000000                __vectors
 *(.vectors)
 *(.progmem.gcc*)
                0x0000008c                . = ALIGN (0x2)
                0x0000008c                __trampolines_start = .
 *(.trampolines)
 .trampolines   0x0000008c        0x0 linker stubs
 *(.trampolines*)
                0x0000008c                __trampolines_end = .
 *libprintf_flt.a:*(.progmem.data)
 *libc.a:*(.progmem.data)
 .progmem.data  0x0000008c        0xc c:/program files (x86)/atmel/studio/7.0/toolchain/avr8/avr8-gnu-toolchain/bin/../lib/gcc/avr/5.4.0/../../../../avr/lib/avr51\libc.a(vfscanf_std.o)
 *(.progmem*)
                0x00000098                . = ALIGN (0x2)
 *(.jumptables)
 *(.jumptables*)
 *(.lowtext)
 *(.lowtext*)
                0x00000098                __ctors_start = .
 *(.ctors)
                0x00000098                __ctors_end = .
                0x00000098                __dtors_start = .
 *(.dtors)
                0x00000098                __dtors_end = .
 SORT(*)(.ctors)
 SORT(*)(.dtors)
 *(.init0)
 .init0         0x00000098        0x0 c:/program files (x86)/atmel/studio/7.0/toolchain/avr8/avr8-gnu-toolchain/bin/../lib/gcc/avr/5.4.0/../../../../avr/lib/avr51/crtatmega128.o
                0x00000098                __init
 *(.init0)
 *(.init1)
 *(.init1)
 *(.init2)
 .init2         0x00000098        0xc c:/program files (x86)/atmel/studio/7.0/toolchain/avr8/avr8-gnu-toolchain/bin/../lib/gcc/avr/5.4.0/../../../../avr/lib/avr51/crtatmega128.o
 *(.init2)
 *(.init3)
 *(.init3)
 *(.init4)
 .init4         0x000000a4       0x1a c:/program files (x86)/atmel/studio/7.0/toolchain/avr8/avr8-gnu-toolchain/bin/../lib/gcc/avr/5.4.0/avr51\libgcc.a(_copy_data.o)
                0x000000a4                __do_copy_data
 .init4         0x000000be       0x10 c:/program files (x86)/atmel/studio/7.0/toolchain/avr8/avr8-gnu-toolchain/bin/../lib/gcc/avr/5.4.0/avr51\libgcc.a(_clear_bss.o)
                0x000000be                __do_clear_bss
 *(.init4)
 *(.init5)
 *(.init5)
 *(.init6)
 *(.init6)
 *(.init7)
 *(.init7)
 *(.init8)
 *(.init8)
 *(.init9)
 .init9         0x000000ce        0x8 c:/program files (x86)/atmel/studio/7.0/toolchain/avr8/avr8-gnu-toolchain/bin/../lib/gcc/avr/5.4.0/../../../../avr/lib/avr51/crtatmega128.o
 *(.init9)
 *(.text)
 .text          0x000000d6       0x16 D:\c4m\robot\robot\libc4m.a(device.o)
                0x000000d6                C4M_DEVICE_set
 .text          0x000000ec      0x1ee D:\c4m\robot\robot\libc4m.a(std_isr.o)
                0x000000ec                USE_C4MLIB_STD_ISR
                0x000000ee                TIMER0_OVF_vect_routine1
                0x00000100                TIMER0_COMP_vect_routine1
                0x00000112                TIMER1_OVF_vect_routine1
                0x00000124                TIMER1_COMPA_vect_routine1
                0x00000136                TIMER1_COMPB_vect_routine1
                0x00000138                TIMER1_COMPC_vect_routine1
                0x0000013a                TIMER2_OVF_vect_routine1
                0x0000014c                TIMER2_COMP_vect_routine1
                0x0000015e                TIMER3_OVF_vect_routine1
                0x00000170                TIMER3_COMPA_vect_routine1
                0x00000182                TIMER3_COMPB_vect_routine1
                0x00000184                TIMER3_COMPC_vect_routine1
                0x00000186                INT0_vect_routine1
                0x00000198                INT1_vect_routine1
                0x000001aa                INT2_vect_routine1
                0x000001bc                INT3_vect_routine1
                0x000001ce                INT4_vect_routine1
                0x000001e0                INT5_vect_routine1
                0x000001f2                INT6_vect_routine1
                0x00000204                INT7_vect_routine1
                0x00000216                TWI_vect_routine1
                0x00000228                SPI_STC_vect_routine1
                0x00000248                USART0_TX_vect_routine1
                0x00000268                USART0_RX_vect_routine1
                0x00000288                USART1_TX_vect_routine1
                0x000002a8                USART1_RX_vect_routine1
                0x000002c8                ADC_vect_routine1
 .text          0x000002da      0x392 D:\c4m\robot\robot\libc4m.a(hal_uart.o)
 .text          0x0000066c      0x380 D:\c4m\robot\robot\libc4m.a(hal_spi.o)
 .text          0x000009ec      0x1a2 D:\c4m\robot\robot\libc4m.a(tim.o)
                0x000009ec                TIM_fpt
                0x000009ec                PWM_fpt
                0x00000a90                TIM_fgt
                0x00000a90                PWM_fgt
                0x00000ac4                TIM_get
                0x00000b0c                TIM_put
                0x00000b0c                PWM_put
                0x00000b0c                PWM_get
 .text          0x00000b8e      0xaf6 D:\c4m\robot\robot\libc4m.a(isr.o)
                0x00000b8e                USE_C4MLIB_INTERRUPT
                0x00000b90                __INT0_vect_routine1
                0x00000b92                INT0_vect_routine
                0x00000b92                __INT0_vect_routine
                0x00000b94                __vector_1
                0x00000be2                __INT1_vect_routine1
                0x00000be4                __INT1_vect_routine
                0x00000be4                INT1_vect_routine
                0x00000be6                __vector_2
                0x00000c34                __INT2_vect_routine1
                0x00000c36                __INT2_vect_routine
                0x00000c36                INT2_vect_routine
                0x00000c38                __vector_3
                0x00000c86                __INT3_vect_routine1
                0x00000c88                INT3_vect_routine
                0x00000c88                __INT3_vect_routine
                0x00000c8a                __vector_4
                0x00000cd8                __INT4_vect_routine1
                0x00000cda                __INT4_vect_routine
                0x00000cda                INT4_vect_routine
                0x00000cdc                __vector_5
                0x00000d2a                __INT5_vect_routine1
                0x00000d2c                __INT5_vect_routine
                0x00000d2c                INT5_vect_routine
                0x00000d2e                __vector_6
                0x00000d7c                __INT6_vect_routine1
                0x00000d7e                INT6_vect_routine
                0x00000d7e                __INT6_vect_routine
                0x00000d80                __vector_7
                0x00000dce                __INT7_vect_routine1
                0x00000dd0                INT7_vect_routine
                0x00000dd0                __INT7_vect_routine
                0x00000dd2                __vector_8
                0x00000e20                __TIMER2_COMP_vect_routine1
                0x00000e22                TIMER2_COMP_vect_routine
                0x00000e22                __TIMER2_COMP_vect_routine
                0x00000e24                __vector_9
                0x00000e72                __TIMER2_OVF_vect_routine1
                0x00000e74                __TIMER2_OVF_vect_routine
                0x00000e74                TIMER2_OVF_vect_routine
                0x00000e76                __vector_10
                0x00000ec4                __TIMER1_CAPT_vect_routine1
                0x00000ec4                TIMER1_CAPT_vect_routine1
                0x00000ec6                __TIMER1_CAPT_vect_routine
                0x00000ec6                TIMER1_CAPT_vect_routine
                0x00000ec8                __vector_11
                0x00000f16                __TIMER1_COMPA_vect_routine1
                0x00000f18                __TIMER1_COMPA_vect_routine
                0x00000f18                TIMER1_COMPA_vect_routine
                0x00000f1a                __vector_12
                0x00000f68                __TIMER1_COMPB_vect_routine1
                0x00000f6a                __TIMER1_COMPB_vect_routine
                0x00000f6a                TIMER1_COMPB_vect_routine
                0x00000f6c                __vector_13
                0x00000fba                __TIMER1_OVF_vect_routine1
                0x00000fbc                TIMER1_OVF_vect_routine
                0x00000fbc                __TIMER1_OVF_vect_routine
                0x00000fbe                __vector_14
                0x0000100c                __TIMER0_COMP_vect_routine1
                0x0000100e                __TIMER0_COMP_vect_routine
                0x0000100e                TIMER0_COMP_vect_routine
                0x00001010                __vector_15
                0x0000105e                __TIMER0_OVF_vect_routine1
                0x00001060                __TIMER0_OVF_vect_routine
                0x00001060                TIMER0_OVF_vect_routine
                0x00001062                __vector_16
                0x000010b0                __SPI_STC_vect_routine1
                0x000010b2                SPI_STC_vect_routine
                0x000010b2                __SPI_STC_vect_routine
                0x000010b4                __vector_17
                0x00001102                __USART0_RX_vect_routine1
                0x00001104                __USART0_RX_vect_routine
                0x00001104                USART0_RX_vect_routine
                0x00001106                __vector_18
                0x00001154                __USART0_UDRE_vect_routine1
                0x00001154                USART0_UDRE_vect_routine1
                0x00001156                USART0_UDRE_vect_routine
                0x00001156                __USART0_UDRE_vect_routine
                0x00001158                __vector_19
                0x000011a6                __USART0_TX_vect_routine1
                0x000011a8                USART0_TX_vect_routine
                0x000011a8                __USART0_TX_vect_routine
                0x000011aa                __vector_20
                0x000011f8                __ADC_vect_routine1
                0x000011fa                ADC_vect_routine
                0x000011fa                __ADC_vect_routine
                0x000011fc                __vector_21
                0x0000124a                EE_READY_vect_routine1
                0x0000124a                __EE_READY_vect_routine1
                0x0000124c                EE_READY_vect_routine
                0x0000124c                __EE_READY_vect_routine
                0x0000124e                __vector_22
                0x0000129c                __ANALOG_COMP_vect_routine1
                0x0000129c                ANALOG_COMP_vect_routine1
                0x0000129e                ANALOG_COMP_vect_routine
                0x0000129e                __ANALOG_COMP_vect_routine
                0x000012a0                __vector_23
                0x000012ee                __TIMER1_COMPC_vect_routine1
                0x000012f0                __TIMER1_COMPC_vect_routine
                0x000012f0                TIMER1_COMPC_vect_routine
                0x000012f4                __vector_24
                0x00001342                TIMER3_CAPT_vect_routine1
                0x00001342                __TIMER3_CAPT_vect_routine1
                0x00001344                TIMER3_CAPT_vect_routine
                0x00001344                __TIMER3_CAPT_vect_routine
                0x00001346                __vector_25
                0x00001394                __TIMER3_COMPA_vect_routine1
                0x00001396                __TIMER3_COMPA_vect_routine
                0x0000139a                __vector_26
                0x000013e8                __TIMER3_COMPB_vect_routine1
                0x000013ea                __TIMER3_COMPB_vect_routine
                0x000013ea                TIMER3_COMPB_vect_routine
                0x000013ee                __vector_27
                0x0000143c                __TIMER3_COMPC_vect_routine1
                0x0000143e                __TIMER3_COMPC_vect_routine
                0x0000143e                TIMER3_COMPC_vect_routine
                0x00001442                __vector_28
                0x00001490                __TIMER3_OVF_vect_routine1
                0x00001492                __TIMER3_OVF_vect_routine
                0x00001492                TIMER3_OVF_vect_routine
                0x00001496                __vector_29
                0x000014e4                __USART1_RX_vect_routine1
                0x000014e6                USART1_RX_vect_routine
                0x000014e6                __USART1_RX_vect_routine
                0x000014ea                __vector_30
                0x00001538                USART1_UDRE_vect_routine1
                0x00001538                __USART1_UDRE_vect_routine1
                0x0000153a                __USART1_UDRE_vect_routine
                0x0000153a                USART1_UDRE_vect_routine
                0x0000153c                __vector_31
                0x0000158a                __USART1_TX_vect_routine1
                0x0000158c                __USART1_TX_vect_routine
                0x0000158c                USART1_TX_vect_routine
                0x00001590                __vector_32
                0x000015de                __TWI_vect_routine1
                0x000015e0                __TWI_vect_routine
                0x000015e0                TWI_vect_routine
                0x000015e4                __vector_33
                0x00001632                __SPM_READY_vect_routine1
                0x00001632                SPM_READY_vect_routine1
                0x00001634                SPM_READY_vect_routine
                0x00001634                __SPM_READY_vect_routine
                0x00001636                __vector_34
 .text          0x00001684       0x20 D:\c4m\robot\robot\libc4m.a(eeprom.o)
                0x00001684                EEPROM_set
                0x00001694                EEPROM_get
 .text          0x000016a4       0xb0 D:\c4m\robot\robot\libc4m.a(hardware_interrupt.o)
                0x000016a4                HWInt_step
                0x000016ec                HWInt_reg
                0x0000172e                HWInt_en
 .text          0x00001754       0x4e D:\c4m\robot\robot\libc4m.a(stdio.o)
                0x00001778                C4M_STDIO_init
 .text          0x000017a2      0x1d2 D:\c4m\robot\robot\libc4m.a(hal_time.o)
                0x000017a2                HAL_time_init
                0x000017b4                HAL_get_time
                0x000017e2                HAL_get_expired_time_us
                0x0000184c                HAL_get_expired_time_ms
                0x000018a0                HAL_timeout_test
                0x000018f0                HAL_delay
                0x0000194c                HAL_tick
 .text          0x00001974       0x80 D:\c4m\robot\robot\libc4m.a(asabus.o)
                0x00001974                ASABUS_ID_set
                0x0000198a                ASABUS_ID_init
                0x00001992                ASABUS_SPI_init
                0x000019ae                ASABUS_SPI_swap
                0x000019b8                ASABUS_UART_init
                0x000019d8                ASABUS_UART_transmit
                0x000019e6                ASABUS_UART_receive
                0x000019f4                . = ALIGN (0x2)
 *(.text.*)
 .text.main     0x000019f4      0x396 main.o
                0x000019f4                main
 .text.BasicTimer_Init
                0x00001d8a       0x64 RC16M128_Lib.o
                0x00001d8a                BasicTimer_Init
 .text.RC16M128_Servo_Init
                0x00001dee        0xc RC16M128_Lib.o
                0x00001dee                RC16M128_Servo_Init
 .text.RC16M128_Servo_put
                0x00001dfa       0x54 RC16M128_Lib.o
                0x00001dfa                RC16M128_Servo_put
 .text.RC16M128_Servo_set
                0x00001e4e       0x48 RC16M128_Lib.o
                0x00001e4e                RC16M128_Servo_set
 .text.ASA_RC16M128_set
                0x00001e96        0x8 RC16M128_Lib.o
                0x00001e96                ASA_RC16M128_set
 .text.TIMER3_COMPA_vect_routine
                0x00001e9e      0x162 RC16M128_Lib.o
                0x00001e9e                TIMER3_COMPA_vect_routine
 .text.libgcc.div
                0x00002000       0x44 c:/program files (x86)/atmel/studio/7.0/toolchain/avr8/avr8-gnu-toolchain/bin/../lib/gcc/avr/5.4.0/avr51\libgcc.a(_udivmodsi4.o)
                0x00002000                __udivmodsi4
 .text.avr-libc
                0x00002044      0x3fa c:/program files (x86)/atmel/studio/7.0/toolchain/avr8/avr8-gnu-toolchain/bin/../lib/gcc/avr/5.4.0/../../../../avr/lib/avr51\libc.a(vfprintf_std.o)
                0x00002044                vfprintf
 .text.avr-libc
                0x0000243e      0x592 c:/program files (x86)/atmel/studio/7.0/toolchain/avr8/avr8-gnu-toolchain/bin/../lib/gcc/avr/5.4.0/../../../../avr/lib/avr51\libc.a(vfscanf_std.o)
                0x000027a2                vfscanf
 .text.avr-libc
                0x000029d0       0x10 c:/program files (x86)/atmel/studio/7.0/toolchain/avr8/avr8-gnu-toolchain/bin/../lib/gcc/avr/5.4.0/../../../../avr/lib/avr51\libc.a(isspace.o)
                0x000029d0                isspace
 .text.avr-libc
                0x000029e0       0x16 c:/program files (x86)/atmel/studio/7.0/toolchain/avr8/avr8-gnu-toolchain/bin/../lib/gcc/avr/5.4.0/../../../../avr/lib/avr51\libc.a(strchr_P.o)
                0x000029e0                strchr_P
 .text.avr-libc
                0x000029f6       0x16 c:/program files (x86)/atmel/studio/7.0/toolchain/avr8/avr8-gnu-toolchain/bin/../lib/gcc/avr/5.4.0/../../../../avr/lib/avr51\libc.a(strnlen_P.o)
                0x000029f6                strnlen_P
 .text.avr-libc
                0x00002a0c       0x16 c:/program files (x86)/atmel/studio/7.0/toolchain/avr8/avr8-gnu-toolchain/bin/../lib/gcc/avr/5.4.0/../../../../avr/lib/avr51\libc.a(strnlen.o)
                0x00002a0c                strnlen
 .text.avr-libc
                0x00002a22       0x7c c:/program files (x86)/atmel/studio/7.0/toolchain/avr8/avr8-gnu-toolchain/bin/../lib/gcc/avr/5.4.0/../../../../avr/lib/avr51\libc.a(fgetc.o)
                0x00002a22                fgetc
 .text.avr-libc
                0x00002a9e       0x78 c:/program files (x86)/atmel/studio/7.0/toolchain/avr8/avr8-gnu-toolchain/bin/../lib/gcc/avr/5.4.0/../../../../avr/lib/avr51\libc.a(fputc.o)
                0x00002a9e                fputc
 .text.avr-libc
                0x00002b16       0x32 c:/program files (x86)/atmel/studio/7.0/toolchain/avr8/avr8-gnu-toolchain/bin/../lib/gcc/avr/5.4.0/../../../../avr/lib/avr51\libc.a(ungetc.o)
                0x00002b16                ungetc
 .text.avr-libc
                0x00002b48       0xbc c:/program files (x86)/atmel/studio/7.0/toolchain/avr8/avr8-gnu-toolchain/bin/../lib/gcc/avr/5.4.0/../../../../avr/lib/avr51\libc.a(ultoa_invert.o)
                0x00002b48                __ultoa_invert
 .text.avr-libc
                0x00002c04        0x6 c:/program files (x86)/atmel/studio/7.0/toolchain/avr8/avr8-gnu-toolchain/bin/../lib/gcc/avr/5.4.0/../../../../avr/lib/avr51\libc.a(cty_isfalse.o)
                0x00002c04                __ctype_isfalse
                0x00002c08                __ctype_istrue
 .text.avr-libc
                0x00002c0a       0x20 c:/program files (x86)/atmel/studio/7.0/toolchain/avr8/avr8-gnu-toolchain/bin/../lib/gcc/avr/5.4.0/../../../../avr/lib/avr51\libatmega128.a(eerd_block.o)
                0x00002c0a                eeprom_read_block
                0x00002c0e                eeprom_read_blraw
 .text.avr-libc
                0x00002c2a       0x12 c:/program files (x86)/atmel/studio/7.0/toolchain/avr8/avr8-gnu-toolchain/bin/../lib/gcc/avr/5.4.0/../../../../avr/lib/avr51\libatmega128.a(eewr_block.o)
                0x00002c2a                eeprom_write_block
 .text.avr-libc
                0x00002c3c       0x1a c:/program files (x86)/atmel/studio/7.0/toolchain/avr8/avr8-gnu-toolchain/bin/../lib/gcc/avr/5.4.0/../../../../avr/lib/avr51\libatmega128.a(eewr_byte.o)
                0x00002c3c                eeprom_write_byte
                0x00002c3e                eeprom_write_r18
                0x00002c56                . = ALIGN (0x2)
 *(.fini9)
 .fini9         0x00002c56        0x0 c:/program files (x86)/atmel/studio/7.0/toolchain/avr8/avr8-gnu-toolchain/bin/../lib/gcc/avr/5.4.0/avr51\libgcc.a(_exit.o)
                0x00002c56                _exit
                0x00002c56                exit
 *(.fini9)
 *(.fini8)
 *(.fini8)
 *(.fini7)
 *(.fini7)
 *(.fini6)
 *(.fini6)
 *(.fini5)
 *(.fini5)
 *(.fini4)
 *(.fini4)
 *(.fini3)
 *(.fini3)
 *(.fini2)
 *(.fini2)
 *(.fini1)
 *(.fini1)
 *(.fini0)
 .fini0         0x00002c56        0x4 c:/program files (x86)/atmel/studio/7.0/toolchain/avr8/avr8-gnu-toolchain/bin/../lib/gcc/avr/5.4.0/avr51\libgcc.a(_exit.o)
 *(.fini0)
                0x00002c5a                _etext = .

.data           0x00800100      0x20e load address 0x00002c5a
                0x00800100                PROVIDE (__data_start, .)
 *(.data)
 .data          0x00800100       0x20 D:\c4m\robot\robot\libc4m.a(hal_uart.o)
                0x00800100                UART1_Inst
                0x00800110                UART0_Inst
 .data          0x00800120       0x20 D:\c4m\robot\robot\libc4m.a(hal_spi.o)
                0x00800120                SPI_SlaveInst
                0x0080012b                SPI_MasterInst
 .data          0x00800140        0xe D:\c4m\robot\robot\libc4m.a(stdio.o)
 *(.data*)
 .data.offset_bye_2_left
                0x0080014e       0x10 main.o
                0x0080014e                offset_bye_2_left
 .data.offset_bye_1_left
                0x0080015e       0x10 main.o
                0x0080015e                offset_bye_1_left
 .data.offset_waist_left
                0x0080016e       0x10 main.o
                0x0080016e                offset_waist_left
 .data.offset_waist_right
                0x0080017e       0x10 main.o
                0x0080017e                offset_waist_right
 .data.offset_head_left
                0x0080018e       0x10 main.o
                0x0080018e                offset_head_left
 .data.offset_head_right
                0x0080019e       0x10 main.o
                0x0080019e                offset_head_right
 .data.offset_Kneel
                0x008001ae       0x10 main.o
                0x008001ae                offset_Kneel
 .data.offset_two_hand_v
                0x008001be       0x10 main.o
                0x008001be                offset_two_hand_v
 .data.offset_stand
                0x008001ce       0x10 main.o
                0x008001ce                offset_stand
 .data.offset_bigwaist_left
                0x008001de       0x10 main.o
                0x008001de                offset_bigwaist_left
 .data.offset_bigwaist_right
                0x008001ee       0x10 main.o
                0x008001ee                offset_bigwaist_right
 .data.offset_handshake2
                0x008001fe       0x10 main.o
                0x008001fe                offset_handshake2
 .data.offset_handshake1
                0x0080020e       0x10 main.o
                0x0080020e                offset_handshake1
 .data.offset_handshake_shoulder_up
                0x0080021e       0x10 main.o
                0x0080021e                offset_handshake_shoulder_up
 .data.offset_rightup_left2
                0x0080022e       0x10 main.o
                0x0080022e                offset_rightup_left2
 .data.offset_rightup_left
                0x0080023e       0x10 main.o
                0x0080023e                offset_rightup_left
 .data.offset_leftup_right2
                0x0080024e       0x10 main.o
                0x0080024e                offset_leftup_right2
 .data.offset_leftup_right
                0x0080025e       0x10 main.o
                0x0080025e                offset_leftup_right
 .data.offset_twohendup2
                0x0080026e       0x10 main.o
                0x0080026e                offset_twohendup2
 .data.offset_twohendup1
                0x0080027e       0x10 main.o
                0x0080027e                offset_twohendup1
 .data.offset_pose2
                0x0080028e       0x10 main.o
                0x0080028e                offset_pose2
 .data.offset_pose1
                0x0080029e       0x10 main.o
                0x0080029e                offset_pose1
 .data.offset_twohand90_2
                0x008002ae       0x10 main.o
                0x008002ae                offset_twohand90_2
 .data.offset_twohand90_1
                0x008002be       0x10 main.o
                0x008002be                offset_twohand90_1
 .data.offset_Initial_low
                0x008002ce       0x10 main.o
                0x008002ce                offset_Initial_low
 .data.down     0x008002de       0x10 main.o
                0x008002de                down
 .data.original
                0x008002ee       0x10 main.o
                0x008002ee                original
 .data.ServoCommand
                0x008002fe       0x10 RC16M128_Lib.o
                0x008002fe                ServoCommand
 *(.gnu.linkonce.d*)
 *(.rodata)
 *(.rodata*)
 *(.gnu.linkonce.r*)
                0x0080030e                . = ALIGN (0x2)
                0x0080030e                _edata = .
                0x0080030e                PROVIDE (__data_end, .)

.bss            0x0080030e      0x1ed
                0x0080030e                PROVIDE (__bss_start, .)
 *(.bss)
 .bss           0x0080030e        0x2 D:\c4m\robot\robot\libc4m.a(hal_uart.o)
 *(.bss*)
 .bss.bye_2_left
                0x00800310       0x10 main.o
                0x00800310                bye_2_left
 .bss.bye_1_left
                0x00800320       0x10 main.o
                0x00800320                bye_1_left
 .bss.Initial_low
                0x00800330       0x10 main.o
                0x00800330                Initial_low
 .bss.twohandup2
                0x00800340       0x10 main.o
                0x00800340                twohandup2
 .bss.twohandup1
                0x00800350       0x10 main.o
                0x00800350                twohandup1
 .bss.pose2     0x00800360       0x10 main.o
                0x00800360                pose2
 .bss.pose1     0x00800370       0x10 main.o
                0x00800370                pose1
 .bss.twohand90_2
                0x00800380       0x10 main.o
                0x00800380                twohand90_2
 .bss.twohand90_1
                0x00800390       0x10 main.o
                0x00800390                twohand90_1
 .bss.bigwaist_left
                0x008003a0       0x10 main.o
                0x008003a0                bigwaist_left
 .bss.bigwaist_right
                0x008003b0       0x10 main.o
                0x008003b0                bigwaist_right
 .bss.handshake2
                0x008003c0       0x10 main.o
                0x008003c0                handshake2
 .bss.handshake1
                0x008003d0       0x10 main.o
                0x008003d0                handshake1
 .bss.handshake_shoulder_up
                0x008003e0       0x10 main.o
                0x008003e0                handshake_shoulder_up
 .bss.rightup_left2
                0x008003f0       0x10 main.o
                0x008003f0                rightup_left2
 .bss.rightup_left
                0x00800400       0x10 main.o
                0x00800400                rightup_left
 .bss.leftup_right2
                0x00800410       0x10 main.o
                0x00800410                leftup_right2
 .bss.leftup_right
                0x00800420       0x10 main.o
                0x00800420                leftup_right
 .bss.waist_left
                0x00800430       0x10 main.o
                0x00800430                waist_left
 .bss.waist_right
                0x00800440       0x10 main.o
                0x00800440                waist_right
 .bss.head_left
                0x00800450       0x10 main.o
                0x00800450                head_left
 .bss.head_right
                0x00800460       0x10 main.o
                0x00800460                head_right
 .bss.Kneel     0x00800470       0x10 main.o
                0x00800470                Kneel
 .bss.two_hand_v
                0x00800480       0x10 main.o
                0x00800480                two_hand_v
 .bss.stand     0x00800490       0x10 main.o
                0x00800490                stand
 .bss.offset_initial
                0x008004a0       0x10 main.o
                0x008004a0                offset_initial
 .bss.Initial   0x008004b0       0x10 main.o
                0x008004b0                Initial
 .bss.ServoPeriodCount
                0x008004c0        0x2 RC16M128_Lib.o
                0x008004c0                ServoPeriodCount
 *(COMMON)
 COMMON         0x008004c2        0x1 D:\c4m\robot\robot\libc4m.a(device.o)
                0x008004c2                ASAConfigStr_inst
 COMMON         0x008004c3       0x10 D:\c4m\robot\robot\libc4m.a(ext_imp.o)
                0x008004c3                ExtIntStrList_p
 COMMON         0x008004d3        0x8 D:\c4m\robot\robot\libc4m.a(pwm_imp.o)
                0x008004d3                PwmIntStrList_p
 COMMON         0x008004db        0x2 D:\c4m\robot\robot\libc4m.a(twi_imp.o)
                0x008004db                TwiIntStrList_p
 COMMON         0x008004dd        0x8 D:\c4m\robot\robot\libc4m.a(uart_imp.o)
                0x008004dd                UartRxIntStrList_p
                0x008004e1                UartTxIntStrList_p
 COMMON         0x008004e5        0x2 D:\c4m\robot\robot\libc4m.a(spi_imp.o)
                0x008004e5                SpiIntStrList_p
 COMMON         0x008004e7        0x8 D:\c4m\robot\robot\libc4m.a(tim_imp.o)
                0x008004e7                TimIntStrList_p
 COMMON         0x008004ef        0x2 D:\c4m\robot\robot\libc4m.a(adc_imp.o)
                0x008004ef                AdcIntStrList_p
 COMMON         0x008004f1        0x4 D:\c4m\robot\robot\libc4m.a(hal_time.o)
                0x008004f1                HAL_time_global
 COMMON         0x008004f5        0x6 c:/program files (x86)/atmel/studio/7.0/toolchain/avr8/avr8-gnu-toolchain/bin/../lib/gcc/avr/5.4.0/../../../../avr/lib/avr51\libc.a(iob.o)
                0x008004f5                __iob
                0x008004fb                PROVIDE (__bss_end, .)
                0x00002c5a                __data_load_start = LOADADDR (.data)
                0x00002e68                __data_load_end = (__data_load_start + SIZEOF (.data))

.noinit         0x008004fb        0x0
                [!provide]                PROVIDE (__noinit_start, .)
 *(.noinit*)
                [!provide]                PROVIDE (__noinit_end, .)
                0x008004fb                _end = .
                [!provide]                PROVIDE (__heap_start, .)

.eeprom         0x00810000        0x0
 *(.eeprom*)
                0x00810000                __eeprom_end = .

.fuse
 *(.fuse)
 *(.lfuse)
 *(.hfuse)
 *(.efuse)

.lock
 *(.lock*)

.signature
 *(.signature*)

.user_signatures
 *(.user_signatures*)

.stab
 *(.stab)

.stabstr
 *(.stabstr)

.stab.excl
 *(.stab.excl)

.stab.exclstr
 *(.stab.exclstr)

.stab.index
 *(.stab.index)

.stab.indexstr
 *(.stab.indexstr)

.comment        0x00000000       0x6d
 *(.comment)
 .comment       0x00000000       0x30 main.o
                                 0x31 (size before relaxing)
 .comment       0x00000030       0x31 RC16M128_Lib.o
 .comment       0x00000030       0x11 D:\c4m\robot\robot\libc4m.a(device.o)
                                 0x12 (size before relaxing)
 .comment       0x00000041       0x12 D:\c4m\robot\robot\libc4m.a(std_isr.o)
 .comment       0x00000041       0x12 D:\c4m\robot\robot\libc4m.a(hal_uart.o)
 .comment       0x00000041       0x12 D:\c4m\robot\robot\libc4m.a(hal_spi.o)
 .comment       0x00000041       0x12 D:\c4m\robot\robot\libc4m.a(tim.o)
 .comment       0x00000041       0x12 D:\c4m\robot\robot\libc4m.a(isr.o)
 .comment       0x00000041       0x12 D:\c4m\robot\robot\libc4m.a(eeprom.o)
 .comment       0x00000041       0x12 D:\c4m\robot\robot\libc4m.a(ext_imp.o)
 .comment       0x00000041       0x12 D:\c4m\robot\robot\libc4m.a(pwm_imp.o)
 .comment       0x00000041       0x12 D:\c4m\robot\robot\libc4m.a(twi_imp.o)
 .comment       0x00000041       0x12 D:\c4m\robot\robot\libc4m.a(uart_imp.o)
 .comment       0x00000041       0x12 D:\c4m\robot\robot\libc4m.a(spi_imp.o)
 .comment       0x00000041       0x12 D:\c4m\robot\robot\libc4m.a(tim_imp.o)
 .comment       0x00000041       0x12 D:\c4m\robot\robot\libc4m.a(adc_imp.o)
 .comment       0x00000041       0x12 D:\c4m\robot\robot\libc4m.a(hardware_interrupt.o)
 .comment       0x00000041       0x12 D:\c4m\robot\robot\libc4m.a(stdio.o)
 .comment       0x00000041       0x12 D:\c4m\robot\robot\libc4m.a(hal_time.o)
 .comment       0x00000041       0x12 D:\c4m\robot\robot\libc4m.a(asabus.o)
 .comment       0x00000041       0x31 c:/program files (x86)/atmel/studio/7.0/toolchain/avr8/avr8-gnu-toolchain/bin/../lib/gcc/avr/5.4.0/../../../../avr/lib/avr51\libc.a(iob.o)
 .comment       0x00000041       0x2c c:/program files (x86)/atmel/studio/7.0/toolchain/avr8/avr8-gnu-toolchain/bin/../lib/gcc/avr/5.4.0/../../../../avr/lib/avr51\libc.a(vfprintf_std.o)
                                 0x2d (size before relaxing)
 .comment       0x0000006d       0x2d c:/program files (x86)/atmel/studio/7.0/toolchain/avr8/avr8-gnu-toolchain/bin/../lib/gcc/avr/5.4.0/../../../../avr/lib/avr51\libc.a(vfscanf_std.o)
 .comment       0x0000006d       0x31 c:/program files (x86)/atmel/studio/7.0/toolchain/avr8/avr8-gnu-toolchain/bin/../lib/gcc/avr/5.4.0/../../../../avr/lib/avr51\libc.a(fgetc.o)
 .comment       0x0000006d       0x31 c:/program files (x86)/atmel/studio/7.0/toolchain/avr8/avr8-gnu-toolchain/bin/../lib/gcc/avr/5.4.0/../../../../avr/lib/avr51\libc.a(fputc.o)
 .comment       0x0000006d       0x31 c:/program files (x86)/atmel/studio/7.0/toolchain/avr8/avr8-gnu-toolchain/bin/../lib/gcc/avr/5.4.0/../../../../avr/lib/avr51\libc.a(ungetc.o)

.note.gnu.avr.deviceinfo
                0x00000000       0x3c
 .note.gnu.avr.deviceinfo
                0x00000000       0x3c c:/program files (x86)/atmel/studio/7.0/toolchain/avr8/avr8-gnu-toolchain/bin/../lib/gcc/avr/5.4.0/../../../../avr/lib/avr51/crtatmega128.o

.note.gnu.build-id
 *(.note.gnu.build-id)

.debug
 *(.debug)

.line
 *(.line)

.debug_srcinfo
 *(.debug_srcinfo)

.debug_sfnames
 *(.debug_sfnames)

.debug_aranges  0x00000000      0x2a0
 *(.debug_aranges)
 .debug_aranges
                0x00000000       0x48 main.o
 .debug_aranges
                0x00000048       0x50 RC16M128_Lib.o
 .debug_aranges
                0x00000098       0x20 D:\c4m\robot\robot\libc4m.a(device.o)
 .debug_aranges
                0x000000b8       0x20 D:\c4m\robot\robot\libc4m.a(std_isr.o)
 .debug_aranges
                0x000000d8       0x20 D:\c4m\robot\robot\libc4m.a(hal_uart.o)
 .debug_aranges
                0x000000f8       0x20 D:\c4m\robot\robot\libc4m.a(hal_spi.o)
 .debug_aranges
                0x00000118       0x20 D:\c4m\robot\robot\libc4m.a(tim.o)
 .debug_aranges
                0x00000138       0x20 D:\c4m\robot\robot\libc4m.a(isr.o)
 .debug_aranges
                0x00000158       0x20 D:\c4m\robot\robot\libc4m.a(eeprom.o)
 .debug_aranges
                0x00000178       0x18 D:\c4m\robot\robot\libc4m.a(ext_imp.o)
 .debug_aranges
                0x00000190       0x18 D:\c4m\robot\robot\libc4m.a(pwm_imp.o)
 .debug_aranges
                0x000001a8       0x18 D:\c4m\robot\robot\libc4m.a(twi_imp.o)
 .debug_aranges
                0x000001c0       0x18 D:\c4m\robot\robot\libc4m.a(uart_imp.o)
 .debug_aranges
                0x000001d8       0x18 D:\c4m\robot\robot\libc4m.a(spi_imp.o)
 .debug_aranges
                0x000001f0       0x18 D:\c4m\robot\robot\libc4m.a(tim_imp.o)
 .debug_aranges
                0x00000208       0x18 D:\c4m\robot\robot\libc4m.a(adc_imp.o)
 .debug_aranges
                0x00000220       0x20 D:\c4m\robot\robot\libc4m.a(hardware_interrupt.o)
 .debug_aranges
                0x00000240       0x20 D:\c4m\robot\robot\libc4m.a(stdio.o)
 .debug_aranges
                0x00000260       0x20 D:\c4m\robot\robot\libc4m.a(hal_time.o)
 .debug_aranges
                0x00000280       0x20 D:\c4m\robot\robot\libc4m.a(asabus.o)

.debug_pubnames
 *(.debug_pubnames)

.debug_info     0x00000000     0x5601
 *(.debug_info .gnu.linkonce.wi.*)
 .debug_info    0x00000000      0x780 c:/program files (x86)/atmel/studio/7.0/toolchain/avr8/avr8-gnu-toolchain/bin/../lib/gcc/avr/5.4.0/../../../../avr/lib/avr51/crtatmega128.o
 .debug_info    0x00000780      0x91c main.o
 .debug_info    0x0000109c      0x4b2 RC16M128_Lib.o
 .debug_info    0x0000154e      0x4d1 D:\c4m\robot\robot\libc4m.a(device.o)
 .debug_info    0x00001a1f      0x876 D:\c4m\robot\robot\libc4m.a(std_isr.o)
 .debug_info    0x00002295      0x7a7 D:\c4m\robot\robot\libc4m.a(hal_uart.o)
 .debug_info    0x00002a3c      0x7fc D:\c4m\robot\robot\libc4m.a(hal_spi.o)
 .debug_info    0x00003238      0x287 D:\c4m\robot\robot\libc4m.a(tim.o)
 .debug_info    0x000034bf      0xaa6 D:\c4m\robot\robot\libc4m.a(isr.o)
 .debug_info    0x00003f65      0x16d D:\c4m\robot\robot\libc4m.a(eeprom.o)
 .debug_info    0x000040d2      0x14a D:\c4m\robot\robot\libc4m.a(ext_imp.o)
 .debug_info    0x0000421c      0x14a D:\c4m\robot\robot\libc4m.a(pwm_imp.o)
 .debug_info    0x00004366      0x14a D:\c4m\robot\robot\libc4m.a(twi_imp.o)
 .debug_info    0x000044b0      0x166 D:\c4m\robot\robot\libc4m.a(uart_imp.o)
 .debug_info    0x00004616      0x14a D:\c4m\robot\robot\libc4m.a(spi_imp.o)
 .debug_info    0x00004760      0x14a D:\c4m\robot\robot\libc4m.a(tim_imp.o)
 .debug_info    0x000048aa      0x14a D:\c4m\robot\robot\libc4m.a(adc_imp.o)
 .debug_info    0x000049f4      0x353 D:\c4m\robot\robot\libc4m.a(hardware_interrupt.o)
 .debug_info    0x00004d47      0x246 D:\c4m\robot\robot\libc4m.a(stdio.o)
 .debug_info    0x00004f8d      0x234 D:\c4m\robot\robot\libc4m.a(hal_time.o)
 .debug_info    0x000051c1      0x440 D:\c4m\robot\robot\libc4m.a(asabus.o)

.debug_abbrev   0x00000000     0x210e
 *(.debug_abbrev)
 .debug_abbrev  0x00000000      0x718 c:/program files (x86)/atmel/studio/7.0/toolchain/avr8/avr8-gnu-toolchain/bin/../lib/gcc/avr/5.4.0/../../../../avr/lib/avr51/crtatmega128.o
 .debug_abbrev  0x00000718      0x27c main.o
 .debug_abbrev  0x00000994      0x1bb RC16M128_Lib.o
 .debug_abbrev  0x00000b4f      0x174 D:\c4m\robot\robot\libc4m.a(device.o)
 .debug_abbrev  0x00000cc3      0x19e D:\c4m\robot\robot\libc4m.a(std_isr.o)
 .debug_abbrev  0x00000e61      0x2e0 D:\c4m\robot\robot\libc4m.a(hal_uart.o)
 .debug_abbrev  0x00001141      0x22e D:\c4m\robot\robot\libc4m.a(hal_spi.o)
 .debug_abbrev  0x0000136f      0x13a D:\c4m\robot\robot\libc4m.a(tim.o)
 .debug_abbrev  0x000014a9       0xea D:\c4m\robot\robot\libc4m.a(isr.o)
 .debug_abbrev  0x00001593       0x9e D:\c4m\robot\robot\libc4m.a(eeprom.o)
 .debug_abbrev  0x00001631       0xb0 D:\c4m\robot\robot\libc4m.a(ext_imp.o)
 .debug_abbrev  0x000016e1       0xb0 D:\c4m\robot\robot\libc4m.a(pwm_imp.o)
 .debug_abbrev  0x00001791       0xb0 D:\c4m\robot\robot\libc4m.a(twi_imp.o)
 .debug_abbrev  0x00001841       0xb0 D:\c4m\robot\robot\libc4m.a(uart_imp.o)
 .debug_abbrev  0x000018f1       0xb0 D:\c4m\robot\robot\libc4m.a(spi_imp.o)
 .debug_abbrev  0x000019a1       0xb0 D:\c4m\robot\robot\libc4m.a(tim_imp.o)
 .debug_abbrev  0x00001a51       0xb0 D:\c4m\robot\robot\libc4m.a(adc_imp.o)
 .debug_abbrev  0x00001b01      0x1a3 D:\c4m\robot\robot\libc4m.a(hardware_interrupt.o)
 .debug_abbrev  0x00001ca4      0x1a7 D:\c4m\robot\robot\libc4m.a(stdio.o)
 .debug_abbrev  0x00001e4b      0x160 D:\c4m\robot\robot\libc4m.a(hal_time.o)
 .debug_abbrev  0x00001fab      0x163 D:\c4m\robot\robot\libc4m.a(asabus.o)

.debug_line     0x00000000     0x3d28
 *(.debug_line .debug_line.* .debug_line_end)
 .debug_line    0x00000000       0x1a c:/program files (x86)/atmel/studio/7.0/toolchain/avr8/avr8-gnu-toolchain/bin/../lib/gcc/avr/5.4.0/../../../../avr/lib/avr51/crtatmega128.o
 .debug_line    0x0000001a      0x345 main.o
 .debug_line    0x0000035f      0x3ac RC16M128_Lib.o
 .debug_line    0x0000070b      0x142 D:\c4m\robot\robot\libc4m.a(device.o)
 .debug_line    0x0000084d      0x721 D:\c4m\robot\robot\libc4m.a(std_isr.o)
 .debug_line    0x00000f6e      0x9be D:\c4m\robot\robot\libc4m.a(hal_uart.o)
 .debug_line    0x0000192c      0x83d D:\c4m\robot\robot\libc4m.a(hal_spi.o)
 .debug_line    0x00002169      0x511 D:\c4m\robot\robot\libc4m.a(tim.o)
 .debug_line    0x0000267a      0x5eb D:\c4m\robot\robot\libc4m.a(isr.o)
 .debug_line    0x00002c65      0x103 D:\c4m\robot\robot\libc4m.a(eeprom.o)
 .debug_line    0x00002d68       0xe5 D:\c4m\robot\robot\libc4m.a(ext_imp.o)
 .debug_line    0x00002e4d       0xe5 D:\c4m\robot\robot\libc4m.a(pwm_imp.o)
 .debug_line    0x00002f32       0xe5 D:\c4m\robot\robot\libc4m.a(twi_imp.o)
 .debug_line    0x00003017       0xe7 D:\c4m\robot\robot\libc4m.a(uart_imp.o)
 .debug_line    0x000030fe       0xe5 D:\c4m\robot\robot\libc4m.a(spi_imp.o)
 .debug_line    0x000031e3       0xe5 D:\c4m\robot\robot\libc4m.a(tim_imp.o)
 .debug_line    0x000032c8       0xe5 D:\c4m\robot\robot\libc4m.a(adc_imp.o)
 .debug_line    0x000033ad      0x2ca D:\c4m\robot\robot\libc4m.a(hardware_interrupt.o)
 .debug_line    0x00003677      0x1b8 D:\c4m\robot\robot\libc4m.a(stdio.o)
 .debug_line    0x0000382f      0x25b D:\c4m\robot\robot\libc4m.a(hal_time.o)
 .debug_line    0x00003a8a      0x29e D:\c4m\robot\robot\libc4m.a(asabus.o)

.debug_frame    0x00000000     0x1984
 *(.debug_frame)
 .debug_frame   0x00000000      0x124 main.o
 .debug_frame   0x00000124       0xbc RC16M128_Lib.o
 .debug_frame   0x000001e0       0x24 D:\c4m\robot\robot\libc4m.a(device.o)
 .debug_frame   0x00000204      0x1d4 D:\c4m\robot\robot\libc4m.a(std_isr.o)
 .debug_frame   0x000003d8      0x16c D:\c4m\robot\robot\libc4m.a(hal_uart.o)
 .debug_frame   0x00000544      0x170 D:\c4m\robot\robot\libc4m.a(hal_spi.o)
 .debug_frame   0x000006b4       0x54 D:\c4m\robot\robot\libc4m.a(tim.o)
 .debug_frame   0x00000708     0x1014 D:\c4m\robot\robot\libc4m.a(isr.o)
 .debug_frame   0x0000171c       0x34 D:\c4m\robot\robot\libc4m.a(eeprom.o)
 .debug_frame   0x00001750       0x64 D:\c4m\robot\robot\libc4m.a(hardware_interrupt.o)
 .debug_frame   0x000017b4       0x4c D:\c4m\robot\robot\libc4m.a(stdio.o)
 .debug_frame   0x00001800      0x100 D:\c4m\robot\robot\libc4m.a(hal_time.o)
 .debug_frame   0x00001900       0x84 D:\c4m\robot\robot\libc4m.a(asabus.o)

.debug_str      0x00000000     0x1953
 *(.debug_str)
 .debug_str     0x00000000      0x27d c:/program files (x86)/atmel/studio/7.0/toolchain/avr8/avr8-gnu-toolchain/bin/../lib/gcc/avr/5.4.0/../../../../avr/lib/avr51/crtatmega128.o
 .debug_str     0x0000027d      0x4a4 main.o
                                0x5ed (size before relaxing)
 .debug_str     0x00000721      0x117 RC16M128_Lib.o
                                0x33b (size before relaxing)
 .debug_str     0x00000838      0x1f3 D:\c4m\robot\robot\libc4m.a(device.o)
                                0x2dc (size before relaxing)
 .debug_str     0x00000a2b      0x12c D:\c4m\robot\robot\libc4m.a(std_isr.o)
                                0x5b9 (size before relaxing)
 .debug_str     0x00000b57      0x168 D:\c4m\robot\robot\libc4m.a(hal_uart.o)
                                0x338 (size before relaxing)
 .debug_str     0x00000cbf      0x139 D:\c4m\robot\robot\libc4m.a(hal_spi.o)
                                0x3eb (size before relaxing)
 .debug_str     0x00000df8       0x26 D:\c4m\robot\robot\libc4m.a(tim.o)
                                0x17e (size before relaxing)
 .debug_str     0x00000e1e      0x84e D:\c4m\robot\robot\libc4m.a(isr.o)
                                0x972 (size before relaxing)
 .debug_str     0x0000166c       0x45 D:\c4m\robot\robot\libc4m.a(eeprom.o)
                                0x18e (size before relaxing)
 .debug_str     0x000016b1       0x3a D:\c4m\robot\robot\libc4m.a(ext_imp.o)
                                0x192 (size before relaxing)
 .debug_str     0x000016eb        0xe D:\c4m\robot\robot\libc4m.a(pwm_imp.o)
                                0x192 (size before relaxing)
 .debug_str     0x000016f9        0xe D:\c4m\robot\robot\libc4m.a(twi_imp.o)
                                0x192 (size before relaxing)
 .debug_str     0x00001707        0xf D:\c4m\robot\robot\libc4m.a(uart_imp.o)
                                0x1a9 (size before relaxing)
 .debug_str     0x00001716        0xe D:\c4m\robot\robot\libc4m.a(spi_imp.o)
                                0x192 (size before relaxing)
 .debug_str     0x00001724        0xe D:\c4m\robot\robot\libc4m.a(tim_imp.o)
                                0x192 (size before relaxing)
 .debug_str     0x00001732        0xe D:\c4m\robot\robot\libc4m.a(adc_imp.o)
                                0x192 (size before relaxing)
 .debug_str     0x00001740       0x52 D:\c4m\robot\robot\libc4m.a(hardware_interrupt.o)
                                0x1fa (size before relaxing)
 .debug_str     0x00001792       0x76 D:\c4m\robot\robot\libc4m.a(stdio.o)
                                0x1b0 (size before relaxing)
 .debug_str     0x00001808       0xb7 D:\c4m\robot\robot\libc4m.a(hal_time.o)
                                0x208 (size before relaxing)
 .debug_str     0x000018bf       0x94 D:\c4m\robot\robot\libc4m.a(asabus.o)
                                0x2dc (size before relaxing)

.debug_loc      0x00000000     0x390f
 *(.debug_loc)
 .debug_loc     0x00000000      0x3eb main.o
 .debug_loc     0x000003eb      0x410 RC16M128_Lib.o
 .debug_loc     0x000007fb      0x89c D:\c4m\robot\robot\libc4m.a(hal_uart.o)
 .debug_loc     0x00001097      0x4ad D:\c4m\robot\robot\libc4m.a(hal_spi.o)
 .debug_loc     0x00001544      0x247 D:\c4m\robot\robot\libc4m.a(tim.o)
 .debug_loc     0x0000178b     0x1af6 D:\c4m\robot\robot\libc4m.a(isr.o)
 .debug_loc     0x00003281      0x130 D:\c4m\robot\robot\libc4m.a(eeprom.o)
 .debug_loc     0x000033b1      0x1be D:\c4m\robot\robot\libc4m.a(hardware_interrupt.o)
 .debug_loc     0x0000356f       0xc0 D:\c4m\robot\robot\libc4m.a(stdio.o)
 .debug_loc     0x0000362f      0x283 D:\c4m\robot\robot\libc4m.a(hal_time.o)
 .debug_loc     0x000038b2       0x5d D:\c4m\robot\robot\libc4m.a(asabus.o)

.debug_macinfo
 *(.debug_macinfo)

.debug_weaknames
 *(.debug_weaknames)

.debug_funcnames
 *(.debug_funcnames)

.debug_typenames
 *(.debug_typenames)

.debug_varnames
 *(.debug_varnames)

.debug_pubtypes
 *(.debug_pubtypes)

.debug_ranges   0x00000000      0x1c0
 *(.debug_ranges)
 .debug_ranges  0x00000000       0x38 main.o
 .debug_ranges  0x00000038       0x40 RC16M128_Lib.o
 .debug_ranges  0x00000078       0xd0 D:\c4m\robot\robot\libc4m.a(hal_uart.o)
 .debug_ranges  0x00000148       0x48 D:\c4m\robot\robot\libc4m.a(hal_spi.o)
 .debug_ranges  0x00000190       0x18 D:\c4m\robot\robot\libc4m.a(tim.o)
 .debug_ranges  0x000001a8       0x18 D:\c4m\robot\robot\libc4m.a(hardware_interrupt.o)

.debug_macro
 *(.debug_macro)
OUTPUT(robot.elf elf32-avr)
LOAD linker stubs
