Archive member included to satisfy reference by file (symbol)

D:\c4m\robot\robot\libc4m.a(device.o)
                              main.o (C4M_DEVICE_set)
D:\c4m\robot\robot\libc4m.a(std_isr.o)
                              (USE_C4MLIB_STD_ISR)
D:\c4m\robot\robot\libc4m.a(hal_uart.o)
                              D:\c4m\robot\robot\libc4m.a(std_isr.o) (UART1_Inst)
D:\c4m\robot\robot\libc4m.a(hal_spi.o)
                              D:\c4m\robot\robot\libc4m.a(std_isr.o) (SPI_SlaveInst)
D:\c4m\robot\robot\libc4m.a(tim.o)
                              RC16M128_Lib.o (TIM_fpt)
D:\c4m\robot\robot\libc4m.a(isr.o)
                              (USE_C4MLIB_INTERRUPT)
D:\c4m\robot\robot\libc4m.a(eeprom.o)
                              D:\c4m\robot\robot\libc4m.a(device.o) (EEPROM_get)
D:\c4m\robot\robot\libc4m.a(ext_imp.o)
                              D:\c4m\robot\robot\libc4m.a(std_isr.o) (ExtIntStrList_p)
D:\c4m\robot\robot\libc4m.a(pwm_imp.o)
                              D:\c4m\robot\robot\libc4m.a(std_isr.o) (PwmIntStrList_p)
D:\c4m\robot\robot\libc4m.a(twi_imp.o)
                              D:\c4m\robot\robot\libc4m.a(std_isr.o) (TwiIntStrList_p)
D:\c4m\robot\robot\libc4m.a(uart_imp.o)
                              D:\c4m\robot\robot\libc4m.a(std_isr.o) (UartRxIntStrList_p)
D:\c4m\robot\robot\libc4m.a(spi_imp.o)
                              D:\c4m\robot\robot\libc4m.a(std_isr.o) (SpiIntStrList_p)
D:\c4m\robot\robot\libc4m.a(tim_imp.o)
                              D:\c4m\robot\robot\libc4m.a(std_isr.o) (TimIntStrList_p)
D:\c4m\robot\robot\libc4m.a(adc_imp.o)
                              D:\c4m\robot\robot\libc4m.a(std_isr.o) (AdcIntStrList_p)
D:\c4m\robot\robot\libc4m.a(hardware_interrupt.o)
                              D:\c4m\robot\robot\libc4m.a(std_isr.o) (HWInt_step)
D:\c4m\robot\robot\libc4m.a(stdio.o)
                              D:\c4m\robot\robot\libc4m.a(device.o) (C4M_STDIO_init)
D:\c4m\robot\robot\libc4m.a(hal_time.o)
                              D:\c4m\robot\robot\libc4m.a(hal_uart.o) (HAL_get_expired_time_ms)
D:\c4m\robot\robot\libc4m.a(asabus.o)
                              D:\c4m\robot\robot\libc4m.a(hal_spi.o) (ASABUS_ID_set)
c:/program files (x86)/atmel/studio/7.0/toolchain/avr8/avr8-gnu-toolchain/bin/../lib/gcc/avr/5.4.0/avr51\libgcc.a(_divmodhi4.o)
                              main.o (__divmodhi4)
c:/program files (x86)/atmel/studio/7.0/toolchain/avr8/avr8-gnu-toolchain/bin/../lib/gcc/avr/5.4.0/avr51\libgcc.a(_udivmodsi4.o)
                              D:\c4m\robot\robot\libc4m.a(hal_time.o) (__udivmodsi4)
c:/program files (x86)/atmel/studio/7.0/toolchain/avr8/avr8-gnu-toolchain/bin/../lib/gcc/avr/5.4.0/avr51\libgcc.a(_exit.o)
                              c:/program files (x86)/atmel/studio/7.0/toolchain/avr8/avr8-gnu-toolchain/bin/../lib/gcc/avr/5.4.0/../../../../avr/lib/avr51/crtatmega128.o (exit)
c:/program files (x86)/atmel/studio/7.0/toolchain/avr8/avr8-gnu-toolchain/bin/../lib/gcc/avr/5.4.0/avr51\libgcc.a(_tablejump2.o)
                              main.o (__tablejump2__)
c:/program files (x86)/atmel/studio/7.0/toolchain/avr8/avr8-gnu-toolchain/bin/../lib/gcc/avr/5.4.0/avr51\libgcc.a(_copy_data.o)
                              main.o (__do_copy_data)
c:/program files (x86)/atmel/studio/7.0/toolchain/avr8/avr8-gnu-toolchain/bin/../lib/gcc/avr/5.4.0/avr51\libgcc.a(_clear_bss.o)
                              main.o (__do_clear_bss)
c:/program files (x86)/atmel/studio/7.0/toolchain/avr8/avr8-gnu-toolchain/bin/../lib/gcc/avr/5.4.0/avr51\libgcc.a(_udivmodhi4.o)
                              c:/program files (x86)/atmel/studio/7.0/toolchain/avr8/avr8-gnu-toolchain/bin/../lib/gcc/avr/5.4.0/avr51\libgcc.a(_divmodhi4.o) (__udivmodhi4)
c:/program files (x86)/atmel/studio/7.0/toolchain/avr8/avr8-gnu-toolchain/bin/../lib/gcc/avr/5.4.0/../../../../avr/lib/avr51\libc.a(iob.o)
                              D:\c4m\robot\robot\libc4m.a(stdio.o) (__iob)
c:/program files (x86)/atmel/studio/7.0/toolchain/avr8/avr8-gnu-toolchain/bin/../lib/gcc/avr/5.4.0/../../../../avr/lib/avr51\libc.a(vfprintf_std.o)
                              (vfprintf)
c:/program files (x86)/atmel/studio/7.0/toolchain/avr8/avr8-gnu-toolchain/bin/../lib/gcc/avr/5.4.0/../../../../avr/lib/avr51\libc.a(vfscanf_std.o)
                              (vfscanf)
c:/program files (x86)/atmel/studio/7.0/toolchain/avr8/avr8-gnu-toolchain/bin/../lib/gcc/avr/5.4.0/../../../../avr/lib/avr51\libc.a(isspace.o)
                              c:/program files (x86)/atmel/studio/7.0/toolchain/avr8/avr8-gnu-toolchain/bin/../lib/gcc/avr/5.4.0/../../../../avr/lib/avr51\libc.a(vfscanf_std.o) (isspace)
c:/program files (x86)/atmel/studio/7.0/toolchain/avr8/avr8-gnu-toolchain/bin/../lib/gcc/avr/5.4.0/../../../../avr/lib/avr51\libc.a(strchr_P.o)
                              c:/program files (x86)/atmel/studio/7.0/toolchain/avr8/avr8-gnu-toolchain/bin/../lib/gcc/avr/5.4.0/../../../../avr/lib/avr51\libc.a(vfscanf_std.o) (strchr_P)
c:/program files (x86)/atmel/studio/7.0/toolchain/avr8/avr8-gnu-toolchain/bin/../lib/gcc/avr/5.4.0/../../../../avr/lib/avr51\libc.a(strnlen_P.o)
                              c:/program files (x86)/atmel/studio/7.0/toolchain/avr8/avr8-gnu-toolchain/bin/../lib/gcc/avr/5.4.0/../../../../avr/lib/avr51\libc.a(vfprintf_std.o) (strnlen_P)
c:/program files (x86)/atmel/studio/7.0/toolchain/avr8/avr8-gnu-toolchain/bin/../lib/gcc/avr/5.4.0/../../../../avr/lib/avr51\libc.a(strnlen.o)
                              c:/program files (x86)/atmel/studio/7.0/toolchain/avr8/avr8-gnu-toolchain/bin/../lib/gcc/avr/5.4.0/../../../../avr/lib/avr51\libc.a(vfprintf_std.o) (strnlen)
c:/program files (x86)/atmel/studio/7.0/toolchain/avr8/avr8-gnu-toolchain/bin/../lib/gcc/avr/5.4.0/../../../../avr/lib/avr51\libc.a(fgetc.o)
                              c:/program files (x86)/atmel/studio/7.0/toolchain/avr8/avr8-gnu-toolchain/bin/../lib/gcc/avr/5.4.0/../../../../avr/lib/avr51\libc.a(vfscanf_std.o) (fgetc)
c:/program files (x86)/atmel/studio/7.0/toolchain/avr8/avr8-gnu-toolchain/bin/../lib/gcc/avr/5.4.0/../../../../avr/lib/avr51\libc.a(fputc.o)
                              c:/program files (x86)/atmel/studio/7.0/toolchain/avr8/avr8-gnu-toolchain/bin/../lib/gcc/avr/5.4.0/../../../../avr/lib/avr51\libc.a(vfprintf_std.o) (fputc)
c:/program files (x86)/atmel/studio/7.0/toolchain/avr8/avr8-gnu-toolchain/bin/../lib/gcc/avr/5.4.0/../../../../avr/lib/avr51\libc.a(ungetc.o)
                              c:/program files (x86)/atmel/studio/7.0/toolchain/avr8/avr8-gnu-toolchain/bin/../lib/gcc/avr/5.4.0/../../../../avr/lib/avr51\libc.a(vfscanf_std.o) (ungetc)
c:/program files (x86)/atmel/studio/7.0/toolchain/avr8/avr8-gnu-toolchain/bin/../lib/gcc/avr/5.4.0/../../../../avr/lib/avr51\libc.a(ultoa_invert.o)
                              c:/program files (x86)/atmel/studio/7.0/toolchain/avr8/avr8-gnu-toolchain/bin/../lib/gcc/avr/5.4.0/../../../../avr/lib/avr51\libc.a(vfprintf_std.o) (__ultoa_invert)
c:/program files (x86)/atmel/studio/7.0/toolchain/avr8/avr8-gnu-toolchain/bin/../lib/gcc/avr/5.4.0/../../../../avr/lib/avr51\libc.a(cty_isfalse.o)
                              c:/program files (x86)/atmel/studio/7.0/toolchain/avr8/avr8-gnu-toolchain/bin/../lib/gcc/avr/5.4.0/../../../../avr/lib/avr51\libc.a(isspace.o) (__ctype_isfalse)
c:/program files (x86)/atmel/studio/7.0/toolchain/avr8/avr8-gnu-toolchain/bin/../lib/gcc/avr/5.4.0/../../../../avr/lib/avr51\libatmega128.a(eerd_block.o)
                              D:\c4m\robot\robot\libc4m.a(eeprom.o) (eeprom_read_block)
c:/program files (x86)/atmel/studio/7.0/toolchain/avr8/avr8-gnu-toolchain/bin/../lib/gcc/avr/5.4.0/../../../../avr/lib/avr51\libatmega128.a(eewr_block.o)
                              D:\c4m\robot\robot\libc4m.a(eeprom.o) (eeprom_write_block)
c:/program files (x86)/atmel/studio/7.0/toolchain/avr8/avr8-gnu-toolchain/bin/../lib/gcc/avr/5.4.0/../../../../avr/lib/avr51\libatmega128.a(eewr_byte.o)
                              c:/program files (x86)/atmel/studio/7.0/toolchain/avr8/avr8-gnu-toolchain/bin/../lib/gcc/avr/5.4.0/../../../../avr/lib/avr51\libatmega128.a(eewr_block.o) (eeprom_write_r18)

Allocating common symbols
Common symbol       size              file

ASAConfigStr_inst   0x1               D:\c4m\robot\robot\libc4m.a(device.o)
PwmIntStrList_p     0x8               D:\c4m\robot\robot\libc4m.a(pwm_imp.o)
TwiIntStrList_p     0x2               D:\c4m\robot\robot\libc4m.a(twi_imp.o)
SpiIntStrList_p     0x2               D:\c4m\robot\robot\libc4m.a(spi_imp.o)
k                   0x2               main.o
ExtIntStrList_p     0x10              D:\c4m\robot\robot\libc4m.a(ext_imp.o)
finalfnc            0x10              main.o
UartRxIntStrList_p  0x4               D:\c4m\robot\robot\libc4m.a(uart_imp.o)
TimIntStrList_p     0x8               D:\c4m\robot\robot\libc4m.a(tim_imp.o)
AdcIntStrList_p     0x2               D:\c4m\robot\robot\libc4m.a(adc_imp.o)
TimerCntStr_inst    0xb5              main.o
HAL_time_global     0x4               D:\c4m\robot\robot\libc4m.a(hal_time.o)
UartTxIntStrList_p  0x4               D:\c4m\robot\robot\libc4m.a(uart_imp.o)
__iob               0x6               c:/program files (x86)/atmel/studio/7.0/toolchain/avr8/avr8-gnu-toolchain/bin/../lib/gcc/avr/5.4.0/../../../../avr/lib/avr51\libc.a(iob.o)

Discarded input sections

 .text          0x00000000        0x4 c:/program files (x86)/atmel/studio/7.0/toolchain/avr8/avr8-gnu-toolchain/bin/../lib/gcc/avr/5.4.0/../../../../avr/lib/avr51/crtatmega128.o
 .data          0x00000000        0x0 c:/program files (x86)/atmel/studio/7.0/toolchain/avr8/avr8-gnu-toolchain/bin/../lib/gcc/avr/5.4.0/../../../../avr/lib/avr51/crtatmega128.o
 .bss           0x00000000        0x0 c:/program files (x86)/atmel/studio/7.0/toolchain/avr8/avr8-gnu-toolchain/bin/../lib/gcc/avr/5.4.0/../../../../avr/lib/avr51/crtatmega128.o
 .text          0x00000000        0x0 main.o
 .data          0x00000000        0x0 main.o
 .bss           0x00000000        0x0 main.o
 .text.interpolation_method
                0x00000000      0x10e main.o
 .text.waist    0x00000000        0xe main.o
 .text.head     0x00000000        0xe main.o
 .text.final_build
                0x00000000       0x6c main.o
 .progmem.gcc_sw_table.final_build
                0x00000000       0x20 main.o
 .bss.bye_2_left
                0x00000000       0x10 main.o
 .bss.bye_1_left
                0x00000000       0x10 main.o
 .bss.Initial_low
                0x00000000       0x10 main.o
 .bss.twohandup2
                0x00000000       0x10 main.o
 .bss.twohandup1
                0x00000000       0x10 main.o
 .bss.pose2     0x00000000       0x10 main.o
 .bss.pose1     0x00000000       0x10 main.o
 .bss.twohand90_2
                0x00000000       0x10 main.o
 .bss.twohand90_1
                0x00000000       0x10 main.o
 .bss.bigwaist_left
                0x00000000       0x10 main.o
 .bss.bigwaist_right
                0x00000000       0x10 main.o
 .bss.handshake2
                0x00000000       0x10 main.o
 .bss.handshake1
                0x00000000       0x10 main.o
 .bss.handshake_shoulder_up
                0x00000000       0x10 main.o
 .bss.rightup_left2
                0x00000000       0x10 main.o
 .bss.rightup_left
                0x00000000       0x10 main.o
 .bss.leftup_right2
                0x00000000       0x10 main.o
 .bss.leftup_right
                0x00000000       0x10 main.o
 .bss.waist_left
                0x00000000       0x10 main.o
 .bss.waist_right
                0x00000000       0x10 main.o
 .bss.head_left
                0x00000000       0x10 main.o
 .bss.head_right
                0x00000000       0x10 main.o
 .bss.Kneel     0x00000000       0x10 main.o
 .bss.two_hand_v
                0x00000000       0x10 main.o
 .bss.stand     0x00000000       0x10 main.o
 .data.offset_bye_2_left
                0x00000000       0x10 main.o
 .data.offset_bye_1_left
                0x00000000       0x10 main.o
 .data.offset_waist_left
                0x00000000       0x10 main.o
 .data.offset_waist_right
                0x00000000       0x10 main.o
 .data.offset_head_left
                0x00000000       0x10 main.o
 .data.offset_head_right
                0x00000000       0x10 main.o
 .data.offset_Kneel
                0x00000000       0x10 main.o
 .data.offset_two_hand_v
                0x00000000       0x10 main.o
 .data.offset_stand
                0x00000000       0x10 main.o
 .data.offset_bigwaist_left
                0x00000000       0x10 main.o
 .data.offset_bigwaist_right
                0x00000000       0x10 main.o
 .data.offset_handshake2
                0x00000000       0x10 main.o
 .data.offset_handshake1
                0x00000000       0x10 main.o
 .data.offset_handshake_shoulder_up
                0x00000000       0x10 main.o
 .data.offset_rightup_left2
                0x00000000       0x10 main.o
 .data.offset_rightup_left
                0x00000000       0x10 main.o
 .data.offset_leftup_right2
                0x00000000       0x10 main.o
 .data.offset_leftup_right
                0x00000000       0x10 main.o
 .data.offset_twohendup2
                0x00000000       0x10 main.o
 .data.offset_twohendup1
                0x00000000       0x10 main.o
 .data.offset_pose2
                0x00000000       0x10 main.o
 .data.offset_pose1
                0x00000000       0x10 main.o
 .data.offset_twohand90_2
                0x00000000       0x10 main.o
 .data.offset_twohand90_1
                0x00000000       0x10 main.o
 .data.offset_Initial_low
                0x00000000       0x10 main.o
 .data.down     0x00000000       0x10 main.o
 COMMON         0x00000000       0xc7 main.o
 .text          0x00000000        0x0 RC16M128_Lib.o
 .data          0x00000000        0x0 RC16M128_Lib.o
 .bss           0x00000000        0x0 RC16M128_Lib.o
 .text.RC16M128_Servo_put
                0x00000000       0x54 RC16M128_Lib.o
 .text.RC16M128_Servo_get
                0x00000000       0xe2 RC16M128_Lib.o
 .bss.ServoEnableSetRegisterH
                0x00000000        0x1 RC16M128_Lib.o
 .bss.ServoEnableSetRegisterL
                0x00000000        0x1 RC16M128_Lib.o
 .bss.ServoPWMOutputDataH
                0x00000000        0x1 RC16M128_Lib.o
 .bss.ServoPWMOutputDataL
                0x00000000        0x1 RC16M128_Lib.o
 .data          0x00000000        0x0 D:\c4m\robot\robot\libc4m.a(device.o)
 .bss           0x00000000        0x0 D:\c4m\robot\robot\libc4m.a(device.o)
 .data          0x00000000        0x0 D:\c4m\robot\robot\libc4m.a(std_isr.o)
 .bss           0x00000000        0x0 D:\c4m\robot\robot\libc4m.a(std_isr.o)
 .bss           0x00000000        0x0 D:\c4m\robot\robot\libc4m.a(hal_spi.o)
 .data          0x00000000        0x0 D:\c4m\robot\robot\libc4m.a(tim.o)
 .bss           0x00000000        0x0 D:\c4m\robot\robot\libc4m.a(tim.o)
 .data          0x00000000        0x0 D:\c4m\robot\robot\libc4m.a(isr.o)
 .bss           0x00000000        0x0 D:\c4m\robot\robot\libc4m.a(isr.o)
 .data          0x00000000        0x0 D:\c4m\robot\robot\libc4m.a(eeprom.o)
 .bss           0x00000000        0x0 D:\c4m\robot\robot\libc4m.a(eeprom.o)
 .text          0x00000000        0x0 D:\c4m\robot\robot\libc4m.a(ext_imp.o)
 .data          0x00000000        0x0 D:\c4m\robot\robot\libc4m.a(ext_imp.o)
 .bss           0x00000000        0x0 D:\c4m\robot\robot\libc4m.a(ext_imp.o)
 .text          0x00000000        0x0 D:\c4m\robot\robot\libc4m.a(pwm_imp.o)
 .data          0x00000000        0x0 D:\c4m\robot\robot\libc4m.a(pwm_imp.o)
 .bss           0x00000000        0x0 D:\c4m\robot\robot\libc4m.a(pwm_imp.o)
 .text          0x00000000        0x0 D:\c4m\robot\robot\libc4m.a(twi_imp.o)
 .data          0x00000000        0x0 D:\c4m\robot\robot\libc4m.a(twi_imp.o)
 .bss           0x00000000        0x0 D:\c4m\robot\robot\libc4m.a(twi_imp.o)
 .text          0x00000000        0x0 D:\c4m\robot\robot\libc4m.a(uart_imp.o)
 .data          0x00000000        0x0 D:\c4m\robot\robot\libc4m.a(uart_imp.o)
 .bss           0x00000000        0x0 D:\c4m\robot\robot\libc4m.a(uart_imp.o)
 .text          0x00000000        0x0 D:\c4m\robot\robot\libc4m.a(spi_imp.o)
 .data          0x00000000        0x0 D:\c4m\robot\robot\libc4m.a(spi_imp.o)
 .bss           0x00000000        0x0 D:\c4m\robot\robot\libc4m.a(spi_imp.o)
 .text          0x00000000        0x0 D:\c4m\robot\robot\libc4m.a(tim_imp.o)
 .data          0x00000000        0x0 D:\c4m\robot\robot\libc4m.a(tim_imp.o)
 .bss           0x00000000        0x0 D:\c4m\robot\robot\libc4m.a(tim_imp.o)
 .text          0x00000000        0x0 D:\c4m\robot\robot\libc4m.a(adc_imp.o)
 .data          0x00000000        0x0 D:\c4m\robot\robot\libc4m.a(adc_imp.o)
 .bss           0x00000000        0x0 D:\c4m\robot\robot\libc4m.a(adc_imp.o)
 .data          0x00000000        0x0 D:\c4m\robot\robot\libc4m.a(hardware_interrupt.o)
 .bss           0x00000000        0x0 D:\c4m\robot\robot\libc4m.a(hardware_interrupt.o)
 .bss           0x00000000        0x0 D:\c4m\robot\robot\libc4m.a(stdio.o)
 .data          0x00000000        0x0 D:\c4m\robot\robot\libc4m.a(hal_time.o)
 .bss           0x00000000        0x0 D:\c4m\robot\robot\libc4m.a(hal_time.o)
 .data          0x00000000        0x0 D:\c4m\robot\robot\libc4m.a(asabus.o)
 .bss           0x00000000        0x0 D:\c4m\robot\robot\libc4m.a(asabus.o)
 .text          0x00000000        0x0 c:/program files (x86)/atmel/studio/7.0/toolchain/avr8/avr8-gnu-toolchain/bin/../lib/gcc/avr/5.4.0/avr51\libgcc.a(_divmodhi4.o)
 .data          0x00000000        0x0 c:/program files (x86)/atmel/studio/7.0/toolchain/avr8/avr8-gnu-toolchain/bin/../lib/gcc/avr/5.4.0/avr51\libgcc.a(_divmodhi4.o)
 .bss           0x00000000        0x0 c:/program files (x86)/atmel/studio/7.0/toolchain/avr8/avr8-gnu-toolchain/bin/../lib/gcc/avr/5.4.0/avr51\libgcc.a(_divmodhi4.o)
 .text.libgcc.mul
                0x00000000        0x0 c:/program files (x86)/atmel/studio/7.0/toolchain/avr8/avr8-gnu-toolchain/bin/../lib/gcc/avr/5.4.0/avr51\libgcc.a(_divmodhi4.o)
 .text.libgcc.div
                0x00000000       0x28 c:/program files (x86)/atmel/studio/7.0/toolchain/avr8/avr8-gnu-toolchain/bin/../lib/gcc/avr/5.4.0/avr51\libgcc.a(_divmodhi4.o)
 .text.libgcc   0x00000000        0x0 c:/program files (x86)/atmel/studio/7.0/toolchain/avr8/avr8-gnu-toolchain/bin/../lib/gcc/avr/5.4.0/avr51\libgcc.a(_divmodhi4.o)
 .text.libgcc.prologue
                0x00000000        0x0 c:/program files (x86)/atmel/studio/7.0/toolchain/avr8/avr8-gnu-toolchain/bin/../lib/gcc/avr/5.4.0/avr51\libgcc.a(_divmodhi4.o)
 .text.libgcc.builtins
                0x00000000        0x0 c:/program files (x86)/atmel/studio/7.0/toolchain/avr8/avr8-gnu-toolchain/bin/../lib/gcc/avr/5.4.0/avr51\libgcc.a(_divmodhi4.o)
 .text.libgcc.fmul
                0x00000000        0x0 c:/program files (x86)/atmel/studio/7.0/toolchain/avr8/avr8-gnu-toolchain/bin/../lib/gcc/avr/5.4.0/avr51\libgcc.a(_divmodhi4.o)
 .text.libgcc.fixed
                0x00000000        0x0 c:/program files (x86)/atmel/studio/7.0/toolchain/avr8/avr8-gnu-toolchain/bin/../lib/gcc/avr/5.4.0/avr51\libgcc.a(_divmodhi4.o)
 .text          0x00000000        0x0 c:/program files (x86)/atmel/studio/7.0/toolchain/avr8/avr8-gnu-toolchain/bin/../lib/gcc/avr/5.4.0/avr51\libgcc.a(_udivmodsi4.o)
 .data          0x00000000        0x0 c:/program files (x86)/atmel/studio/7.0/toolchain/avr8/avr8-gnu-toolchain/bin/../lib/gcc/avr/5.4.0/avr51\libgcc.a(_udivmodsi4.o)
 .bss           0x00000000        0x0 c:/program files (x86)/atmel/studio/7.0/toolchain/avr8/avr8-gnu-toolchain/bin/../lib/gcc/avr/5.4.0/avr51\libgcc.a(_udivmodsi4.o)
 .text.libgcc.mul
                0x00000000        0x0 c:/program files (x86)/atmel/studio/7.0/toolchain/avr8/avr8-gnu-toolchain/bin/../lib/gcc/avr/5.4.0/avr51\libgcc.a(_udivmodsi4.o)
 .text.libgcc   0x00000000        0x0 c:/program files (x86)/atmel/studio/7.0/toolchain/avr8/avr8-gnu-toolchain/bin/../lib/gcc/avr/5.4.0/avr51\libgcc.a(_udivmodsi4.o)
 .text.libgcc.prologue
                0x00000000        0x0 c:/program files (x86)/atmel/studio/7.0/toolchain/avr8/avr8-gnu-toolchain/bin/../lib/gcc/avr/5.4.0/avr51\libgcc.a(_udivmodsi4.o)
 .text.libgcc.builtins
                0x00000000        0x0 c:/program files (x86)/atmel/studio/7.0/toolchain/avr8/avr8-gnu-toolchain/bin/../lib/gcc/avr/5.4.0/avr51\libgcc.a(_udivmodsi4.o)
 .text.libgcc.fmul
                0x00000000        0x0 c:/program files (x86)/atmel/studio/7.0/toolchain/avr8/avr8-gnu-toolchain/bin/../lib/gcc/avr/5.4.0/avr51\libgcc.a(_udivmodsi4.o)
 .text.libgcc.fixed
                0x00000000        0x0 c:/program files (x86)/atmel/studio/7.0/toolchain/avr8/avr8-gnu-toolchain/bin/../lib/gcc/avr/5.4.0/avr51\libgcc.a(_udivmodsi4.o)
 .text          0x00000000        0x0 c:/program files (x86)/atmel/studio/7.0/toolchain/avr8/avr8-gnu-toolchain/bin/../lib/gcc/avr/5.4.0/avr51\libgcc.a(_exit.o)
 .data          0x00000000        0x0 c:/program files (x86)/atmel/studio/7.0/toolchain/avr8/avr8-gnu-toolchain/bin/../lib/gcc/avr/5.4.0/avr51\libgcc.a(_exit.o)
 .bss           0x00000000        0x0 c:/program files (x86)/atmel/studio/7.0/toolchain/avr8/avr8-gnu-toolchain/bin/../lib/gcc/avr/5.4.0/avr51\libgcc.a(_exit.o)
 .text.libgcc.mul
                0x00000000        0x0 c:/program files (x86)/atmel/studio/7.0/toolchain/avr8/avr8-gnu-toolchain/bin/../lib/gcc/avr/5.4.0/avr51\libgcc.a(_exit.o)
 .text.libgcc.div
                0x00000000        0x0 c:/program files (x86)/atmel/studio/7.0/toolchain/avr8/avr8-gnu-toolchain/bin/../lib/gcc/avr/5.4.0/avr51\libgcc.a(_exit.o)
 .text.libgcc   0x00000000        0x0 c:/program files (x86)/atmel/studio/7.0/toolchain/avr8/avr8-gnu-toolchain/bin/../lib/gcc/avr/5.4.0/avr51\libgcc.a(_exit.o)
 .text.libgcc.prologue
                0x00000000        0x0 c:/program files (x86)/atmel/studio/7.0/toolchain/avr8/avr8-gnu-toolchain/bin/../lib/gcc/avr/5.4.0/avr51\libgcc.a(_exit.o)
 .text.libgcc.builtins
                0x00000000        0x0 c:/program files (x86)/atmel/studio/7.0/toolchain/avr8/avr8-gnu-toolchain/bin/../lib/gcc/avr/5.4.0/avr51\libgcc.a(_exit.o)
 .text.libgcc.fmul
                0x00000000        0x0 c:/program files (x86)/atmel/studio/7.0/toolchain/avr8/avr8-gnu-toolchain/bin/../lib/gcc/avr/5.4.0/avr51\libgcc.a(_exit.o)
 .text.libgcc.fixed
                0x00000000        0x0 c:/program files (x86)/atmel/studio/7.0/toolchain/avr8/avr8-gnu-toolchain/bin/../lib/gcc/avr/5.4.0/avr51\libgcc.a(_exit.o)
 .text          0x00000000        0x0 c:/program files (x86)/atmel/studio/7.0/toolchain/avr8/avr8-gnu-toolchain/bin/../lib/gcc/avr/5.4.0/avr51\libgcc.a(_tablejump2.o)
 .data          0x00000000        0x0 c:/program files (x86)/atmel/studio/7.0/toolchain/avr8/avr8-gnu-toolchain/bin/../lib/gcc/avr/5.4.0/avr51\libgcc.a(_tablejump2.o)
 .bss           0x00000000        0x0 c:/program files (x86)/atmel/studio/7.0/toolchain/avr8/avr8-gnu-toolchain/bin/../lib/gcc/avr/5.4.0/avr51\libgcc.a(_tablejump2.o)
 .text.libgcc.mul
                0x00000000        0x0 c:/program files (x86)/atmel/studio/7.0/toolchain/avr8/avr8-gnu-toolchain/bin/../lib/gcc/avr/5.4.0/avr51\libgcc.a(_tablejump2.o)
 .text.libgcc.div
                0x00000000        0x0 c:/program files (x86)/atmel/studio/7.0/toolchain/avr8/avr8-gnu-toolchain/bin/../lib/gcc/avr/5.4.0/avr51\libgcc.a(_tablejump2.o)
 .text.libgcc   0x00000000       0x12 c:/program files (x86)/atmel/studio/7.0/toolchain/avr8/avr8-gnu-toolchain/bin/../lib/gcc/avr/5.4.0/avr51\libgcc.a(_tablejump2.o)
 .text.libgcc.prologue
                0x00000000        0x0 c:/program files (x86)/atmel/studio/7.0/toolchain/avr8/avr8-gnu-toolchain/bin/../lib/gcc/avr/5.4.0/avr51\libgcc.a(_tablejump2.o)
 .text.libgcc.builtins
                0x00000000        0x0 c:/program files (x86)/atmel/studio/7.0/toolchain/avr8/avr8-gnu-toolchain/bin/../lib/gcc/avr/5.4.0/avr51\libgcc.a(_tablejump2.o)
 .text.libgcc.fmul
                0x00000000        0x0 c:/program files (x86)/atmel/studio/7.0/toolchain/avr8/avr8-gnu-toolchain/bin/../lib/gcc/avr/5.4.0/avr51\libgcc.a(_tablejump2.o)
 .text.libgcc.fixed
                0x00000000        0x0 c:/program files (x86)/atmel/studio/7.0/toolchain/avr8/avr8-gnu-toolchain/bin/../lib/gcc/avr/5.4.0/avr51\libgcc.a(_tablejump2.o)
 .text          0x00000000        0x0 c:/program files (x86)/atmel/studio/7.0/toolchain/avr8/avr8-gnu-toolchain/bin/../lib/gcc/avr/5.4.0/avr51\libgcc.a(_copy_data.o)
 .data          0x00000000        0x0 c:/program files (x86)/atmel/studio/7.0/toolchain/avr8/avr8-gnu-toolchain/bin/../lib/gcc/avr/5.4.0/avr51\libgcc.a(_copy_data.o)
 .bss           0x00000000        0x0 c:/program files (x86)/atmel/studio/7.0/toolchain/avr8/avr8-gnu-toolchain/bin/../lib/gcc/avr/5.4.0/avr51\libgcc.a(_copy_data.o)
 .text.libgcc.mul
                0x00000000        0x0 c:/program files (x86)/atmel/studio/7.0/toolchain/avr8/avr8-gnu-toolchain/bin/../lib/gcc/avr/5.4.0/avr51\libgcc.a(_copy_data.o)
 .text.libgcc.div
                0x00000000        0x0 c:/program files (x86)/atmel/studio/7.0/toolchain/avr8/avr8-gnu-toolchain/bin/../lib/gcc/avr/5.4.0/avr51\libgcc.a(_copy_data.o)
 .text.libgcc   0x00000000        0x0 c:/program files (x86)/atmel/studio/7.0/toolchain/avr8/avr8-gnu-toolchain/bin/../lib/gcc/avr/5.4.0/avr51\libgcc.a(_copy_data.o)
 .text.libgcc.prologue
                0x00000000        0x0 c:/program files (x86)/atmel/studio/7.0/toolchain/avr8/avr8-gnu-toolchain/bin/../lib/gcc/avr/5.4.0/avr51\libgcc.a(_copy_data.o)
 .text.libgcc.builtins
                0x00000000        0x0 c:/program files (x86)/atmel/studio/7.0/toolchain/avr8/avr8-gnu-toolchain/bin/../lib/gcc/avr/5.4.0/avr51\libgcc.a(_copy_data.o)
 .text.libgcc.fmul
                0x00000000        0x0 c:/program files (x86)/atmel/studio/7.0/toolchain/avr8/avr8-gnu-toolchain/bin/../lib/gcc/avr/5.4.0/avr51\libgcc.a(_copy_data.o)
 .text.libgcc.fixed
                0x00000000        0x0 c:/program files (x86)/atmel/studio/7.0/toolchain/avr8/avr8-gnu-toolchain/bin/../lib/gcc/avr/5.4.0/avr51\libgcc.a(_copy_data.o)
 .text          0x00000000        0x0 c:/program files (x86)/atmel/studio/7.0/toolchain/avr8/avr8-gnu-toolchain/bin/../lib/gcc/avr/5.4.0/avr51\libgcc.a(_clear_bss.o)
 .data          0x00000000        0x0 c:/program files (x86)/atmel/studio/7.0/toolchain/avr8/avr8-gnu-toolchain/bin/../lib/gcc/avr/5.4.0/avr51\libgcc.a(_clear_bss.o)
 .bss           0x00000000        0x0 c:/program files (x86)/atmel/studio/7.0/toolchain/avr8/avr8-gnu-toolchain/bin/../lib/gcc/avr/5.4.0/avr51\libgcc.a(_clear_bss.o)
 .text.libgcc.mul
                0x00000000        0x0 c:/program files (x86)/atmel/studio/7.0/toolchain/avr8/avr8-gnu-toolchain/bin/../lib/gcc/avr/5.4.0/avr51\libgcc.a(_clear_bss.o)
 .text.libgcc.div
                0x00000000        0x0 c:/program files (x86)/atmel/studio/7.0/toolchain/avr8/avr8-gnu-toolchain/bin/../lib/gcc/avr/5.4.0/avr51\libgcc.a(_clear_bss.o)
 .text.libgcc   0x00000000        0x0 c:/program files (x86)/atmel/studio/7.0/toolchain/avr8/avr8-gnu-toolchain/bin/../lib/gcc/avr/5.4.0/avr51\libgcc.a(_clear_bss.o)
 .text.libgcc.prologue
                0x00000000        0x0 c:/program files (x86)/atmel/studio/7.0/toolchain/avr8/avr8-gnu-toolchain/bin/../lib/gcc/avr/5.4.0/avr51\libgcc.a(_clear_bss.o)
 .text.libgcc.builtins
                0x00000000        0x0 c:/program files (x86)/atmel/studio/7.0/toolchain/avr8/avr8-gnu-toolchain/bin/../lib/gcc/avr/5.4.0/avr51\libgcc.a(_clear_bss.o)
 .text.libgcc.fmul
                0x00000000        0x0 c:/program files (x86)/atmel/studio/7.0/toolchain/avr8/avr8-gnu-toolchain/bin/../lib/gcc/avr/5.4.0/avr51\libgcc.a(_clear_bss.o)
 .text.libgcc.fixed
                0x00000000        0x0 c:/program files (x86)/atmel/studio/7.0/toolchain/avr8/avr8-gnu-toolchain/bin/../lib/gcc/avr/5.4.0/avr51\libgcc.a(_clear_bss.o)
 .text          0x00000000        0x0 c:/program files (x86)/atmel/studio/7.0/toolchain/avr8/avr8-gnu-toolchain/bin/../lib/gcc/avr/5.4.0/avr51\libgcc.a(_udivmodhi4.o)
 .data          0x00000000        0x0 c:/program files (x86)/atmel/studio/7.0/toolchain/avr8/avr8-gnu-toolchain/bin/../lib/gcc/avr/5.4.0/avr51\libgcc.a(_udivmodhi4.o)
 .bss           0x00000000        0x0 c:/program files (x86)/atmel/studio/7.0/toolchain/avr8/avr8-gnu-toolchain/bin/../lib/gcc/avr/5.4.0/avr51\libgcc.a(_udivmodhi4.o)
 .text.libgcc.mul
                0x00000000        0x0 c:/program files (x86)/atmel/studio/7.0/toolchain/avr8/avr8-gnu-toolchain/bin/../lib/gcc/avr/5.4.0/avr51\libgcc.a(_udivmodhi4.o)
 .text.libgcc.div
                0x00000000       0x28 c:/program files (x86)/atmel/studio/7.0/toolchain/avr8/avr8-gnu-toolchain/bin/../lib/gcc/avr/5.4.0/avr51\libgcc.a(_udivmodhi4.o)
 .text.libgcc   0x00000000        0x0 c:/program files (x86)/atmel/studio/7.0/toolchain/avr8/avr8-gnu-toolchain/bin/../lib/gcc/avr/5.4.0/avr51\libgcc.a(_udivmodhi4.o)
 .text.libgcc.prologue
                0x00000000        0x0 c:/program files (x86)/atmel/studio/7.0/toolchain/avr8/avr8-gnu-toolchain/bin/../lib/gcc/avr/5.4.0/avr51\libgcc.a(_udivmodhi4.o)
 .text.libgcc.builtins
                0x00000000        0x0 c:/program files (x86)/atmel/studio/7.0/toolchain/avr8/avr8-gnu-toolchain/bin/../lib/gcc/avr/5.4.0/avr51\libgcc.a(_udivmodhi4.o)
 .text.libgcc.fmul
                0x00000000        0x0 c:/program files (x86)/atmel/studio/7.0/toolchain/avr8/avr8-gnu-toolchain/bin/../lib/gcc/avr/5.4.0/avr51\libgcc.a(_udivmodhi4.o)
 .text.libgcc.fixed
                0x00000000        0x0 c:/program files (x86)/atmel/studio/7.0/toolchain/avr8/avr8-gnu-toolchain/bin/../lib/gcc/avr/5.4.0/avr51\libgcc.a(_udivmodhi4.o)
 .text          0x00000000        0x0 c:/program files (x86)/atmel/studio/7.0/toolchain/avr8/avr8-gnu-toolchain/bin/../lib/gcc/avr/5.4.0/../../../../avr/lib/avr51\libc.a(iob.o)
 .data          0x00000000        0x0 c:/program files (x86)/atmel/studio/7.0/toolchain/avr8/avr8-gnu-toolchain/bin/../lib/gcc/avr/5.4.0/../../../../avr/lib/avr51\libc.a(iob.o)
 .bss           0x00000000        0x0 c:/program files (x86)/atmel/studio/7.0/toolchain/avr8/avr8-gnu-toolchain/bin/../lib/gcc/avr/5.4.0/../../../../avr/lib/avr51\libc.a(iob.o)
 .text          0x00000000        0x0 c:/program files (x86)/atmel/studio/7.0/toolchain/avr8/avr8-gnu-toolchain/bin/../lib/gcc/avr/5.4.0/../../../../avr/lib/avr51\libc.a(vfprintf_std.o)
 .data          0x00000000        0x0 c:/program files (x86)/atmel/studio/7.0/toolchain/avr8/avr8-gnu-toolchain/bin/../lib/gcc/avr/5.4.0/../../../../avr/lib/avr51\libc.a(vfprintf_std.o)
 .bss           0x00000000        0x0 c:/program files (x86)/atmel/studio/7.0/toolchain/avr8/avr8-gnu-toolchain/bin/../lib/gcc/avr/5.4.0/../../../../avr/lib/avr51\libc.a(vfprintf_std.o)
 .text          0x00000000        0x0 c:/program files (x86)/atmel/studio/7.0/toolchain/avr8/avr8-gnu-toolchain/bin/../lib/gcc/avr/5.4.0/../../../../avr/lib/avr51\libc.a(vfscanf_std.o)
 .data          0x00000000        0x0 c:/program files (x86)/atmel/studio/7.0/toolchain/avr8/avr8-gnu-toolchain/bin/../lib/gcc/avr/5.4.0/../../../../avr/lib/avr51\libc.a(vfscanf_std.o)
 .bss           0x00000000        0x0 c:/program files (x86)/atmel/studio/7.0/toolchain/avr8/avr8-gnu-toolchain/bin/../lib/gcc/avr/5.4.0/../../../../avr/lib/avr51\libc.a(vfscanf_std.o)
 .text          0x00000000        0x0 c:/program files (x86)/atmel/studio/7.0/toolchain/avr8/avr8-gnu-toolchain/bin/../lib/gcc/avr/5.4.0/../../../../avr/lib/avr51\libc.a(isspace.o)
 .data          0x00000000        0x0 c:/program files (x86)/atmel/studio/7.0/toolchain/avr8/avr8-gnu-toolchain/bin/../lib/gcc/avr/5.4.0/../../../../avr/lib/avr51\libc.a(isspace.o)
 .bss           0x00000000        0x0 c:/program files (x86)/atmel/studio/7.0/toolchain/avr8/avr8-gnu-toolchain/bin/../lib/gcc/avr/5.4.0/../../../../avr/lib/avr51\libc.a(isspace.o)
 .text          0x00000000        0x0 c:/program files (x86)/atmel/studio/7.0/toolchain/avr8/avr8-gnu-toolchain/bin/../lib/gcc/avr/5.4.0/../../../../avr/lib/avr51\libc.a(strchr_P.o)
 .data          0x00000000        0x0 c:/program files (x86)/atmel/studio/7.0/toolchain/avr8/avr8-gnu-toolchain/bin/../lib/gcc/avr/5.4.0/../../../../avr/lib/avr51\libc.a(strchr_P.o)
 .bss           0x00000000        0x0 c:/program files (x86)/atmel/studio/7.0/toolchain/avr8/avr8-gnu-toolchain/bin/../lib/gcc/avr/5.4.0/../../../../avr/lib/avr51\libc.a(strchr_P.o)
 .text          0x00000000        0x0 c:/program files (x86)/atmel/studio/7.0/toolchain/avr8/avr8-gnu-toolchain/bin/../lib/gcc/avr/5.4.0/../../../../avr/lib/avr51\libc.a(strnlen_P.o)
 .data          0x00000000        0x0 c:/program files (x86)/atmel/studio/7.0/toolchain/avr8/avr8-gnu-toolchain/bin/../lib/gcc/avr/5.4.0/../../../../avr/lib/avr51\libc.a(strnlen_P.o)
 .bss           0x00000000        0x0 c:/program files (x86)/atmel/studio/7.0/toolchain/avr8/avr8-gnu-toolchain/bin/../lib/gcc/avr/5.4.0/../../../../avr/lib/avr51\libc.a(strnlen_P.o)
 .text          0x00000000        0x0 c:/program files (x86)/atmel/studio/7.0/toolchain/avr8/avr8-gnu-toolchain/bin/../lib/gcc/avr/5.4.0/../../../../avr/lib/avr51\libc.a(strnlen.o)
 .data          0x00000000        0x0 c:/program files (x86)/atmel/studio/7.0/toolchain/avr8/avr8-gnu-toolchain/bin/../lib/gcc/avr/5.4.0/../../../../avr/lib/avr51\libc.a(strnlen.o)
 .bss           0x00000000        0x0 c:/program files (x86)/atmel/studio/7.0/toolchain/avr8/avr8-gnu-toolchain/bin/../lib/gcc/avr/5.4.0/../../../../avr/lib/avr51\libc.a(strnlen.o)
 .text          0x00000000        0x0 c:/program files (x86)/atmel/studio/7.0/toolchain/avr8/avr8-gnu-toolchain/bin/../lib/gcc/avr/5.4.0/../../../../avr/lib/avr51\libc.a(fgetc.o)
 .data          0x00000000        0x0 c:/program files (x86)/atmel/studio/7.0/toolchain/avr8/avr8-gnu-toolchain/bin/../lib/gcc/avr/5.4.0/../../../../avr/lib/avr51\libc.a(fgetc.o)
 .bss           0x00000000        0x0 c:/program files (x86)/atmel/studio/7.0/toolchain/avr8/avr8-gnu-toolchain/bin/../lib/gcc/avr/5.4.0/../../../../avr/lib/avr51\libc.a(fgetc.o)
 .text          0x00000000        0x0 c:/program files (x86)/atmel/studio/7.0/toolchain/avr8/avr8-gnu-toolchain/bin/../lib/gcc/avr/5.4.0/../../../../avr/lib/avr51\libc.a(fputc.o)
 .data          0x00000000        0x0 c:/program files (x86)/atmel/studio/7.0/toolchain/avr8/avr8-gnu-toolchain/bin/../lib/gcc/avr/5.4.0/../../../../avr/lib/avr51\libc.a(fputc.o)
 .bss           0x00000000        0x0 c:/program files (x86)/atmel/studio/7.0/toolchain/avr8/avr8-gnu-toolchain/bin/../lib/gcc/avr/5.4.0/../../../../avr/lib/avr51\libc.a(fputc.o)
 .text          0x00000000        0x0 c:/program files (x86)/atmel/studio/7.0/toolchain/avr8/avr8-gnu-toolchain/bin/../lib/gcc/avr/5.4.0/../../../../avr/lib/avr51\libc.a(ungetc.o)
 .data          0x00000000        0x0 c:/program files (x86)/atmel/studio/7.0/toolchain/avr8/avr8-gnu-toolchain/bin/../lib/gcc/avr/5.4.0/../../../../avr/lib/avr51\libc.a(ungetc.o)
 .bss           0x00000000        0x0 c:/program files (x86)/atmel/studio/7.0/toolchain/avr8/avr8-gnu-toolchain/bin/../lib/gcc/avr/5.4.0/../../../../avr/lib/avr51\libc.a(ungetc.o)
 .text          0x00000000        0x0 c:/program files (x86)/atmel/studio/7.0/toolchain/avr8/avr8-gnu-toolchain/bin/../lib/gcc/avr/5.4.0/../../../../avr/lib/avr51\libc.a(ultoa_invert.o)
 .data          0x00000000        0x0 c:/program files (x86)/atmel/studio/7.0/toolchain/avr8/avr8-gnu-toolchain/bin/../lib/gcc/avr/5.4.0/../../../../avr/lib/avr51\libc.a(ultoa_invert.o)
 .bss           0x00000000        0x0 c:/program files (x86)/atmel/studio/7.0/toolchain/avr8/avr8-gnu-toolchain/bin/../lib/gcc/avr/5.4.0/../../../../avr/lib/avr51\libc.a(ultoa_invert.o)
 .text          0x00000000        0x0 c:/program files (x86)/atmel/studio/7.0/toolchain/avr8/avr8-gnu-toolchain/bin/../lib/gcc/avr/5.4.0/../../../../avr/lib/avr51\libc.a(cty_isfalse.o)
 .data          0x00000000        0x0 c:/program files (x86)/atmel/studio/7.0/toolchain/avr8/avr8-gnu-toolchain/bin/../lib/gcc/avr/5.4.0/../../../../avr/lib/avr51\libc.a(cty_isfalse.o)
 .bss           0x00000000        0x0 c:/program files (x86)/atmel/studio/7.0/toolchain/avr8/avr8-gnu-toolchain/bin/../lib/gcc/avr/5.4.0/../../../../avr/lib/avr51\libc.a(cty_isfalse.o)
 .text          0x00000000        0x0 c:/program files (x86)/atmel/studio/7.0/toolchain/avr8/avr8-gnu-toolchain/bin/../lib/gcc/avr/5.4.0/../../../../avr/lib/avr51\libatmega128.a(eerd_block.o)
 .data          0x00000000        0x0 c:/program files (x86)/atmel/studio/7.0/toolchain/avr8/avr8-gnu-toolchain/bin/../lib/gcc/avr/5.4.0/../../../../avr/lib/avr51\libatmega128.a(eerd_block.o)
 .bss           0x00000000        0x0 c:/program files (x86)/atmel/studio/7.0/toolchain/avr8/avr8-gnu-toolchain/bin/../lib/gcc/avr/5.4.0/../../../../avr/lib/avr51\libatmega128.a(eerd_block.o)
 .text          0x00000000        0x0 c:/program files (x86)/atmel/studio/7.0/toolchain/avr8/avr8-gnu-toolchain/bin/../lib/gcc/avr/5.4.0/../../../../avr/lib/avr51\libatmega128.a(eewr_block.o)
 .data          0x00000000        0x0 c:/program files (x86)/atmel/studio/7.0/toolchain/avr8/avr8-gnu-toolchain/bin/../lib/gcc/avr/5.4.0/../../../../avr/lib/avr51\libatmega128.a(eewr_block.o)
 .bss           0x00000000        0x0 c:/program files (x86)/atmel/studio/7.0/toolchain/avr8/avr8-gnu-toolchain/bin/../lib/gcc/avr/5.4.0/../../../../avr/lib/avr51\libatmega128.a(eewr_block.o)
 .text          0x00000000        0x0 c:/program files (x86)/atmel/studio/7.0/toolchain/avr8/avr8-gnu-toolchain/bin/../lib/gcc/avr/5.4.0/../../../../avr/lib/avr51\libatmega128.a(eewr_byte.o)
 .data          0x00000000        0x0 c:/program files (x86)/atmel/studio/7.0/toolchain/avr8/avr8-gnu-toolchain/bin/../lib/gcc/avr/5.4.0/../../../../avr/lib/avr51\libatmega128.a(eewr_byte.o)
 .bss           0x00000000        0x0 c:/program files (x86)/atmel/studio/7.0/toolchain/avr8/avr8-gnu-toolchain/bin/../lib/gcc/avr/5.4.0/../../../../avr/lib/avr51\libatmega128.a(eewr_byte.o)

Memory Configuration

Name             Origin             Length             Attributes
text             0x00000000         0x00020000         xr
data             0x00800100         0x00001000         rw !x
eeprom           0x00810000         0x00001000         rw !x
fuse             0x00820000         0x00000003         rw !x
lock             0x00830000         0x00000400         rw !x
signature        0x00840000         0x00000400         rw !x
user_signatures  0x00850000         0x00000400         rw !x
*default*        0x00000000         0xffffffff

Linker script and memory map

Address of section .data set to 0x800100
LOAD c:/program files (x86)/atmel/studio/7.0/toolchain/avr8/avr8-gnu-toolchain/bin/../lib/gcc/avr/5.4.0/../../../../avr/lib/avr51/crtatmega128.o
LOAD main.o
LOAD RC16M128_Lib.o
START GROUP
LOAD c:/program files (x86)/atmel/studio/7.0/toolchain/avr8/avr8-gnu-toolchain/bin/../lib/gcc/avr/5.4.0/../../../../avr/lib/avr51\libm.a
LOAD D:\c4m\robot\robot\libc4m.a
END GROUP
START GROUP
LOAD c:/program files (x86)/atmel/studio/7.0/toolchain/avr8/avr8-gnu-toolchain/bin/../lib/gcc/avr/5.4.0/avr51\libgcc.a
LOAD c:/program files (x86)/atmel/studio/7.0/toolchain/avr8/avr8-gnu-toolchain/bin/../lib/gcc/avr/5.4.0/../../../../avr/lib/avr51\libm.a
LOAD c:/program files (x86)/atmel/studio/7.0/toolchain/avr8/avr8-gnu-toolchain/bin/../lib/gcc/avr/5.4.0/../../../../avr/lib/avr51\libc.a
LOAD c:/program files (x86)/atmel/studio/7.0/toolchain/avr8/avr8-gnu-toolchain/bin/../lib/gcc/avr/5.4.0/../../../../avr/lib/avr51\libatmega128.a
END GROUP
                0x00000000                __TEXT_REGION_ORIGIN__ = DEFINED (__TEXT_REGION_ORIGIN__)?__TEXT_REGION_ORIGIN__:0x0
                [0x00800100]                __DATA_REGION_ORIGIN__ = DEFINED (__DATA_REGION_ORIGIN__)?__DATA_REGION_ORIGIN__:0x800100
                [0x00020000]                __TEXT_REGION_LENGTH__ = DEFINED (__TEXT_REGION_LENGTH__)?__TEXT_REGION_LENGTH__:0x20000
                [0x00001000]                __DATA_REGION_LENGTH__ = DEFINED (__DATA_REGION_LENGTH__)?__DATA_REGION_LENGTH__:0xff00
                [0x00001000]                __EEPROM_REGION_LENGTH__ = DEFINED (__EEPROM_REGION_LENGTH__)?__EEPROM_REGION_LENGTH__:0x10000
                [0x00000003]                __FUSE_REGION_LENGTH__ = DEFINED (__FUSE_REGION_LENGTH__)?__FUSE_REGION_LENGTH__:0x400
                0x00000400                __LOCK_REGION_LENGTH__ = DEFINED (__LOCK_REGION_LENGTH__)?__LOCK_REGION_LENGTH__:0x400
                0x00000400                __SIGNATURE_REGION_LENGTH__ = DEFINED (__SIGNATURE_REGION_LENGTH__)?__SIGNATURE_REGION_LENGTH__:0x400
                0x00000400                __USER_SIGNATURE_REGION_LENGTH__ = DEFINED (__USER_SIGNATURE_REGION_LENGTH__)?__USER_SIGNATURE_REGION_LENGTH__:0x400

.hash
 *(.hash)

.dynsym
 *(.dynsym)

.dynstr
 *(.dynstr)

.gnu.version
 *(.gnu.version)

.gnu.version_d
 *(.gnu.version_d)

.gnu.version_r
 *(.gnu.version_r)

.rel.init
 *(.rel.init)

.rela.init
 *(.rela.init)

.rel.text
 *(.rel.text)
 *(.rel.text.*)
 *(.rel.gnu.linkonce.t*)

.rela.text
 *(.rela.text)
 *(.rela.text.*)
 *(.rela.gnu.linkonce.t*)

.rel.fini
 *(.rel.fini)

.rela.fini
 *(.rela.fini)

.rel.rodata
 *(.rel.rodata)
 *(.rel.rodata.*)
 *(.rel.gnu.linkonce.r*)

.rela.rodata
 *(.rela.rodata)
 *(.rela.rodata.*)
 *(.rela.gnu.linkonce.r*)

.rel.data
 *(.rel.data)
 *(.rel.data.*)
 *(.rel.gnu.linkonce.d*)

.rela.data
 *(.rela.data)
 *(.rela.data.*)
 *(.rela.gnu.linkonce.d*)

.rel.ctors
 *(.rel.ctors)

.rela.ctors
 *(.rela.ctors)

.rel.dtors
 *(.rel.dtors)

.rela.dtors
 *(.rela.dtors)

.rel.got
 *(.rel.got)

.rela.got
 *(.rela.got)

.rel.bss
 *(.rel.bss)

.rela.bss
 *(.rela.bss)

.rel.plt
 *(.rel.plt)

.rela.plt
 *(.rela.plt)

.text           0x00000000     0x2902
 *(.vectors)
 .vectors       0x00000000       0x8c c:/program files (x86)/atmel/studio/7.0/toolchain/avr8/avr8-gnu-toolchain/bin/../lib/gcc/avr/5.4.0/../../../../avr/lib/avr51/crtatmega128.o
                0x00000000                __vector_default
                0x00000000                __vectors
 *(.vectors)
 *(.progmem.gcc*)
                0x0000008c                . = ALIGN (0x2)
                0x0000008c                __trampolines_start = .
 *(.trampolines)
 .trampolines   0x0000008c        0x0 linker stubs
 *(.trampolines*)
                0x0000008c                __trampolines_end = .
 *libprintf_flt.a:*(.progmem.data)
 *libc.a:*(.progmem.data)
 .progmem.data  0x0000008c        0xc c:/program files (x86)/atmel/studio/7.0/toolchain/avr8/avr8-gnu-toolchain/bin/../lib/gcc/avr/5.4.0/../../../../avr/lib/avr51\libc.a(vfscanf_std.o)
 *(.progmem*)
                0x00000098                . = ALIGN (0x2)
 *(.jumptables)
 *(.jumptables*)
 *(.lowtext)
 *(.lowtext*)
                0x00000098                __ctors_start = .
 *(.ctors)
                0x00000098                __ctors_end = .
                0x00000098                __dtors_start = .
 *(.dtors)
                0x00000098                __dtors_end = .
 SORT(*)(.ctors)
 SORT(*)(.dtors)
 *(.init0)
 .init0         0x00000098        0x0 c:/program files (x86)/atmel/studio/7.0/toolchain/avr8/avr8-gnu-toolchain/bin/../lib/gcc/avr/5.4.0/../../../../avr/lib/avr51/crtatmega128.o
                0x00000098                __init
 *(.init0)
 *(.init1)
 *(.init1)
 *(.init2)
 .init2         0x00000098        0xc c:/program files (x86)/atmel/studio/7.0/toolchain/avr8/avr8-gnu-toolchain/bin/../lib/gcc/avr/5.4.0/../../../../avr/lib/avr51/crtatmega128.o
 *(.init2)
 *(.init3)
 *(.init3)
 *(.init4)
 .init4         0x000000a4       0x1a c:/program files (x86)/atmel/studio/7.0/toolchain/avr8/avr8-gnu-toolchain/bin/../lib/gcc/avr/5.4.0/avr51\libgcc.a(_copy_data.o)
                0x000000a4                __do_copy_data
 .init4         0x000000be       0x10 c:/program files (x86)/atmel/studio/7.0/toolchain/avr8/avr8-gnu-toolchain/bin/../lib/gcc/avr/5.4.0/avr51\libgcc.a(_clear_bss.o)
                0x000000be                __do_clear_bss
 *(.init4)
 *(.init5)
 *(.init5)
 *(.init6)
 *(.init6)
 *(.init7)
 *(.init7)
 *(.init8)
 *(.init8)
 *(.init9)
 .init9         0x000000ce        0x8 c:/program files (x86)/atmel/studio/7.0/toolchain/avr8/avr8-gnu-toolchain/bin/../lib/gcc/avr/5.4.0/../../../../avr/lib/avr51/crtatmega128.o
 *(.init9)
 *(.text)
 .text          0x000000d6       0x16 D:\c4m\robot\robot\libc4m.a(device.o)
                0x000000d6                C4M_DEVICE_set
 .text          0x000000ec      0x1ee D:\c4m\robot\robot\libc4m.a(std_isr.o)
                0x000000ec                USE_C4MLIB_STD_ISR
                0x000000ee                TIMER0_OVF_vect_routine1
                0x00000100                TIMER0_COMP_vect_routine1
                0x00000112                TIMER1_OVF_vect_routine1
                0x00000124                TIMER1_COMPA_vect_routine1
                0x00000136                TIMER1_COMPB_vect_routine1
                0x00000138                TIMER1_COMPC_vect_routine1
                0x0000013a                TIMER2_OVF_vect_routine1
                0x0000014c                TIMER2_COMP_vect_routine1
                0x0000015e                TIMER3_OVF_vect_routine1
                0x00000170                TIMER3_COMPA_vect_routine1
                0x00000182                TIMER3_COMPB_vect_routine1
                0x00000184                TIMER3_COMPC_vect_routine1
                0x00000186                INT0_vect_routine1
                0x00000198                INT1_vect_routine1
                0x000001aa                INT2_vect_routine1
                0x000001bc                INT3_vect_routine1
                0x000001ce                INT4_vect_routine1
                0x000001e0                INT5_vect_routine1
                0x000001f2                INT6_vect_routine1
                0x00000204                INT7_vect_routine1
                0x00000216                TWI_vect_routine1
                0x00000228                SPI_STC_vect_routine1
                0x00000248                USART0_TX_vect_routine1
                0x00000268                USART0_RX_vect_routine1
                0x00000288                USART1_TX_vect_routine1
                0x000002a8                USART1_RX_vect_routine1
                0x000002c8                ADC_vect_routine1
 .text          0x000002da      0x392 D:\c4m\robot\robot\libc4m.a(hal_uart.o)
 .text          0x0000066c      0x380 D:\c4m\robot\robot\libc4m.a(hal_spi.o)
 .text          0x000009ec      0x1a2 D:\c4m\robot\robot\libc4m.a(tim.o)
                0x000009ec                TIM_fpt
                0x000009ec                PWM_fpt
                0x00000a90                TIM_fgt
                0x00000a90                PWM_fgt
                0x00000ac4                TIM_get
                0x00000b0c                TIM_put
                0x00000b0c                PWM_put
                0x00000b0c                PWM_get
 .text          0x00000b8e      0xaf6 D:\c4m\robot\robot\libc4m.a(isr.o)
                0x00000b8e                USE_C4MLIB_INTERRUPT
                0x00000b90                __INT0_vect_routine1
                0x00000b92                INT0_vect_routine
                0x00000b92                __INT0_vect_routine
                0x00000b94                __vector_1
                0x00000be2                __INT1_vect_routine1
                0x00000be4                __INT1_vect_routine
                0x00000be4                INT1_vect_routine
                0x00000be6                __vector_2
                0x00000c34                __INT2_vect_routine1
                0x00000c36                __INT2_vect_routine
                0x00000c36                INT2_vect_routine
                0x00000c38                __vector_3
                0x00000c86                __INT3_vect_routine1
                0x00000c88                INT3_vect_routine
                0x00000c88                __INT3_vect_routine
                0x00000c8a                __vector_4
                0x00000cd8                __INT4_vect_routine1
                0x00000cda                __INT4_vect_routine
                0x00000cda                INT4_vect_routine
                0x00000cdc                __vector_5
                0x00000d2a                __INT5_vect_routine1
                0x00000d2c                __INT5_vect_routine
                0x00000d2c                INT5_vect_routine
                0x00000d2e                __vector_6
                0x00000d7c                __INT6_vect_routine1
                0x00000d7e                INT6_vect_routine
                0x00000d7e                __INT6_vect_routine
                0x00000d80                __vector_7
                0x00000dce                __INT7_vect_routine1
                0x00000dd0                INT7_vect_routine
                0x00000dd0                __INT7_vect_routine
                0x00000dd2                __vector_8
                0x00000e20                __TIMER2_COMP_vect_routine1
                0x00000e22                TIMER2_COMP_vect_routine
                0x00000e22                __TIMER2_COMP_vect_routine
                0x00000e24                __vector_9
                0x00000e72                __TIMER2_OVF_vect_routine1
                0x00000e74                __TIMER2_OVF_vect_routine
                0x00000e74                TIMER2_OVF_vect_routine
                0x00000e76                __vector_10
                0x00000ec4                __TIMER1_CAPT_vect_routine1
                0x00000ec4                TIMER1_CAPT_vect_routine1
                0x00000ec6                __TIMER1_CAPT_vect_routine
                0x00000ec6                TIMER1_CAPT_vect_routine
                0x00000ec8                __vector_11
                0x00000f16                __TIMER1_COMPA_vect_routine1
                0x00000f18                __TIMER1_COMPA_vect_routine
                0x00000f18                TIMER1_COMPA_vect_routine
                0x00000f1a                __vector_12
                0x00000f68                __TIMER1_COMPB_vect_routine1
                0x00000f6a                __TIMER1_COMPB_vect_routine
                0x00000f6a                TIMER1_COMPB_vect_routine
                0x00000f6c                __vector_13
                0x00000fba                __TIMER1_OVF_vect_routine1
                0x00000fbc                TIMER1_OVF_vect_routine
                0x00000fbc                __TIMER1_OVF_vect_routine
                0x00000fbe                __vector_14
                0x0000100c                __TIMER0_COMP_vect_routine1
                0x0000100e                __TIMER0_COMP_vect_routine
                0x0000100e                TIMER0_COMP_vect_routine
                0x00001010                __vector_15
                0x0000105e                __TIMER0_OVF_vect_routine1
                0x00001060                __TIMER0_OVF_vect_routine
                0x00001060                TIMER0_OVF_vect_routine
                0x00001062                __vector_16
                0x000010b0                __SPI_STC_vect_routine1
                0x000010b2                SPI_STC_vect_routine
                0x000010b2                __SPI_STC_vect_routine
                0x000010b4                __vector_17
                0x00001102                __USART0_RX_vect_routine1
                0x00001104                __USART0_RX_vect_routine
                0x00001104                USART0_RX_vect_routine
                0x00001106                __vector_18
                0x00001154                __USART0_UDRE_vect_routine1
                0x00001154                USART0_UDRE_vect_routine1
                0x00001156                USART0_UDRE_vect_routine
                0x00001156                __USART0_UDRE_vect_routine
                0x00001158                __vector_19
                0x000011a6                __USART0_TX_vect_routine1
                0x000011a8                USART0_TX_vect_routine
                0x000011a8                __USART0_TX_vect_routine
                0x000011aa                __vector_20
                0x000011f8                __ADC_vect_routine1
                0x000011fa                ADC_vect_routine
                0x000011fa                __ADC_vect_routine
                0x000011fc                __vector_21
                0x0000124a                EE_READY_vect_routine1
                0x0000124a                __EE_READY_vect_routine1
                0x0000124c                EE_READY_vect_routine
                0x0000124c                __EE_READY_vect_routine
                0x0000124e                __vector_22
                0x0000129c                __ANALOG_COMP_vect_routine1
                0x0000129c                ANALOG_COMP_vect_routine1
                0x0000129e                ANALOG_COMP_vect_routine
                0x0000129e                __ANALOG_COMP_vect_routine
                0x000012a0                __vector_23
                0x000012ee                __TIMER1_COMPC_vect_routine1
                0x000012f0                __TIMER1_COMPC_vect_routine
                0x000012f0                TIMER1_COMPC_vect_routine
                0x000012f4                __vector_24
                0x00001342                TIMER3_CAPT_vect_routine1
                0x00001342                __TIMER3_CAPT_vect_routine1
                0x00001344                TIMER3_CAPT_vect_routine
                0x00001344                __TIMER3_CAPT_vect_routine
                0x00001346                __vector_25
                0x00001394                __TIMER3_COMPA_vect_routine1
                0x00001396                __TIMER3_COMPA_vect_routine
                0x0000139a                __vector_26
                0x000013e8                __TIMER3_COMPB_vect_routine1
                0x000013ea                __TIMER3_COMPB_vect_routine
                0x000013ea                TIMER3_COMPB_vect_routine
                0x000013ee                __vector_27
                0x0000143c                __TIMER3_COMPC_vect_routine1
                0x0000143e                __TIMER3_COMPC_vect_routine
                0x0000143e                TIMER3_COMPC_vect_routine
                0x00001442                __vector_28
                0x00001490                __TIMER3_OVF_vect_routine1
                0x00001492                __TIMER3_OVF_vect_routine
                0x00001492                TIMER3_OVF_vect_routine
                0x00001496                __vector_29
                0x000014e4                __USART1_RX_vect_routine1
                0x000014e6                USART1_RX_vect_routine
                0x000014e6                __USART1_RX_vect_routine
                0x000014ea                __vector_30
                0x00001538                USART1_UDRE_vect_routine1
                0x00001538                __USART1_UDRE_vect_routine1
                0x0000153a                __USART1_UDRE_vect_routine
                0x0000153a                USART1_UDRE_vect_routine
                0x0000153c                __vector_31
                0x0000158a                __USART1_TX_vect_routine1
                0x0000158c                __USART1_TX_vect_routine
                0x0000158c                USART1_TX_vect_routine
                0x00001590                __vector_32
                0x000015de                __TWI_vect_routine1
                0x000015e0                __TWI_vect_routine
                0x000015e0                TWI_vect_routine
                0x000015e4                __vector_33
                0x00001632                __SPM_READY_vect_routine1
                0x00001632                SPM_READY_vect_routine1
                0x00001634                SPM_READY_vect_routine
                0x00001634                __SPM_READY_vect_routine
                0x00001636                __vector_34
 .text          0x00001684       0x20 D:\c4m\robot\robot\libc4m.a(eeprom.o)
                0x00001684                EEPROM_set
                0x00001694                EEPROM_get
 .text          0x000016a4       0xb0 D:\c4m\robot\robot\libc4m.a(hardware_interrupt.o)
                0x000016a4                HWInt_step
                0x000016ec                HWInt_reg
                0x0000172e                HWInt_en
 .text          0x00001754       0x4e D:\c4m\robot\robot\libc4m.a(stdio.o)
                0x00001778                C4M_STDIO_init
 .text          0x000017a2      0x1d2 D:\c4m\robot\robot\libc4m.a(hal_time.o)
                0x000017a2                HAL_time_init
                0x000017b4                HAL_get_time
                0x000017e2                HAL_get_expired_time_us
                0x0000184c                HAL_get_expired_time_ms
                0x000018a0                HAL_timeout_test
                0x000018f0                HAL_delay
                0x0000194c                HAL_tick
 .text          0x00001974       0x80 D:\c4m\robot\robot\libc4m.a(asabus.o)
                0x00001974                ASABUS_ID_set
                0x0000198a                ASABUS_ID_init
                0x00001992                ASABUS_SPI_init
                0x000019ae                ASABUS_SPI_swap
                0x000019b8                ASABUS_UART_init
                0x000019d8                ASABUS_UART_transmit
                0x000019e6                ASABUS_UART_receive
                0x000019f4                . = ALIGN (0x2)
 *(.text.*)
 .text.arm      0x000019f4       0x1e main.o
                0x000019f4                arm
 .text.leg      0x00001a12       0x1a main.o
                0x00001a12                leg
 .text.main     0x00001a2c       0x5c main.o
                0x00001a2c                main
 .text.BasicTimer_Init
                0x00001a88       0x62 RC16M128_Lib.o
                0x00001a88                BasicTimer_Init
 .text.RC16M128_Servo_Init
                0x00001aea        0xc RC16M128_Lib.o
                0x00001aea                RC16M128_Servo_Init
 .text.RC16M128_Servo_set
                0x00001af6       0x48 RC16M128_Lib.o
                0x00001af6                RC16M128_Servo_set
 .text.ASA_RC16M128_set
                0x00001b3e        0x8 RC16M128_Lib.o
                0x00001b3e                ASA_RC16M128_set
 .text.TIMER3_COMPA_vect_routine
                0x00001b46      0x162 RC16M128_Lib.o
                0x00001b46                TIMER3_COMPA_vect_routine
 .text.libgcc.div
                0x00001ca8       0x44 c:/program files (x86)/atmel/studio/7.0/toolchain/avr8/avr8-gnu-toolchain/bin/../lib/gcc/avr/5.4.0/avr51\libgcc.a(_udivmodsi4.o)
                0x00001ca8                __udivmodsi4
 .text.avr-libc
                0x00001cec      0x3fa c:/program files (x86)/atmel/studio/7.0/toolchain/avr8/avr8-gnu-toolchain/bin/../lib/gcc/avr/5.4.0/../../../../avr/lib/avr51\libc.a(vfprintf_std.o)
                0x00001cec                vfprintf
 .text.avr-libc
                0x000020e6      0x592 c:/program files (x86)/atmel/studio/7.0/toolchain/avr8/avr8-gnu-toolchain/bin/../lib/gcc/avr/5.4.0/../../../../avr/lib/avr51\libc.a(vfscanf_std.o)
                0x0000244a                vfscanf
 .text.avr-libc
                0x00002678       0x10 c:/program files (x86)/atmel/studio/7.0/toolchain/avr8/avr8-gnu-toolchain/bin/../lib/gcc/avr/5.4.0/../../../../avr/lib/avr51\libc.a(isspace.o)
                0x00002678                isspace
 .text.avr-libc
                0x00002688       0x16 c:/program files (x86)/atmel/studio/7.0/toolchain/avr8/avr8-gnu-toolchain/bin/../lib/gcc/avr/5.4.0/../../../../avr/lib/avr51\libc.a(strchr_P.o)
                0x00002688                strchr_P
 .text.avr-libc
                0x0000269e       0x16 c:/program files (x86)/atmel/studio/7.0/toolchain/avr8/avr8-gnu-toolchain/bin/../lib/gcc/avr/5.4.0/../../../../avr/lib/avr51\libc.a(strnlen_P.o)
                0x0000269e                strnlen_P
 .text.avr-libc
                0x000026b4       0x16 c:/program files (x86)/atmel/studio/7.0/toolchain/avr8/avr8-gnu-toolchain/bin/../lib/gcc/avr/5.4.0/../../../../avr/lib/avr51\libc.a(strnlen.o)
                0x000026b4                strnlen
 .text.avr-libc
                0x000026ca       0x7c c:/program files (x86)/atmel/studio/7.0/toolchain/avr8/avr8-gnu-toolchain/bin/../lib/gcc/avr/5.4.0/../../../../avr/lib/avr51\libc.a(fgetc.o)
                0x000026ca                fgetc
 .text.avr-libc
                0x00002746       0x78 c:/program files (x86)/atmel/studio/7.0/toolchain/avr8/avr8-gnu-toolchain/bin/../lib/gcc/avr/5.4.0/../../../../avr/lib/avr51\libc.a(fputc.o)
                0x00002746                fputc
 .text.avr-libc
                0x000027be       0x32 c:/program files (x86)/atmel/studio/7.0/toolchain/avr8/avr8-gnu-toolchain/bin/../lib/gcc/avr/5.4.0/../../../../avr/lib/avr51\libc.a(ungetc.o)
                0x000027be                ungetc
 .text.avr-libc
                0x000027f0       0xbc c:/program files (x86)/atmel/studio/7.0/toolchain/avr8/avr8-gnu-toolchain/bin/../lib/gcc/avr/5.4.0/../../../../avr/lib/avr51\libc.a(ultoa_invert.o)
                0x000027f0                __ultoa_invert
 .text.avr-libc
                0x000028ac        0x6 c:/program files (x86)/atmel/studio/7.0/toolchain/avr8/avr8-gnu-toolchain/bin/../lib/gcc/avr/5.4.0/../../../../avr/lib/avr51\libc.a(cty_isfalse.o)
                0x000028ac                __ctype_isfalse
                0x000028b0                __ctype_istrue
 .text.avr-libc
                0x000028b2       0x20 c:/program files (x86)/atmel/studio/7.0/toolchain/avr8/avr8-gnu-toolchain/bin/../lib/gcc/avr/5.4.0/../../../../avr/lib/avr51\libatmega128.a(eerd_block.o)
                0x000028b2                eeprom_read_block
                0x000028b6                eeprom_read_blraw
 .text.avr-libc
                0x000028d2       0x12 c:/program files (x86)/atmel/studio/7.0/toolchain/avr8/avr8-gnu-toolchain/bin/../lib/gcc/avr/5.4.0/../../../../avr/lib/avr51\libatmega128.a(eewr_block.o)
                0x000028d2                eeprom_write_block
 .text.avr-libc
                0x000028e4       0x1a c:/program files (x86)/atmel/studio/7.0/toolchain/avr8/avr8-gnu-toolchain/bin/../lib/gcc/avr/5.4.0/../../../../avr/lib/avr51\libatmega128.a(eewr_byte.o)
                0x000028e4                eeprom_write_byte
                0x000028e6                eeprom_write_r18
                0x000028fe                . = ALIGN (0x2)
 *(.fini9)
 .fini9         0x000028fe        0x0 c:/program files (x86)/atmel/studio/7.0/toolchain/avr8/avr8-gnu-toolchain/bin/../lib/gcc/avr/5.4.0/avr51\libgcc.a(_exit.o)
                0x000028fe                _exit
                0x000028fe                exit
 *(.fini9)
 *(.fini8)
 *(.fini8)
 *(.fini7)
 *(.fini7)
 *(.fini6)
 *(.fini6)
 *(.fini5)
 *(.fini5)
 *(.fini4)
 *(.fini4)
 *(.fini3)
 *(.fini3)
 *(.fini2)
 *(.fini2)
 *(.fini1)
 *(.fini1)
 *(.fini0)
 .fini0         0x000028fe        0x4 c:/program files (x86)/atmel/studio/7.0/toolchain/avr8/avr8-gnu-toolchain/bin/../lib/gcc/avr/5.4.0/avr51\libgcc.a(_exit.o)
 *(.fini0)
                0x00002902                _etext = .

.data           0x00800100       0x6e load address 0x00002902
                0x00800100                PROVIDE (__data_start, .)
 *(.data)
 .data          0x00800100       0x20 D:\c4m\robot\robot\libc4m.a(hal_uart.o)
                0x00800100                UART1_Inst
                0x00800110                UART0_Inst
 .data          0x00800120       0x20 D:\c4m\robot\robot\libc4m.a(hal_spi.o)
                0x00800120                SPI_SlaveInst
                0x0080012b                SPI_MasterInst
 .data          0x00800140        0xe D:\c4m\robot\robot\libc4m.a(stdio.o)
 *(.data*)
 .data.original
                0x0080014e       0x10 main.o
                0x0080014e                original
 .data.ServoCommand
                0x0080015e       0x10 RC16M128_Lib.o
                0x0080015e                ServoCommand
 *(.gnu.linkonce.d*)
 *(.rodata)
 *(.rodata*)
 *(.gnu.linkonce.r*)
                0x0080016e                . = ALIGN (0x2)
                0x0080016e                _edata = .
                0x0080016e                PROVIDE (__data_end, .)

.bss            0x0080016e       0x9d
                0x0080016e                PROVIDE (__bss_start, .)
 *(.bss)
 .bss           0x0080016e        0x2 D:\c4m\robot\robot\libc4m.a(hal_uart.o)
 *(.bss*)
 .bss.offset_initial
                0x00800170       0x10 main.o
                0x00800170                offset_initial
 .bss.Initial   0x00800180       0x10 main.o
                0x00800180                Initial
 .bss.legmove   0x00800190       0x10 main.o
                0x00800190                legmove
 .bss.headmove  0x008001a0       0x10 main.o
                0x008001a0                headmove
 .bss.waistmove
                0x008001b0       0x10 main.o
                0x008001b0                waistmove
 .bss.armmove   0x008001c0       0x10 main.o
                0x008001c0                armmove
 .bss.ServoPeriodCount
                0x008001d0        0x2 RC16M128_Lib.o
                0x008001d0                ServoPeriodCount
 *(COMMON)
 COMMON         0x008001d2        0x1 D:\c4m\robot\robot\libc4m.a(device.o)
                0x008001d2                ASAConfigStr_inst
 COMMON         0x008001d3       0x10 D:\c4m\robot\robot\libc4m.a(ext_imp.o)
                0x008001d3                ExtIntStrList_p
 COMMON         0x008001e3        0x8 D:\c4m\robot\robot\libc4m.a(pwm_imp.o)
                0x008001e3                PwmIntStrList_p
 COMMON         0x008001eb        0x2 D:\c4m\robot\robot\libc4m.a(twi_imp.o)
                0x008001eb                TwiIntStrList_p
 COMMON         0x008001ed        0x8 D:\c4m\robot\robot\libc4m.a(uart_imp.o)
                0x008001ed                UartRxIntStrList_p
                0x008001f1                UartTxIntStrList_p
 COMMON         0x008001f5        0x2 D:\c4m\robot\robot\libc4m.a(spi_imp.o)
                0x008001f5                SpiIntStrList_p
 COMMON         0x008001f7        0x8 D:\c4m\robot\robot\libc4m.a(tim_imp.o)
                0x008001f7                TimIntStrList_p
 COMMON         0x008001ff        0x2 D:\c4m\robot\robot\libc4m.a(adc_imp.o)
                0x008001ff                AdcIntStrList_p
 COMMON         0x00800201        0x4 D:\c4m\robot\robot\libc4m.a(hal_time.o)
                0x00800201                HAL_time_global
 COMMON         0x00800205        0x6 c:/program files (x86)/atmel/studio/7.0/toolchain/avr8/avr8-gnu-toolchain/bin/../lib/gcc/avr/5.4.0/../../../../avr/lib/avr51\libc.a(iob.o)
                0x00800205                __iob
                0x0080020b                PROVIDE (__bss_end, .)
                0x00002902                __data_load_start = LOADADDR (.data)
                0x00002970                __data_load_end = (__data_load_start + SIZEOF (.data))

.noinit         0x0080020b        0x0
                [!provide]                PROVIDE (__noinit_start, .)
 *(.noinit*)
                [!provide]                PROVIDE (__noinit_end, .)
                0x0080020b                _end = .
                [!provide]                PROVIDE (__heap_start, .)

.eeprom         0x00810000        0x0
 *(.eeprom*)
                0x00810000                __eeprom_end = .

.fuse
 *(.fuse)
 *(.lfuse)
 *(.hfuse)
 *(.efuse)

.lock
 *(.lock*)

.signature
 *(.signature*)

.user_signatures
 *(.user_signatures*)

.stab
 *(.stab)

.stabstr
 *(.stabstr)

.stab.excl
 *(.stab.excl)

.stab.exclstr
 *(.stab.exclstr)

.stab.index
 *(.stab.index)

.stab.indexstr
 *(.stab.indexstr)

.comment        0x00000000       0x6d
 *(.comment)
 .comment       0x00000000       0x30 main.o
                                 0x31 (size before relaxing)
 .comment       0x00000030       0x31 RC16M128_Lib.o
 .comment       0x00000030       0x11 D:\c4m\robot\robot\libc4m.a(device.o)
                                 0x12 (size before relaxing)
 .comment       0x00000041       0x12 D:\c4m\robot\robot\libc4m.a(std_isr.o)
 .comment       0x00000041       0x12 D:\c4m\robot\robot\libc4m.a(hal_uart.o)
 .comment       0x00000041       0x12 D:\c4m\robot\robot\libc4m.a(hal_spi.o)
 .comment       0x00000041       0x12 D:\c4m\robot\robot\libc4m.a(tim.o)
 .comment       0x00000041       0x12 D:\c4m\robot\robot\libc4m.a(isr.o)
 .comment       0x00000041       0x12 D:\c4m\robot\robot\libc4m.a(eeprom.o)
 .comment       0x00000041       0x12 D:\c4m\robot\robot\libc4m.a(ext_imp.o)
 .comment       0x00000041       0x12 D:\c4m\robot\robot\libc4m.a(pwm_imp.o)
 .comment       0x00000041       0x12 D:\c4m\robot\robot\libc4m.a(twi_imp.o)
 .comment       0x00000041       0x12 D:\c4m\robot\robot\libc4m.a(uart_imp.o)
 .comment       0x00000041       0x12 D:\c4m\robot\robot\libc4m.a(spi_imp.o)
 .comment       0x00000041       0x12 D:\c4m\robot\robot\libc4m.a(tim_imp.o)
 .comment       0x00000041       0x12 D:\c4m\robot\robot\libc4m.a(adc_imp.o)
 .comment       0x00000041       0x12 D:\c4m\robot\robot\libc4m.a(hardware_interrupt.o)
 .comment       0x00000041       0x12 D:\c4m\robot\robot\libc4m.a(stdio.o)
 .comment       0x00000041       0x12 D:\c4m\robot\robot\libc4m.a(hal_time.o)
 .comment       0x00000041       0x12 D:\c4m\robot\robot\libc4m.a(asabus.o)
 .comment       0x00000041       0x31 c:/program files (x86)/atmel/studio/7.0/toolchain/avr8/avr8-gnu-toolchain/bin/../lib/gcc/avr/5.4.0/../../../../avr/lib/avr51\libc.a(iob.o)
 .comment       0x00000041       0x2c c:/program files (x86)/atmel/studio/7.0/toolchain/avr8/avr8-gnu-toolchain/bin/../lib/gcc/avr/5.4.0/../../../../avr/lib/avr51\libc.a(vfprintf_std.o)
                                 0x2d (size before relaxing)
 .comment       0x0000006d       0x2d c:/program files (x86)/atmel/studio/7.0/toolchain/avr8/avr8-gnu-toolchain/bin/../lib/gcc/avr/5.4.0/../../../../avr/lib/avr51\libc.a(vfscanf_std.o)
 .comment       0x0000006d       0x31 c:/program files (x86)/atmel/studio/7.0/toolchain/avr8/avr8-gnu-toolchain/bin/../lib/gcc/avr/5.4.0/../../../../avr/lib/avr51\libc.a(fgetc.o)
 .comment       0x0000006d       0x31 c:/program files (x86)/atmel/studio/7.0/toolchain/avr8/avr8-gnu-toolchain/bin/../lib/gcc/avr/5.4.0/../../../../avr/lib/avr51\libc.a(fputc.o)
 .comment       0x0000006d       0x31 c:/program files (x86)/atmel/studio/7.0/toolchain/avr8/avr8-gnu-toolchain/bin/../lib/gcc/avr/5.4.0/../../../../avr/lib/avr51\libc.a(ungetc.o)

.note.gnu.avr.deviceinfo
                0x00000000       0x3c
 .note.gnu.avr.deviceinfo
                0x00000000       0x3c c:/program files (x86)/atmel/studio/7.0/toolchain/avr8/avr8-gnu-toolchain/bin/../lib/gcc/avr/5.4.0/../../../../avr/lib/avr51/crtatmega128.o

.note.gnu.build-id
 *(.note.gnu.build-id)

.debug
 *(.debug)

.line
 *(.line)

.debug_srcinfo
 *(.debug_srcinfo)

.debug_sfnames
 *(.debug_sfnames)

.debug_aranges  0x00000000      0x2a8
 *(.debug_aranges)
 .debug_aranges
                0x00000000       0x50 main.o
 .debug_aranges
                0x00000050       0x50 RC16M128_Lib.o
 .debug_aranges
                0x000000a0       0x20 D:\c4m\robot\robot\libc4m.a(device.o)
 .debug_aranges
                0x000000c0       0x20 D:\c4m\robot\robot\libc4m.a(std_isr.o)
 .debug_aranges
                0x000000e0       0x20 D:\c4m\robot\robot\libc4m.a(hal_uart.o)
 .debug_aranges
                0x00000100       0x20 D:\c4m\robot\robot\libc4m.a(hal_spi.o)
 .debug_aranges
                0x00000120       0x20 D:\c4m\robot\robot\libc4m.a(tim.o)
 .debug_aranges
                0x00000140       0x20 D:\c4m\robot\robot\libc4m.a(isr.o)
 .debug_aranges
                0x00000160       0x20 D:\c4m\robot\robot\libc4m.a(eeprom.o)
 .debug_aranges
                0x00000180       0x18 D:\c4m\robot\robot\libc4m.a(ext_imp.o)
 .debug_aranges
                0x00000198       0x18 D:\c4m\robot\robot\libc4m.a(pwm_imp.o)
 .debug_aranges
                0x000001b0       0x18 D:\c4m\robot\robot\libc4m.a(twi_imp.o)
 .debug_aranges
                0x000001c8       0x18 D:\c4m\robot\robot\libc4m.a(uart_imp.o)
 .debug_aranges
                0x000001e0       0x18 D:\c4m\robot\robot\libc4m.a(spi_imp.o)
 .debug_aranges
                0x000001f8       0x18 D:\c4m\robot\robot\libc4m.a(tim_imp.o)
 .debug_aranges
                0x00000210       0x18 D:\c4m\robot\robot\libc4m.a(adc_imp.o)
 .debug_aranges
                0x00000228       0x20 D:\c4m\robot\robot\libc4m.a(hardware_interrupt.o)
 .debug_aranges
                0x00000248       0x20 D:\c4m\robot\robot\libc4m.a(stdio.o)
 .debug_aranges
                0x00000268       0x20 D:\c4m\robot\robot\libc4m.a(hal_time.o)
 .debug_aranges
                0x00000288       0x20 D:\c4m\robot\robot\libc4m.a(asabus.o)

.debug_pubnames
 *(.debug_pubnames)

.debug_info     0x00000000     0x573e
 *(.debug_info .gnu.linkonce.wi.*)
 .debug_info    0x00000000      0x780 c:/program files (x86)/atmel/studio/7.0/toolchain/avr8/avr8-gnu-toolchain/bin/../lib/gcc/avr/5.4.0/../../../../avr/lib/avr51/crtatmega128.o
 .debug_info    0x00000780      0xa59 main.o
 .debug_info    0x000011d9      0x4b2 RC16M128_Lib.o
 .debug_info    0x0000168b      0x4d1 D:\c4m\robot\robot\libc4m.a(device.o)
 .debug_info    0x00001b5c      0x876 D:\c4m\robot\robot\libc4m.a(std_isr.o)
 .debug_info    0x000023d2      0x7a7 D:\c4m\robot\robot\libc4m.a(hal_uart.o)
 .debug_info    0x00002b79      0x7fc D:\c4m\robot\robot\libc4m.a(hal_spi.o)
 .debug_info    0x00003375      0x287 D:\c4m\robot\robot\libc4m.a(tim.o)
 .debug_info    0x000035fc      0xaa6 D:\c4m\robot\robot\libc4m.a(isr.o)
 .debug_info    0x000040a2      0x16d D:\c4m\robot\robot\libc4m.a(eeprom.o)
 .debug_info    0x0000420f      0x14a D:\c4m\robot\robot\libc4m.a(ext_imp.o)
 .debug_info    0x00004359      0x14a D:\c4m\robot\robot\libc4m.a(pwm_imp.o)
 .debug_info    0x000044a3      0x14a D:\c4m\robot\robot\libc4m.a(twi_imp.o)
 .debug_info    0x000045ed      0x166 D:\c4m\robot\robot\libc4m.a(uart_imp.o)
 .debug_info    0x00004753      0x14a D:\c4m\robot\robot\libc4m.a(spi_imp.o)
 .debug_info    0x0000489d      0x14a D:\c4m\robot\robot\libc4m.a(tim_imp.o)
 .debug_info    0x000049e7      0x14a D:\c4m\robot\robot\libc4m.a(adc_imp.o)
 .debug_info    0x00004b31      0x353 D:\c4m\robot\robot\libc4m.a(hardware_interrupt.o)
 .debug_info    0x00004e84      0x246 D:\c4m\robot\robot\libc4m.a(stdio.o)
 .debug_info    0x000050ca      0x234 D:\c4m\robot\robot\libc4m.a(hal_time.o)
 .debug_info    0x000052fe      0x440 D:\c4m\robot\robot\libc4m.a(asabus.o)

.debug_abbrev   0x00000000     0x217a
 *(.debug_abbrev)
 .debug_abbrev  0x00000000      0x718 c:/program files (x86)/atmel/studio/7.0/toolchain/avr8/avr8-gnu-toolchain/bin/../lib/gcc/avr/5.4.0/../../../../avr/lib/avr51/crtatmega128.o
 .debug_abbrev  0x00000718      0x2e8 main.o
 .debug_abbrev  0x00000a00      0x1bb RC16M128_Lib.o
 .debug_abbrev  0x00000bbb      0x174 D:\c4m\robot\robot\libc4m.a(device.o)
 .debug_abbrev  0x00000d2f      0x19e D:\c4m\robot\robot\libc4m.a(std_isr.o)
 .debug_abbrev  0x00000ecd      0x2e0 D:\c4m\robot\robot\libc4m.a(hal_uart.o)
 .debug_abbrev  0x000011ad      0x22e D:\c4m\robot\robot\libc4m.a(hal_spi.o)
 .debug_abbrev  0x000013db      0x13a D:\c4m\robot\robot\libc4m.a(tim.o)
 .debug_abbrev  0x00001515       0xea D:\c4m\robot\robot\libc4m.a(isr.o)
 .debug_abbrev  0x000015ff       0x9e D:\c4m\robot\robot\libc4m.a(eeprom.o)
 .debug_abbrev  0x0000169d       0xb0 D:\c4m\robot\robot\libc4m.a(ext_imp.o)
 .debug_abbrev  0x0000174d       0xb0 D:\c4m\robot\robot\libc4m.a(pwm_imp.o)
 .debug_abbrev  0x000017fd       0xb0 D:\c4m\robot\robot\libc4m.a(twi_imp.o)
 .debug_abbrev  0x000018ad       0xb0 D:\c4m\robot\robot\libc4m.a(uart_imp.o)
 .debug_abbrev  0x0000195d       0xb0 D:\c4m\robot\robot\libc4m.a(spi_imp.o)
 .debug_abbrev  0x00001a0d       0xb0 D:\c4m\robot\robot\libc4m.a(tim_imp.o)
 .debug_abbrev  0x00001abd       0xb0 D:\c4m\robot\robot\libc4m.a(adc_imp.o)
 .debug_abbrev  0x00001b6d      0x1a3 D:\c4m\robot\robot\libc4m.a(hardware_interrupt.o)
 .debug_abbrev  0x00001d10      0x1a7 D:\c4m\robot\robot\libc4m.a(stdio.o)
 .debug_abbrev  0x00001eb7      0x160 D:\c4m\robot\robot\libc4m.a(hal_time.o)
 .debug_abbrev  0x00002017      0x163 D:\c4m\robot\robot\libc4m.a(asabus.o)

.debug_line     0x00000000     0x3cdd
 *(.debug_line .debug_line.* .debug_line_end)
 .debug_line    0x00000000       0x1a c:/program files (x86)/atmel/studio/7.0/toolchain/avr8/avr8-gnu-toolchain/bin/../lib/gcc/avr/5.4.0/../../../../avr/lib/avr51/crtatmega128.o
 .debug_line    0x0000001a      0x2fa main.o
 .debug_line    0x00000314      0x3ac RC16M128_Lib.o
 .debug_line    0x000006c0      0x142 D:\c4m\robot\robot\libc4m.a(device.o)
 .debug_line    0x00000802      0x721 D:\c4m\robot\robot\libc4m.a(std_isr.o)
 .debug_line    0x00000f23      0x9be D:\c4m\robot\robot\libc4m.a(hal_uart.o)
 .debug_line    0x000018e1      0x83d D:\c4m\robot\robot\libc4m.a(hal_spi.o)
 .debug_line    0x0000211e      0x511 D:\c4m\robot\robot\libc4m.a(tim.o)
 .debug_line    0x0000262f      0x5eb D:\c4m\robot\robot\libc4m.a(isr.o)
 .debug_line    0x00002c1a      0x103 D:\c4m\robot\robot\libc4m.a(eeprom.o)
 .debug_line    0x00002d1d       0xe5 D:\c4m\robot\robot\libc4m.a(ext_imp.o)
 .debug_line    0x00002e02       0xe5 D:\c4m\robot\robot\libc4m.a(pwm_imp.o)
 .debug_line    0x00002ee7       0xe5 D:\c4m\robot\robot\libc4m.a(twi_imp.o)
 .debug_line    0x00002fcc       0xe7 D:\c4m\robot\robot\libc4m.a(uart_imp.o)
 .debug_line    0x000030b3       0xe5 D:\c4m\robot\robot\libc4m.a(spi_imp.o)
 .debug_line    0x00003198       0xe5 D:\c4m\robot\robot\libc4m.a(tim_imp.o)
 .debug_line    0x0000327d       0xe5 D:\c4m\robot\robot\libc4m.a(adc_imp.o)
 .debug_line    0x00003362      0x2ca D:\c4m\robot\robot\libc4m.a(hardware_interrupt.o)
 .debug_line    0x0000362c      0x1b8 D:\c4m\robot\robot\libc4m.a(stdio.o)
 .debug_line    0x000037e4      0x25b D:\c4m\robot\robot\libc4m.a(hal_time.o)
 .debug_line    0x00003a3f      0x29e D:\c4m\robot\robot\libc4m.a(asabus.o)

.debug_frame    0x00000000     0x1958
 *(.debug_frame)
 .debug_frame   0x00000000       0xf8 main.o
 .debug_frame   0x000000f8       0xbc RC16M128_Lib.o
 .debug_frame   0x000001b4       0x24 D:\c4m\robot\robot\libc4m.a(device.o)
 .debug_frame   0x000001d8      0x1d4 D:\c4m\robot\robot\libc4m.a(std_isr.o)
 .debug_frame   0x000003ac      0x16c D:\c4m\robot\robot\libc4m.a(hal_uart.o)
 .debug_frame   0x00000518      0x170 D:\c4m\robot\robot\libc4m.a(hal_spi.o)
 .debug_frame   0x00000688       0x54 D:\c4m\robot\robot\libc4m.a(tim.o)
 .debug_frame   0x000006dc     0x1014 D:\c4m\robot\robot\libc4m.a(isr.o)
 .debug_frame   0x000016f0       0x34 D:\c4m\robot\robot\libc4m.a(eeprom.o)
 .debug_frame   0x00001724       0x64 D:\c4m\robot\robot\libc4m.a(hardware_interrupt.o)
 .debug_frame   0x00001788       0x4c D:\c4m\robot\robot\libc4m.a(stdio.o)
 .debug_frame   0x000017d4      0x100 D:\c4m\robot\robot\libc4m.a(hal_time.o)
 .debug_frame   0x000018d4       0x84 D:\c4m\robot\robot\libc4m.a(asabus.o)

.debug_str      0x00000000     0x19bc
 *(.debug_str)
 .debug_str     0x00000000      0x27d c:/program files (x86)/atmel/studio/7.0/toolchain/avr8/avr8-gnu-toolchain/bin/../lib/gcc/avr/5.4.0/../../../../avr/lib/avr51/crtatmega128.o
 .debug_str     0x0000027d      0x4f4 main.o
                                0x63d (size before relaxing)
 .debug_str     0x00000771      0x130 RC16M128_Lib.o
                                0x33b (size before relaxing)
 .debug_str     0x000008a1      0x1f3 D:\c4m\robot\robot\libc4m.a(device.o)
                                0x2dc (size before relaxing)
 .debug_str     0x00000a94      0x12c D:\c4m\robot\robot\libc4m.a(std_isr.o)
                                0x5b9 (size before relaxing)
 .debug_str     0x00000bc0      0x168 D:\c4m\robot\robot\libc4m.a(hal_uart.o)
                                0x338 (size before relaxing)
 .debug_str     0x00000d28      0x139 D:\c4m\robot\robot\libc4m.a(hal_spi.o)
                                0x3eb (size before relaxing)
 .debug_str     0x00000e61       0x26 D:\c4m\robot\robot\libc4m.a(tim.o)
                                0x17e (size before relaxing)
 .debug_str     0x00000e87      0x84e D:\c4m\robot\robot\libc4m.a(isr.o)
                                0x972 (size before relaxing)
 .debug_str     0x000016d5       0x45 D:\c4m\robot\robot\libc4m.a(eeprom.o)
                                0x18e (size before relaxing)
 .debug_str     0x0000171a       0x3a D:\c4m\robot\robot\libc4m.a(ext_imp.o)
                                0x192 (size before relaxing)
 .debug_str     0x00001754        0xe D:\c4m\robot\robot\libc4m.a(pwm_imp.o)
                                0x192 (size before relaxing)
 .debug_str     0x00001762        0xe D:\c4m\robot\robot\libc4m.a(twi_imp.o)
                                0x192 (size before relaxing)
 .debug_str     0x00001770        0xf D:\c4m\robot\robot\libc4m.a(uart_imp.o)
                                0x1a9 (size before relaxing)
 .debug_str     0x0000177f        0xe D:\c4m\robot\robot\libc4m.a(spi_imp.o)
                                0x192 (size before relaxing)
 .debug_str     0x0000178d        0xe D:\c4m\robot\robot\libc4m.a(tim_imp.o)
                                0x192 (size before relaxing)
 .debug_str     0x0000179b        0xe D:\c4m\robot\robot\libc4m.a(adc_imp.o)
                                0x192 (size before relaxing)
 .debug_str     0x000017a9       0x52 D:\c4m\robot\robot\libc4m.a(hardware_interrupt.o)
                                0x1fa (size before relaxing)
 .debug_str     0x000017fb       0x76 D:\c4m\robot\robot\libc4m.a(stdio.o)
                                0x1b0 (size before relaxing)
 .debug_str     0x00001871       0xb7 D:\c4m\robot\robot\libc4m.a(hal_time.o)
                                0x208 (size before relaxing)
 .debug_str     0x00001928       0x94 D:\c4m\robot\robot\libc4m.a(asabus.o)
                                0x2dc (size before relaxing)

.debug_loc      0x00000000     0x394a
 *(.debug_loc)
 .debug_loc     0x00000000      0x426 main.o
 .debug_loc     0x00000426      0x410 RC16M128_Lib.o
 .debug_loc     0x00000836      0x89c D:\c4m\robot\robot\libc4m.a(hal_uart.o)
 .debug_loc     0x000010d2      0x4ad D:\c4m\robot\robot\libc4m.a(hal_spi.o)
 .debug_loc     0x0000157f      0x247 D:\c4m\robot\robot\libc4m.a(tim.o)
 .debug_loc     0x000017c6     0x1af6 D:\c4m\robot\robot\libc4m.a(isr.o)
 .debug_loc     0x000032bc      0x130 D:\c4m\robot\robot\libc4m.a(eeprom.o)
 .debug_loc     0x000033ec      0x1be D:\c4m\robot\robot\libc4m.a(hardware_interrupt.o)
 .debug_loc     0x000035aa       0xc0 D:\c4m\robot\robot\libc4m.a(stdio.o)
 .debug_loc     0x0000366a      0x283 D:\c4m\robot\robot\libc4m.a(hal_time.o)
 .debug_loc     0x000038ed       0x5d D:\c4m\robot\robot\libc4m.a(asabus.o)

.debug_macinfo
 *(.debug_macinfo)

.debug_weaknames
 *(.debug_weaknames)

.debug_funcnames
 *(.debug_funcnames)

.debug_typenames
 *(.debug_typenames)

.debug_varnames
 *(.debug_varnames)

.debug_pubtypes
 *(.debug_pubtypes)

.debug_ranges   0x00000000      0x1c8
 *(.debug_ranges)
 .debug_ranges  0x00000000       0x40 main.o
 .debug_ranges  0x00000040       0x40 RC16M128_Lib.o
 .debug_ranges  0x00000080       0xd0 D:\c4m\robot\robot\libc4m.a(hal_uart.o)
 .debug_ranges  0x00000150       0x48 D:\c4m\robot\robot\libc4m.a(hal_spi.o)
 .debug_ranges  0x00000198       0x18 D:\c4m\robot\robot\libc4m.a(tim.o)
 .debug_ranges  0x000001b0       0x18 D:\c4m\robot\robot\libc4m.a(hardware_interrupt.o)

.debug_macro
 *(.debug_macro)
OUTPUT(robot.elf elf32-avr)
LOAD linker stubs
